Component: ARM Compiler 5.06 update 5 (build 528) Tool: armlink [4d35e2]

==============================================================================

Section Cross References

    startup_stm32f103xe.o(RESET) refers to startup_stm32f103xe.o(STACK) for __initial_sp
    startup_stm32f103xe.o(RESET) refers to startup_stm32f103xe.o(.text) for Reset_Handler
    startup_stm32f103xe.o(RESET) refers to stm32f1xx_it.o(i.NMI_Handler) for NMI_Handler
    startup_stm32f103xe.o(RESET) refers to stm32f1xx_it.o(i.HardFault_Handler) for HardFault_Handler
    startup_stm32f103xe.o(RESET) refers to stm32f1xx_it.o(i.MemManage_Handler) for MemManage_Handler
    startup_stm32f103xe.o(RESET) refers to stm32f1xx_it.o(i.BusFault_Handler) for BusFault_Handler
    startup_stm32f103xe.o(RESET) refers to stm32f1xx_it.o(i.UsageFault_Handler) for UsageFault_Handler
    startup_stm32f103xe.o(RESET) refers to port.o(.emb_text) for SVC_Handler
    startup_stm32f103xe.o(RESET) refers to stm32f1xx_it.o(i.DebugMon_Handler) for DebugMon_Handler
    startup_stm32f103xe.o(RESET) refers to port.o(i.SysTick_Handler) for SysTick_Handler
    startup_stm32f103xe.o(RESET) refers to stm32f1xx_it.o(i.ADC1_2_IRQHandler) for ADC1_2_IRQHandler
    startup_stm32f103xe.o(RESET) refers to stm32f1xx_it.o(i.USB_LP_CAN1_RX0_IRQHandler) for USB_LP_CAN1_RX0_IRQHandler
    startup_stm32f103xe.o(RESET) refers to stm32f1xx_it.o(i.TIM1_UP_IRQHandler) for TIM1_UP_IRQHandler
    startup_stm32f103xe.o(RESET) refers to stm32f1xx_it.o(i.SPI1_IRQHandler) for SPI1_IRQHandler
    startup_stm32f103xe.o(RESET) refers to stm32f1xx_it.o(i.USART1_IRQHandler) for USART1_IRQHandler
    startup_stm32f103xe.o(RESET) refers to stm32f1xx_it.o(i.USART3_IRQHandler) for USART3_IRQHandler
    startup_stm32f103xe.o(RESET) refers to stm32f1xx_it.o(i.ADC3_IRQHandler) for ADC3_IRQHandler
    startup_stm32f103xe.o(RESET) refers to stm32f1xx_it.o(i.TIM6_IRQHandler) for TIM6_IRQHandler
    startup_stm32f103xe.o(.text) refers to system_stm32f1xx.o(i.SystemInit) for SystemInit
    startup_stm32f103xe.o(.text) refers to entry.o(.ARM.Collect$$$$00000000) for __main
    main.o(i.HAL_TIM_PeriodElapsedCallback) refers to stm32f1xx_hal.o(i.HAL_IncTick) for HAL_IncTick
    main.o(i.HAL_TIM_PeriodElapsedCallback) refers to stm32f1xx_hal_gpio.o(i.HAL_GPIO_ReadPin) for HAL_GPIO_ReadPin
    main.o(i.HAL_TIM_PeriodElapsedCallback) refers to tim.o(.bss) for htim6
    main.o(i.HAL_TIM_PeriodElapsedCallback) refers to main.o(.bss) for key
    main.o(i.HAL_TIM_PeriodElapsedCallback) refers to main.o(.data) for long_time
    main.o(i.SystemClock_Config) refers to memseta.o(.text) for __aeabi_memclr4
    main.o(i.SystemClock_Config) refers to stm32f1xx_hal_rcc.o(i.HAL_RCC_OscConfig) for HAL_RCC_OscConfig
    main.o(i.SystemClock_Config) refers to main.o(i.Error_Handler) for Error_Handler
    main.o(i.SystemClock_Config) refers to stm32f1xx_hal_rcc.o(i.HAL_RCC_ClockConfig) for HAL_RCC_ClockConfig
    main.o(i.SystemClock_Config) refers to stm32f1xx_hal_rcc_ex.o(i.HAL_RCCEx_PeriphCLKConfig) for HAL_RCCEx_PeriphCLKConfig
    main.o(i.main) refers to stm32f1xx_hal.o(i.HAL_Init) for HAL_Init
    main.o(i.main) refers to main.o(i.SystemClock_Config) for SystemClock_Config
    main.o(i.main) refers to gpio.o(i.MX_GPIO_Init) for MX_GPIO_Init
    main.o(i.main) refers to can.o(i.MX_CAN_Init) for MX_CAN_Init
    main.o(i.main) refers to usart.o(i.MX_USART1_UART_Init) for MX_USART1_UART_Init
    main.o(i.main) refers to usart.o(i.MX_USART3_UART_Init) for MX_USART3_UART_Init
    main.o(i.main) refers to spi.o(i.MX_SPI1_Init) for MX_SPI1_Init
    main.o(i.main) refers to tim.o(i.MX_TIM6_Init) for MX_TIM6_Init
    main.o(i.main) refers to fsmc.o(i.MX_FSMC_Init) for MX_FSMC_Init
    main.o(i.main) refers to adc.o(i.MX_ADC1_Init) for MX_ADC1_Init
    main.o(i.main) refers to adc.o(i.MX_ADC3_Init) for MX_ADC3_Init
    main.o(i.main) refers to stm32f1xx_hal_adc_ex.o(i.HAL_ADCEx_Calibration_Start) for HAL_ADCEx_Calibration_Start
    main.o(i.main) refers to freertos.o(i.MX_FREERTOS_Init) for MX_FREERTOS_Init
    main.o(i.main) refers to cmsis_os.o(i.osKernelStart) for osKernelStart
    main.o(i.main) refers to adc.o(.bss) for hadc1
    gpio.o(i.MX_GPIO_Init) refers to stm32f1xx_hal_gpio.o(i.HAL_GPIO_WritePin) for HAL_GPIO_WritePin
    gpio.o(i.MX_GPIO_Init) refers to stm32f1xx_hal_gpio.o(i.HAL_GPIO_Init) for HAL_GPIO_Init
    freertos.o(i.MX_FREERTOS_Init) refers to memcpya.o(.text) for __aeabi_memcpy4
    freertos.o(i.MX_FREERTOS_Init) refers to cmsis_os.o(i.osThreadCreate) for osThreadCreate
    freertos.o(i.MX_FREERTOS_Init) refers to freertos.o(.constdata) for .constdata
    freertos.o(i.MX_FREERTOS_Init) refers to freertos.o(.data) for defaultTaskHandle
    freertos.o(i.MoveTask) refers to pid.o(i.PID_struct_init) for PID_struct_init
    freertos.o(i.MoveTask) refers to fflti.o(.text) for __aeabi_i2f
    freertos.o(i.MoveTask) refers to pid.o(i.pid_calc) for pid_calc
[...]
    __main                                   0x08000131   Thumb Code     0  entry.o(.ARM.Collect$$$$00000000)
    _main_stk                                0x08000131   Thumb Code     0  entry2.o(.ARM.Collect$$$$00000001)
    _main_scatterload                        0x08000135   Thumb Code     0  entry5.o(.ARM.Collect$$$$00000004)
    __main_after_scatterload                 0x08000139   Thumb Code     0  entry5.o(.ARM.Collect$$$$00000004)
    _main_clock                              0x08000139   Thumb Code     0  entry7b.o(.ARM.Collect$$$$00000008)
    _main_cpp_init                           0x08000139   Thumb Code     0  entry8b.o(.ARM.Collect$$$$0000000A)
    _main_init                               0x08000139   Thumb Code     0  entry9a.o(.ARM.Collect$$$$0000000B)
    __rt_final_cpp                           0x08000141   Thumb Code     0  entry10a.o(.ARM.Collect$$$$0000000D)
    __rt_final_exit                          0x08000141   Thumb Code     0  entry11a.o(.ARM.Collect$$$$0000000F)
    SVC_Handler                              0x08000145   Thumb Code    32  port.o(.emb_text)
    __asm___6_port_c_39a90d8d__prvStartFirstTask 0x08000169   Thumb Code    28  port.o(.emb_text)
    PendSV_Handler                           0x08000189   Thumb Code    72  port.o(.emb_text)
    vPortGetIPSR                             0x080001d5   Thumb Code     6  port.o(.emb_text)
    Reset_Handler                            0x080001dd   Thumb Code     8  startup_stm32f103xe.o(.text)
    CAN1_RX1_IRQHandler                      0x080001f7   Thumb Code     0  startup_stm32f103xe.o(.text)
    CAN1_SCE_IRQHandler                      0x080001f7   Thumb Code     0  startup_stm32f103xe.o(.text)
    DMA1_Channel1_IRQHandler                 0x080001f7   Thumb Code     0  startup_stm32f103xe.o(.text)
    DMA1_Channel2_IRQHandler                 0x080001f7   Thumb Code     0  startup_stm32f103xe.o(.text)
    DMA1_Channel3_IRQHandler                 0x080001f7   Thumb Code     0  startup_stm32f103xe.o(.text)
    DMA1_Channel4_IRQHandler                 0x080001f7   Thumb Code     0  startup_stm32f103xe.o(.text)
    DMA1_Channel5_IRQHandler                 0x080001f7   Thumb Code     0  startup_stm32f103xe.o(.text)
    DMA1_Channel6_IRQHandler                 0x080001f7   Thumb Code     0  startup_stm32f103xe.o(.text)
    DMA1_Channel7_IRQHandler                 0x080001f7   Thumb Code     0  startup_stm32f103xe.o(.text)
    DMA2_Channel1_IRQHandler                 0x080001f7   Thumb Code     0  startup_stm32f103xe.o(.text)
    DMA2_Channel2_IRQHandler                 0x080001f7   Thumb Code     0  startup_stm32f103xe.o(.text)
    DMA2_Channel3_IRQHandler                 0x080001f7   Thumb Code     0  startup_stm32f103xe.o(.text)
    DMA2_Channel4_5_IRQHandler               0x080001f7   Thumb Code     0  startup_stm32f103xe.o(.text)
    EXTI0_IRQHandler                         0x080001f7   Thumb Code     0  startup_stm32f103xe.o(.text)
    EXTI15_10_IRQHandler                     0x080001f7   Thumb Code     0  startup_stm32f103xe.o(.text)
    EXTI1_IRQHandler                         0x080001f7   Thumb Code     0  startup_stm32f103xe.o(.text)
    EXTI2_IRQHandler                         0x080001f7   Thumb Code     0  startup_stm32f103xe.o(.text)
    EXTI3_IRQHandler                         0x080001f7   Thumb Code     0  startup_stm32f103xe.o(.text)
    EXTI4_IRQHandler                         0x080001f7   Thumb Code     0  startup_stm32f103xe.o(.text)
    EXTI9_5_IRQHandler                       0x080001f7   Thumb Code     0  startup_stm32f103xe.o(.text)
    FLASH_IRQHandler                         0x080001f7   Thumb Code     0  startup_stm32f103xe.o(.text)
    FSMC_IRQHandler                          0x080001f7   Thumb Code     0  startup_stm32f103xe.o(.text)
    I2C1_ER_IRQHandler                       0x080001f7   Thumb Code     0  startup_stm32f103xe.o(.text)
    I2C1_EV_IRQHandler                       0x080001f7   Thumb Code     0  startup_stm32f103xe.o(.text)
    I2C2_ER_IRQHandler                       0x080001f7   Thumb Code     0  startup_stm32f103xe.o(.text)
    I2C2_EV_IRQHandler                       0x080001f7   Thumb Code     0  startup_stm32f103xe.o(.text)
    PVD_IRQHandler                           0x080001f7   Thumb Code     0  startup_stm32f103xe.o(.text)
    RCC_IRQHandler                           0x080001f7   Thumb Code     0  startup_stm32f103xe.o(.text)
    RTC_Alarm_IRQHandler                     0x080001f7   Thumb Code     0  startup_stm32f103xe.o(.text)
    RTC_IRQHandler                           0x080001f7   Thumb Code     0  startup_stm32f103xe.o(.text)
    SDIO_IRQHandler                          0x080001f7   Thumb Code     0  startup_stm32f103xe.o(.text)
    SPI2_IRQHandler                          0x080001f7   Thumb Code     0  startup_stm32f103xe.o(.text)
    SPI3_IRQHandler                          0x080001f7   Thumb Code     0  startup_stm32f103xe.o(.text)
    TAMPER_IRQHandler                        0x080001f7   Thumb Code     0  startup_stm32f103xe.o(.text)
    TIM1_BRK_IRQHandler                      0x080001f7   Thumb Code     0  startup_stm32f103xe.o(.text)
    TIM1_CC_IRQHandler                       0x080001f7   Thumb Code     0  startup_stm32f103xe.o(.text)
    TIM1_TRG_COM_IRQHandler                  0x080001f7   Thumb Code     0  startup_stm32f103xe.o(.text)
    TIM2_IRQHandler                          0x080001f7   Thumb Code     0  startup_stm32f103xe.o(.text)
    TIM3_IRQHandler                          0x080001f7   Thumb Code     0  startup_stm32f103xe.o(.text)
    TIM4_IRQHandler                          0x080001f7   Thumb Code     0  startup_stm32f103xe.o(.text)
    TIM5_IRQHandler                          0x080001f7   Thumb Code     0  startup_stm32f103xe.o(.text)
    TIM7_IRQHandler                          0x080001f7   Thumb Code     0  startup_stm32f103xe.o(.text)
    TIM8_BRK_IRQHandler                      0x080001f7   Thumb Code     0  startup_stm32f103xe.o(.text)
    TIM8_CC_IRQHandler                       0x080001f7   Thumb Code     0  startup_stm32f103xe.o(.text)
    TIM8_TRG_COM_IRQHandler                  0x080001f7   Thumb Code     0  startup_stm32f103xe.o(.text)
    TIM8_UP_IRQHandler                       0x080001f7   Thumb Code     0  startup_stm32f103xe.o(.text)
    UART4_IRQHandler                         0x080001f7   Thumb Code     0  startup_stm32f103xe.o(.text)
    UART5_IRQHandler                         0x080001f7   Thumb Code     0  startup_stm32f103xe.o(.text)
    USART2_IRQHandler                        0x080001f7   Thumb Code     0  startup_stm32f103xe.o(.text)
    USBWakeUp_IRQHandler                     0x080001f7   Thumb Code     0  startup_stm32f103xe.o(.text)
    USB_HP_CAN1_TX_IRQHandler                0x080001f7   Thumb Code     0  startup_stm32f103xe.o(.text)
    WWDG_IRQHandler                          0x080001f7   Thumb Code     0  startup_stm32f103xe.o(.text)
    __aeabi_llsr                             0x08000201   Thumb Code    32  llushr.o(.text)
    _ll_ushift_r                             0x08000201   Thumb Code     0  llushr.o(.text)
    __aeabi_memcpy                           0x08000221   Thumb Code    36  memcpya.o(.text)
    __aeabi_memcpy4                          0x08000221   Thumb Code     0  memcpya.o(.text)
    __aeabi_memcpy8                          0x08000221   Thumb Code     0  memcpya.o(.text)
    __aeabi_memset                           0x08000245   Thumb Code    14  memseta.o(.text)
    __aeabi_memset4                          0x08000245   Thumb Code     0  memseta.o(.text)
    __aeabi_memset8                          0x08000245   Thumb Code     0  memseta.o(.text)
    __aeabi_memclr                           0x08000253   Thumb Code     4  memseta.o(.text)
    __aeabi_memclr4                          0x08000253   Thumb Code     0  memseta.o(.text)
    __aeabi_memclr8                          0x08000253   Thumb Code     0  memseta.o(.text)
    memset                                   0x08000257   Thumb Code    18  memseta.o(.text)
    __aeabi_fadd                             0x08000269   Thumb Code   164  fadd.o(.text)
    __aeabi_fsub                             0x0800030d   Thumb Code     6  fadd.o(.text)
    __aeabi_frsub                            0x08000313   Thumb Code     6  fadd.o(.text)
    __aeabi_fmul                             0x08000319   Thumb Code   100  fmul.o(.text)
    __aeabi_fdiv                             0x0800037d   Thumb Code   124  fdiv.o(.text)
    __aeabi_dadd                             0x080003f9   Thumb Code   322  dadd.o(.text)
    __aeabi_dsub                             0x0800053b   Thumb Code     6  dadd.o(.text)
    __aeabi_drsub                            0x08000541   Thumb Code     6  dadd.o(.text)
    __aeabi_dmul                             0x08000547   Thumb Code   228  dmul.o(.text)
    __aeabi_i2f                              0x0800062b   Thumb Code    18  fflti.o(.text)
    __aeabi_ui2f                             0x0800063d   Thumb Code    10  ffltui.o(.text)
    __aeabi_ui2d                             0x08000647   Thumb Code    26  dfltui.o(.text)
    __aeabi_f2iz                             0x08000661   Thumb Code    50  ffixi.o(.text)
    __aeabi_d2uiz                            0x08000693   Thumb Code    50  dfixui.o(.text)
    __aeabi_f2d                              0x080006c5   Thumb Code    38  f2d.o(.text)
    __aeabi_cdcmpeq                          0x080006ed   Thumb Code     0  cdcmple.o(.text)
    __aeabi_cdcmple                          0x080006ed   Thumb Code    48  cdcmple.o(.text)
    __aeabi_cdrcmple                         0x0800071d   Thumb Code    48  cdrcmple.o(.text)
    __aeabi_d2f                              0x0800074d   Thumb Code    56  d2f.o(.text)
    __aeabi_cfcmpeq                          0x08000785   Thumb Code     0  cfcmple.o(.text)
    __aeabi_cfcmple                          0x08000785   Thumb Code    20  cfcmple.o(.text)
    __aeabi_cfrcmple                         0x08000799   Thumb Code    20  cfrcmple.o(.text)
    __aeabi_uidiv                            0x080007ad   Thumb Code     0  uidiv.o(.text)
    __aeabi_uidivmod                         0x080007ad   Thumb Code    44  uidiv.o(.text)
    __aeabi_uldivmod                         0x080007d9   Thumb Code    98  uldiv.o(.text)
    __aeabi_llsl                             0x0800083b   Thumb Code    30  llshl.o(.text)
    _ll_shift_l                              0x0800083b   Thumb Code     0  llshl.o(.text)
    __aeabi_lasr                             0x08000859   Thumb Code    36  llsshr.o(.text)
    _ll_sshift_r                             0x08000859   Thumb Code     0  llsshr.o(.text)
    __I$use$fp                               0x0800087d   Thumb Code     0  iusefp.o(.text)
    _float_round                             0x0800087d   Thumb Code    18  fepilogue.o(.text)
    _float_epilogue                          0x0800088f   Thumb Code    92  fepilogue.o(.text)
    _double_round                            0x080008eb   Thumb Code    30  depilogue.o(.text)
    _double_epilogue                         0x08000909   Thumb Code   156  depilogue.o(.text)
    __aeabi_ddiv                             0x080009a5   Thumb Code   222  ddiv.o(.text)
    __ARM_scalbn                             0x08000a83   Thumb Code    46  dscalb.o(.text)
    scalbn                                   0x08000a83   Thumb Code     0  dscalb.o(.text)
    __aeabi_i2d                              0x08000ab1   Thumb Code    34  dflti.o(.text)
    __aeabi_d2ulz                            0x08000ad3   Thumb Code    48  dfixul.o(.text)
    __scatterload                            0x08000b05   Thumb Code    28  init.o(.text)
    __scatterload_rt2                        0x08000b05   Thumb Code     0  init.o(.text)
    _dsqrt                                   0x08000b29   Thumb Code   162  dsqrt.o(.text)
    __decompress                             0x08000bcb   Thumb Code     0  __dclz77c.o(.text)
    __decompress2                            0x08000bcb   Thumb Code    94  __dclz77c.o(.text)
    ADC1_2_IRQHandler                        0x08000c29   Thumb Code    10  stm32f1xx_it.o(i.ADC1_2_IRQHandler)
    ADC3_IRQHandler                          0x08000c39   Thumb Code    10  stm32f1xx_it.o(i.ADC3_IRQHandler)
    ADC_ConversionStop_Disable               0x08000c49   Thumb Code    92  stm32f1xx_hal_adc.o(i.ADC_ConversionStop_Disable)
    ADC_Enable                               0x08000ca5   Thumb Code   134  stm32f1xx_hal_adc.o(i.ADC_Enable)
    BusFault_Handler                         0x08000d35   Thumb Code     4  stm32f1xx_it.o(i.BusFault_Handler)
    CAN_Filter_Config                        0x08000d39   Thumb Code    42  bsp_can.o(i.CAN_Filter_Config)
    DebugMon_Handler                         0x08000d69   Thumb Code     2  stm32f1xx_it.o(i.DebugMon_Handler)
    Error_Handler                            0x08000d6b   Thumb Code     6  main.o(i.Error_Handler)
    FSMC_NORSRAM_Extended_Timing_Init        0x08000d71   Thumb Code    62  stm32f1xx_ll_fsmc.o(i.FSMC_NORSRAM_Extended_Timing_Init)
    FSMC_NORSRAM_Init                        0x08000db5   Thumb Code   116  stm32f1xx_ll_fsmc.o(i.FSMC_NORSRAM_Init)
    FSMC_NORSRAM_Timing_Init                 0x08000e2d   Thumb Code    66  stm32f1xx_ll_fsmc.o(i.FSMC_NORSRAM_Timing_Init)
    HAL_ADCEx_Calibration_Start              0x08000e71   Thumb Code   278  stm32f1xx_hal_adc_ex.o(i.HAL_ADCEx_Calibration_Start)
    HAL_ADCEx_InjectedConvCpltCallback       0x08000f8d   Thumb Code     2  stm32f1xx_hal_adc_ex.o(i.HAL_ADCEx_InjectedConvCpltCallback)
    HAL_ADC_ConfigChannel                    0x08000f91   Thumb Code   338  stm32f1xx_hal_adc.o(i.HAL_ADC_ConfigChannel)
    HAL_ADC_ConvCpltCallback                 0x080010f1   Thumb Code     2  stm32f1xx_hal_adc.o(i.HAL_ADC_ConvCpltCallback)
    HAL_ADC_GetValue                         0x080010f3   Thumb Code     8  stm32f1xx_hal_adc.o(i.HAL_ADC_GetValue)
    HAL_ADC_IRQHandler                       0x080010fb   Thumb Code   274  stm32f1xx_hal_adc.o(i.HAL_ADC_IRQHandler)
    HAL_ADC_Init                             0x0800120d   Thumb Code   340  stm32f1xx_hal_adc.o(i.HAL_ADC_Init)
    HAL_ADC_LevelOutOfWindowCallback         0x0800136d   Thumb Code     2  stm32f1xx_hal_adc.o(i.HAL_ADC_LevelOutOfWindowCallback)
    HAL_ADC_MspInit                          0x08001371   Thumb Code   210  adc.o(i.HAL_ADC_MspInit)
    HAL_ADC_Start                            0x08001459   Thumb Code   294  stm32f1xx_hal_adc.o(i.HAL_ADC_Start)
    HAL_ADC_Stop                             0x08001589   Thumb Code    64  stm32f1xx_hal_adc.o(i.HAL_ADC_Stop)
    HAL_CAN_ActivateNotification             0x080015c9   Thumb Code    42  stm32f1xx_hal_can.o(i.HAL_CAN_ActivateNotification)
    HAL_CAN_AddTxMessage                     0x080015f3   Thumb Code   330  stm32f1xx_hal_can.o(i.HAL_CAN_AddTxMessage)
    HAL_CAN_ConfigFilter                     0x0800173d   Thumb Code   266  stm32f1xx_hal_can.o(i.HAL_CAN_ConfigFilter)
    HAL_CAN_ErrorCallback                    0x08001847   Thumb Code     2  stm32f1xx_hal_can.o(i.HAL_CAN_ErrorCallback)
    HAL_CAN_GetRxFifoFillLevel               0x08001849   Thumb Code    40  stm32f1xx_hal_can.o(i.HAL_CAN_GetRxFifoFillLevel)
    HAL_CAN_GetRxMessage                     0x08001871   Thumb Code   404  stm32f1xx_hal_can.o(i.HAL_CAN_GetRxMessage)
    HAL_CAN_IRQHandler                       0x08001a05   Thumb Code   590  stm32f1xx_hal_can.o(i.HAL_CAN_IRQHandler)
    HAL_CAN_Init                             0x08001c53   Thumb Code   372  stm32f1xx_hal_can.o(i.HAL_CAN_Init)
    HAL_CAN_MspInit                          0x08001dc9   Thumb Code   138  can.o(i.HAL_CAN_MspInit)
    HAL_CAN_RxFifo0FullCallback              0x08001e61   Thumb Code     2  stm32f1xx_hal_can.o(i.HAL_CAN_RxFifo0FullCallback)
    HAL_CAN_RxFifo0MsgPendingCallback        0x08001e65   Thumb Code   166  bsp_can.o(i.HAL_CAN_RxFifo0MsgPendingCallback)
    HAL_CAN_RxFifo1FullCallback              0x08001f2d   Thumb Code     2  stm32f1xx_hal_can.o(i.HAL_CAN_RxFifo1FullCallback)
    HAL_CAN_RxFifo1MsgPendingCallback        0x08001f2f   Thumb Code     2  stm32f1xx_hal_can.o(i.HAL_CAN_RxFifo1MsgPendingCallback)
    HAL_CAN_SleepCallback                    0x08001f31   Thumb Code     2  stm32f1xx_hal_can.o(i.HAL_CAN_SleepCallback)
    HAL_CAN_Start                            0x08001f33   Thumb Code    94  stm32f1xx_hal_can.o(i.HAL_CAN_Start)
    HAL_CAN_TxMailbox0AbortCallback          0x08001f91   Thumb Code     2  stm32f1xx_hal_can.o(i.HAL_CAN_TxMailbox0AbortCallback)
    HAL_CAN_TxMailbox0CompleteCallback       0x08001f93   Thumb Code     2  stm32f1xx_hal_can.o(i.HAL_CAN_TxMailbox0CompleteCallback)
    HAL_CAN_TxMailbox1AbortCallback          0x08001f95   Thumb Code     2  stm32f1xx_hal_can.o(i.HAL_CAN_TxMailbox1AbortCallback)
    HAL_CAN_TxMailbox1CompleteCallback       0x08001f97   Thumb Code     2  stm32f1xx_hal_can.o(i.HAL_CAN_TxMailbox1CompleteCallback)
    HAL_CAN_TxMailbox2AbortCallback          0x08001f99   Thumb Code     2  stm32f1xx_hal_can.o(i.HAL_CAN_TxMailbox2AbortCallback)
    HAL_CAN_TxMailbox2CompleteCallback       0x08001f9b   Thumb Code     2  stm32f1xx_hal_can.o(i.HAL_CAN_TxMailbox2CompleteCallback)
    HAL_CAN_WakeUpFromRxMsgCallback          0x08001f9d   Thumb Code     2  stm32f1xx_hal_can.o(i.HAL_CAN_WakeUpFromRxMsgCallback)
    HAL_DMA_Abort                            0x08001f9f   Thumb Code    86  stm32f1xx_hal_dma.o(i.HAL_DMA_Abort)
    HAL_DMA_Abort_IT                         0x08001ff5   Thumb Code   414  stm32f1xx_hal_dma.o(i.HAL_DMA_Abort_IT)
    HAL_Delay                                0x0800219d   Thumb Code    36  stm32f1xx_hal.o(i.HAL_Delay)
    HAL_GPIO_Init                            0x080021c5   Thumb Code   792  stm32f1xx_hal_gpio.o(i.HAL_GPIO_Init)
    HAL_GPIO_ReadPin                         0x08002505   Thumb Code    16  stm32f1xx_hal_gpio.o(i.HAL_GPIO_ReadPin)
    HAL_GPIO_WritePin                        0x08002515   Thumb Code    12  stm32f1xx_hal_gpio.o(i.HAL_GPIO_WritePin)
    HAL_GetTick                              0x08002521   Thumb Code     6  stm32f1xx_hal.o(i.HAL_GetTick)
    HAL_IncTick                              0x0800252d   Thumb Code    16  stm32f1xx_hal.o(i.HAL_IncTick)
    HAL_Init                                 0x08002545   Thumb Code    34  stm32f1xx_hal.o(i.HAL_Init)
    HAL_InitTick                             0x0800256d   Thumb Code   138  stm32f1xx_hal_timebase_tim.o(i.HAL_InitTick)
    HAL_MspInit                              0x0800260d   Thumb Code    86  stm32f1xx_hal_msp.o(i.HAL_MspInit)
    HAL_NVIC_EnableIRQ                       0x0800266d   Thumb Code    32  stm32f1xx_hal_cortex.o(i.HAL_NVIC_EnableIRQ)
    HAL_NVIC_SetPriority                     0x0800268d   Thumb Code   124  stm32f1xx_hal_cortex.o(i.HAL_NVIC_SetPriority)
    HAL_NVIC_SetPriorityGrouping             0x08002709   Thumb Code    32  stm32f1xx_hal_cortex.o(i.HAL_NVIC_SetPriorityGrouping)
    HAL_RCCEx_GetPeriphCLKFreq               0x08002731   Thumb Code   260  stm32f1xx_hal_rcc_ex.o(i.HAL_RCCEx_GetPeriphCLKFreq)
    HAL_RCCEx_PeriphCLKConfig                0x08002849   Thumb Code   290  stm32f1xx_hal_rcc_ex.o(i.HAL_RCCEx_PeriphCLKConfig)
    HAL_RCC_ClockConfig                      0x08002979   Thumb Code   376  stm32f1xx_hal_rcc.o(i.HAL_RCC_ClockConfig)
    HAL_RCC_GetClockConfig                   0x08002b05   Thumb Code    58  stm32f1xx_hal_rcc.o(i.HAL_RCC_GetClockConfig)
    HAL_RCC_GetHCLKFreq                      0x08002b49   Thumb Code     6  stm32f1xx_hal_rcc.o(i.HAL_RCC_GetHCLKFreq)
    HAL_RCC_GetPCLK1Freq                     0x08002b55   Thumb Code    22  stm32f1xx_hal_rcc.o(i.HAL_RCC_GetPCLK1Freq)
    HAL_RCC_GetPCLK2Freq                     0x08002b75   Thumb Code    22  stm32f1xx_hal_rcc.o(i.HAL_RCC_GetPCLK2Freq)
    HAL_RCC_GetSysClockFreq                  0x08002b95   Thumb Code    92  stm32f1xx_hal_rcc.o(i.HAL_RCC_GetSysClockFreq)
    HAL_RCC_OscConfig                        0x08002c05   Thumb Code  1114  stm32f1xx_hal_rcc.o(i.HAL_RCC_OscConfig)
    HAL_SPI_ErrorCallback                    0x08003069   Thumb Code     2  stm32f1xx_hal_spi.o(i.HAL_SPI_ErrorCallback)
    HAL_SPI_IRQHandler                       0x0800306d   Thumb Code   304  stm32f1xx_hal_spi.o(i.HAL_SPI_IRQHandler)
    HAL_SPI_Init                             0x080031a1   Thumb Code   190  stm32f1xx_hal_spi.o(i.HAL_SPI_Init)
    HAL_SPI_MspInit                          0x08003261   Thumb Code   118  spi.o(i.HAL_SPI_MspInit)
    HAL_SRAM_Init                            0x080032e5   Thumb Code   102  stm32f1xx_hal_sram.o(i.HAL_SRAM_Init)
    HAL_SRAM_MspInit                         0x0800334d   Thumb Code   130  lcd.o(i.HAL_SRAM_MspInit)
    HAL_TIMEx_BreakCallback                  0x080033dd   Thumb Code     2  stm32f1xx_hal_tim_ex.o(i.HAL_TIMEx_BreakCallback)
    HAL_TIMEx_CommutCallback                 0x080033df   Thumb Code     2  stm32f1xx_hal_tim_ex.o(i.HAL_TIMEx_CommutCallback)
    HAL_TIMEx_MasterConfigSynchronization    0x080033e1   Thumb Code   134  stm32f1xx_hal_tim_ex.o(i.HAL_TIMEx_MasterConfigSynchronization)
    HAL_TIM_Base_Init                        0x0800347d   Thumb Code   102  stm32f1xx_hal_tim.o(i.HAL_TIM_Base_Init)
    HAL_TIM_Base_MspInit                     0x080034e5   Thumb Code    58  tim.o(i.HAL_TIM_Base_MspInit)
    HAL_TIM_Base_Start_IT                    0x08003529   Thumb Code   122  stm32f1xx_hal_tim.o(i.HAL_TIM_Base_Start_IT)
    HAL_TIM_IC_CaptureCallback               0x080035b9   Thumb Code     2  stm32f1xx_hal_tim.o(i.HAL_TIM_IC_CaptureCallback)
    HAL_TIM_IRQHandler                       0x080035bb   Thumb Code   406  stm32f1xx_hal_tim.o(i.HAL_TIM_IRQHandler)
    HAL_TIM_OC_DelayElapsedCallback          0x08003751   Thumb Code     2  stm32f1xx_hal_tim.o(i.HAL_TIM_OC_DelayElapsedCallback)
    HAL_TIM_PWM_PulseFinishedCallback        0x08003753   Thumb Code     2  stm32f1xx_hal_tim.o(i.HAL_TIM_PWM_PulseFinishedCallback)
    HAL_TIM_PeriodElapsedCallback            0x08003755   Thumb Code   296  main.o(i.HAL_TIM_PeriodElapsedCallback)
    HAL_TIM_TriggerCallback                  0x08003899   Thumb Code     2  stm32f1xx_hal_tim.o(i.HAL_TIM_TriggerCallback)
    HAL_UARTEx_RxEventCallback               0x0800389b   Thumb Code     2  stm32f1xx_hal_uart.o(i.HAL_UARTEx_RxEventCallback)
    HAL_UART_ErrorCallback                   0x0800389d   Thumb Code     2  stm32f1xx_hal_uart.o(i.HAL_UART_ErrorCallback)
    HAL_UART_GetState                        0x0800389f   Thumb Code    20  stm32f1xx_hal_uart.o(i.HAL_UART_GetState)
    HAL_UART_IRQHandler                      0x080038b5   Thumb Code   736  stm32f1xx_hal_uart.o(i.HAL_UART_IRQHandler)
    HAL_UART_Init                            0x08003b99   Thumb Code   118  stm32f1xx_hal_uart.o(i.HAL_UART_Init)
    HAL_UART_MspInit                         0x08003c11   Thumb Code   258  usart.o(i.HAL_UART_MspInit)
    HAL_UART_Receive_IT                      0x08003d29   Thumb Code    44  stm32f1xx_hal_uart.o(i.HAL_UART_Receive_IT)
    HAL_UART_RxCpltCallback                  0x08003d55   Thumb Code   444  usart.o(i.HAL_UART_RxCpltCallback)
    HAL_UART_Transmit                        0x08003f51   Thumb Code   178  stm32f1xx_hal_uart.o(i.HAL_UART_Transmit)
    HAL_UART_TxCpltCallback                  0x08004003   Thumb Code     2  stm32f1xx_hal_uart.o(i.HAL_UART_TxCpltCallback)
    HardFault_Handler                        0x08004005   Thumb Code     4  stm32f1xx_it.o(i.HardFault_Handler)
    MX_ADC1_Init                             0x08004009   Thumb Code   142  adc.o(i.MX_ADC1_Init)
    MX_ADC3_Init                             0x080040a1   Thumb Code    82  adc.o(i.MX_ADC3_Init)
    MX_CAN_Init                              0x080040fd   Thumb Code    58  can.o(i.MX_CAN_Init)
    MX_FREERTOS_Init                         0x08004141   Thumb Code   126  freertos.o(i.MX_FREERTOS_Init)
    MX_FSMC_Init                             0x080041d9   Thumb Code   168  fsmc.o(i.MX_FSMC_Init)
    MX_GPIO_Init                             0x0800428d   Thumb Code   274  gpio.o(i.MX_GPIO_Init)
    MX_SPI1_Init                             0x080043ad   Thumb Code    60  spi.o(i.MX_SPI1_Init)
    MX_TIM6_Init                             0x080043f1   Thumb Code    68  tim.o(i.MX_TIM6_Init)
    MX_USART1_UART_Init                      0x0800443d   Thumb Code    46  usart.o(i.MX_USART1_UART_Init)
    MX_USART3_UART_Init                      0x08004475   Thumb Code    46  usart.o(i.MX_USART3_UART_Init)
    MemManage_Handler                        0x080044ad   Thumb Code     4  stm32f1xx_it.o(i.MemManage_Handler)
    MoveTask                                 0x080044b1   Thumb Code   352  freertos.o(i.MoveTask)
    NMI_Handler                              0x08004665   Thumb Code     4  stm32f1xx_it.o(i.NMI_Handler)
    OpenmvConnect                            0x08004669   Thumb Code    10  freertos.o(i.OpenmvConnect)
    PID_struct_init                          0x08004675   Thumb Code    50  pid.o(i.PID_struct_init)
    PushBoxTask                              0x080046b1   Thumb Code    40  freertos.o(i.PushBoxTask)
    SPI1_IRQHandler                          0x08004725   Thumb Code    10  stm32f1xx_it.o(i.SPI1_IRQHandler)
    ScanTask                                 0x08004749   Thumb Code   326  freertos.o(i.ScanTask)
    Serial_GetRxFlag                         0x080048dd   Thumb Code    22  usart.o(i.Serial_GetRxFlag)
    StartDefaultTask                         0x080048f9   Thumb Code   228  freertos.o(i.StartDefaultTask)
    SysTick_Handler                          0x08004a59   Thumb Code    46  port.o(i.SysTick_Handler)
    SystemClock_Config                       0x08004a8d   Thumb Code   130  main.o(i.SystemClock_Config)
    SystemInit                               0x08004b0f   Thumb Code     2  system_stm32f1xx.o(i.SystemInit)
    TIM1_UP_IRQHandler                       0x08004b11   Thumb Code    10  stm32f1xx_it.o(i.TIM1_UP_IRQHandler)
    TIM6_IRQHandler                          0x08004b21   Thumb Code    10  stm32f1xx_it.o(i.TIM6_IRQHandler)
    TIM_Base_SetConfig                       0x08004b31   Thumb Code   134  stm32f1xx_hal_tim.o(i.TIM_Base_SetConfig)
    UART_Start_Receive_IT                    0x08004e65   Thumb Code    64  stm32f1xx_hal_uart.o(i.UART_Start_Receive_IT)
    USART1_IRQHandler                        0x08004f99   Thumb Code    10  stm32f1xx_it.o(i.USART1_IRQHandler)
    USART3_IRQHandler                        0x08004fa9   Thumb Code    10  stm32f1xx_it.o(i.USART3_IRQHandler)
    USB_LP_CAN1_RX0_IRQHandler               0x08004fb9   Thumb Code    10  stm32f1xx_it.o(i.USB_LP_CAN1_RX0_IRQHandler)
    UsageFault_Handler                       0x08004fc9   Thumb Code     4  stm32f1xx_it.o(i.UsageFault_Handler)
    __0printf                                0x08004fcd   Thumb Code    22  printfa.o(i.__0printf)
    __1printf                                0x08004fcd   Thumb Code     0  printfa.o(i.__0printf)
    __2printf                                0x08004fcd   Thumb Code     0  printfa.o(i.__0printf)
    __c89printf                              0x08004fcd   Thumb Code     0  printfa.o(i.__0printf)
    printf                                   0x08004fcd   Thumb Code     0  printfa.o(i.__0printf)
    __0sprintf                               0x08004fed   Thumb Code    34  printfa.o(i.__0sprintf)
    __1sprintf                               0x08004fed   Thumb Code     0  printfa.o(i.__0sprintf)
    __2sprintf                               0x08004fed   Thumb Code     0  printfa.o(i.__0sprintf)
    __c89sprintf                             0x08004fed   Thumb Code     0  printfa.o(i.__0sprintf)
    sprintf                                  0x08004fed   Thumb Code     0  printfa.o(i.__0sprintf)
    __ARM_fpclassify                         0x08005015   Thumb Code    40  fpclassify.o(i.__ARM_fpclassify)
    __kernel_poly                            0x08005075   Thumb Code   170  poly.o(i.__kernel_poly)
    __mathlib_dbl_divzero                    0x08005121   Thumb Code    12  dunder.o(i.__mathlib_dbl_divzero)
    __mathlib_dbl_infnan2                    0x08005131   Thumb Code     4  dunder.o(i.__mathlib_dbl_infnan2)
    __mathlib_dbl_invalid                    0x08005135   Thumb Code    12  dunder.o(i.__mathlib_dbl_invalid)
    __mathlib_dbl_overflow                   0x08005141   Thumb Code    14  dunder.o(i.__mathlib_dbl_overflow)
    __mathlib_dbl_underflow                  0x08005151   Thumb Code    10  dunder.o(i.__mathlib_dbl_underflow)
    __scatterload_copy                       0x08005161   Thumb Code    14  handlers.o(i.__scatterload_copy)
    __scatterload_null                       0x0800516f   Thumb Code     2  handlers.o(i.__scatterload_null)
    __scatterload_zeroinit                   0x08005171   Thumb Code    14  handlers.o(i.__scatterload_zeroinit)
    __set_errno                              0x08005181   Thumb Code     6  errno.o(i.__set_errno)
    abs_limit                                0x08005a49   Thumb Code    40  pid.o(i.abs_limit)
    can_receive                              0x08005a71   Thumb Code    44  bsp_can.o(i.can_receive)
    fputc                                    0x08005aa9   Thumb Code    22  usart.o(i.fputc)
    get_adc                                  0x08005ac5   Thumb Code    22  adc.o(i.get_adc)
    get_moto_measure                         0x08005add   Thumb Code   124  bsp_can.o(i.get_moto_measure)
    get_moto_offset                          0x08005b5d   Thumb Code    20  bsp_can.o(i.get_moto_offset)
    lcd_clear                                0x08005b75   Thumb Code    42  lcd.o(i.lcd_clear)
    lcd_display_dir                          0x08005ba9   Thumb Code   360  lcd.o(i.lcd_display_dir)
    lcd_draw_point                           0x08005d15   Thumb Code    26  lcd.o(i.lcd_draw_point)
    lcd_ex_ili9341_reginit                   0x08005d35   Thumb Code   556  lcd.o(i.lcd_ex_ili9341_reginit)
    lcd_ex_ili9806_reginit                   0x08005f61   Thumb Code   832  lcd.o(i.lcd_ex_ili9806_reginit)
    lcd_ex_nt35310_reginit                   0x080062a1   Thumb Code  3826  lcd.o(i.lcd_ex_nt35310_reginit)
    lcd_ex_nt35510_reginit                   0x08007193   Thumb Code  3836  lcd.o(i.lcd_ex_nt35510_reginit)
    lcd_ex_ssd1963_reginit                   0x0800808f   Thumb Code   366  lcd.o(i.lcd_ex_ssd1963_reginit)
    lcd_ex_st7789_reginit                    0x080081fd   Thumb Code   424  lcd.o(i.lcd_ex_st7789_reginit)
    lcd_ex_st7796_reginit                    0x080083a5   Thumb Code   454  lcd.o(i.lcd_ex_st7796_reginit)
    lcd_init                                 0x0800856d   Thumb Code  1098  lcd.o(i.lcd_init)
    lcd_scan_dir                             0x080089e5   Thumb Code   568  lcd.o(i.lcd_scan_dir)
    lcd_set_cursor                           0x08008c21   Thumb Code   282  lcd.o(i.lcd_set_cursor)
    lcd_show_char                            0x08008d41   Thumb Code   294  lcd.o(i.lcd_show_char)
    lcd_show_string                          0x08008e81   Thumb Code   106  lcd.o(i.lcd_show_string)
    lcd_ssd_backlight_set                    0x08008eed   Thumb Code    80  lcd.o(i.lcd_ssd_backlight_set)
    lcd_wr_data                              0x08008f41   Thumb Code    18  lcd.o(i.lcd_wr_data)
    lcd_wr_regno                             0x08008f59   Thumb Code    18  lcd.o(i.lcd_wr_regno)
    lcd_write_ram_prepare                    0x08008f71   Thumb Code    10  lcd.o(i.lcd_write_ram_prepare)
    lcd_write_reg                            0x08008f85   Thumb Code    10  lcd.o(i.lcd_write_reg)
    main                                     0x08008f95   Thumb Code    68  main.o(i.main)
    osDelay                                  0x08008fef   Thumb Code    24  cmsis_os.o(i.osDelay)
    osKernelStart                            0x08009007   Thumb Code    10  cmsis_os.o(i.osKernelStart)
    osThreadCreate                           0x08009011   Thumb Code    94  cmsis_os.o(i.osThreadCreate)
    pid_calc                                 0x0800906f   Thumb Code   402  pid.o(i.pid_calc)
    pow                                      0x0800921d   Thumb Code  2512  pow.o(i.pow)
    pvPortMalloc                             0x0800a59d   Thumb Code   296  heap_4.o(i.pvPortMalloc)
    pxPortInitialiseStack                    0x0800a6d9   Thumb Code    30  port.o(i.pxPortInitialiseStack)
    scan                                     0x0800a6fd   Thumb Code   300  freertos.o(i.scan)
    set_moto_current                         0x0800a881   Thumb Code    78  bsp_can.o(i.set_moto_current)
    sqrt                                     0x0800a8d9   Thumb Code    76  sqrt.o(i.sqrt)
    uxListRemove                             0x0800a925   Thumb Code    40  list.o(i.uxListRemove)
    vApplicationGetIdleTaskMemory            0x0800a94d   Thumb Code    14  freertos.o(i.vApplicationGetIdleTaskMemory)
    vApplicationGetTimerTaskMemory           0x0800a965   Thumb Code    16  freertos.o(i.vApplicationGetTimerTaskMemory)
    vListInitialise                          0x0800a97d   Thumb Code    26  list.o(i.vListInitialise)
    vListInitialiseItem                      0x0800a997   Thumb Code     6  list.o(i.vListInitialiseItem)
    vListInsert                              0x0800a99d   Thumb Code    52  list.o(i.vListInsert)
    vListInsertEnd                           0x0800a9d1   Thumb Code    24  list.o(i.vListInsertEnd)
    vPortEnterCritical                       0x0800a9e9   Thumb Code    76  port.o(i.vPortEnterCritical)
    vPortExitCritical                        0x0800aa3d   Thumb Code    56  port.o(i.vPortExitCritical)
    vPortFree                                0x0800aa79   Thumb Code   140  heap_4.o(i.vPortFree)
    vPortSetupTimerInterrupt                 0x0800ab0d   Thumb Code    36  port.o(i.vPortSetupTimerInterrupt)
    vPortValidateInterruptPriority           0x0800ab35   Thumb Code   106  port.o(i.vPortValidateInterruptPriority)
    vQueueAddToRegistry                      0x0800abad   Thumb Code    38  queue.o(i.vQueueAddToRegistry)
    vQueueWaitForMessageRestricted           0x0800abd9   Thumb Code    74  queue.o(i.vQueueWaitForMessageRestricted)
    vTaskDelay                               0x0800ac25   Thumb Code    82  tasks.o(i.vTaskDelay)
    vTaskDelete                              0x0800ac81   Thumb Code   202  tasks.o(i.vTaskDelete)
    vTaskInternalSetTimeOutState             0x0800ad75   Thumb Code    14  tasks.o(i.vTaskInternalSetTimeOutState)
    vTaskMissedYield                         0x0800ad8d   Thumb Code     8  tasks.o(i.vTaskMissedYield)
    vTaskPlaceOnEventList                    0x0800ad99   Thumb Code    52  tasks.o(i.vTaskPlaceOnEventList)
    vTaskPlaceOnEventListRestricted          0x0800add1   Thumb Code    60  tasks.o(i.vTaskPlaceOnEventListRestricted)
    vTaskStartScheduler                      0x0800ae11   Thumb Code   156  tasks.o(i.vTaskStartScheduler)
    vTaskSuspendAll                          0x0800aec9   Thumb Code    12  tasks.o(i.vTaskSuspendAll)
    vTaskSwitchContext                       0x0800aed9   Thumb Code   118  tasks.o(i.vTaskSwitchContext)
    xPortStartScheduler                      0x0800af65   Thumb Code   228  port.o(i.xPortStartScheduler)
    xQueueGenericCreateStatic                0x0800b05d   Thumb Code   222  queue.o(i.xQueueGenericCreateStatic)
    xQueueGenericReset                       0x0800b13d   Thumb Code   146  queue.o(i.xQueueGenericReset)
    xQueueGenericSend                        0x0800b1d5   Thumb Code   420  queue.o(i.xQueueGenericSend)
    xQueueGenericSendFromISR                 0x0800b37d   Thumb Code   248  queue.o(i.xQueueGenericSendFromISR)
    xQueueReceive                            0x0800b475   Thumb Code   356  queue.o(i.xQueueReceive)
    xTaskCheckForTimeOut                     0x0800b5dd   Thumb Code   132  tasks.o(i.xTaskCheckForTimeOut)
    xTaskCreate                              0x0800b669   Thumb Code   100  tasks.o(i.xTaskCreate)
    xTaskCreateStatic                        0x0800b6cd   Thumb Code   184  tasks.o(i.xTaskCreateStatic)
    xTaskGetSchedulerState                   0x0800b785   Thumb Code    24  tasks.o(i.xTaskGetSchedulerState)
    xTaskGetTickCount                        0x0800b7a5   Thumb Code     6  tasks.o(i.xTaskGetTickCount)
    xTaskIncrementTick                       0x0800b7b1   Thumb Code   282  tasks.o(i.xTaskIncrementTick)
    xTaskPriorityDisinherit                  0x0800b8f9   Thumb Code   188  tasks.o(i.xTaskPriorityDisinherit)
    xTaskRemoveFromEventList                 0x0800b9c1   Thumb Code   128  tasks.o(i.xTaskRemoveFromEventList)
    xTaskResumeAll                           0x0800ba59   Thumb Code   224  tasks.o(i.xTaskResumeAll)
    xTimerCreateTimerTask                    0x0800bb5d   Thumb Code   100  timers.o(i.xTimerCreateTimerTask)
    xTimerGenericCommand                     0x0800bbd5   Thumb Code   126  timers.o(i.xTimerGenericCommand)
    AHBPrescTable                            0x0800bd08   Data          16  system_stm32f1xx.o(.constdata)
    APBPrescTable                            0x0800bd18   Data           8  system_stm32f1xx.o(.constdata)
    asc2_1206                                0x0800bd20   Data        1140  lcd.o(.constdata)
    asc2_1608                                0x0800c194   Data        1520  lcd.o(.constdata)
    asc2_2412                                0x0800c784   Data        3420  lcd.o(.constdata)
    asc2_3216                                0x0800d4e0   Data        6080  lcd.o(.constdata)
    __mathlib_zero                           0x0800ed28   Data           8  qnan.o(.constdata)
    Region$$Table$$Base                      0x0800ed68   Number         0  anon$$obj.o(Region$$Table)
    Region$$Table$$Limit                     0x0800ed88   Number         0  anon$$obj.o(Region$$Table)
    long_time                                0x20000000   Data           2  main.o(.data)
    BMP1                                     0x20000008   Data        1024  freertos.o(.data)
    BMP2                                     0x20000408   Data        1024  freertos.o(.data)
    torque                                   0x20000808   Data           2  freertos.o(.data)
    data                                     0x2000080a   Data           8  freertos.o(.data)
    rxcnt                                    0x20000812   Data           1  freertos.o(.data)
    can_get_flag                             0x20000813   Data           1  freertos.o(.data)
    set_v                                    0x20000814   Data           4  freertos.o(.data)
    turn_left                                0x20000818   Data           1  freertos.o(.data)
    turn_right                               0x20000819   Data           1  freertos.o(.data)
    go_straight                              0x2000081a   Data           1  freertos.o(.data)
    front_infrafot_distanceL                 0x20000820   Data           8  freertos.o(.data)
    front_infrafot_distanceR                 0x20000828   Data           8  freertos.o(.data)
    left_infrafot_distance                   0x20000830   Data           8  freertos.o(.data)
    right_infrafot_distance                  0x20000838   Data           8  freertos.o(.data)
    front_dis_err                            0x20000840   Data           8  freertos.o(.data)
    outofstage                               0x20000848   Data           1  freertos.o(.data)
    v_push_box                               0x2000084a   Data           2  freertos.o(.data)
    x                                        0x2000084c   Data           1  freertos.o(.data)
    ADValue1                                 0x2000084e   Data           2  freertos.o(.data)
    ADValue2                                 0x20000850   Data           2  freertos.o(.data)
    ADValue3                                 0x20000852   Data           2  freertos.o(.data)
    ADValue4                                 0x20000854   Data           2  freertos.o(.data)
    Voltage1                                 0x20000858   Data           4  freertos.o(.data)
    Voltage2                                 0x2000085c   Data           4  freertos.o(.data)
    Voltage3                                 0x20000860   Data           4  freertos.o(.data)
    Voltage4                                 0x20000864   Data           4  freertos.o(.data)
    L1                                       0x20000868   Data           4  freertos.o(.data)
    L2                                       0x2000086c   Data           4  freertos.o(.data)
    L3                                       0x20000870   Data           4  freertos.o(.data)
    L4                                       0x20000874   Data           4  freertos.o(.data)
    GD1                                      0x20000878   Data           2  freertos.o(.data)
    GD2                                      0x2000087a   Data           2  freertos.o(.data)
    GD3                                      0x2000087c   Data           2  freertos.o(.data)
    GD4                                      0x2000087e   Data           2  freertos.o(.data)
    HD                                       0x20000880   Data           2  freertos.o(.data)
    defaultTaskHandle                        0x20000884   Data           4  freertos.o(.data)
    moveHandle                               0x20000888   Data           4  freertos.o(.data)
    pushBoxHandle                            0x2000088c   Data           4  freertos.o(.data)
    scanTaskHandle                           0x20000890   Data           4  freertos.o(.data)
    openmvConnectHandle                      0x20000894   Data           4  freertos.o(.data)
    aRxBuffer                                0x20000898   Data           1  usart.o(.data)
    Uart1_Rx_Cnt                             0x20000899   Data           1  usart.o(.data)
    Uart3_Rx_Cnt                             0x2000089a   Data           1  usart.o(.data)
    RxData                                   0x2000089b   Data           1  usart.o(.data)
    Serial_RxFlag                            0x2000089c   Data           1  usart.o(.data)
    tag_id                                   0x200008a0   Data           4  usart.o(.data)
    x_translation                            0x200008a4   Data           4  usart.o(.data)
    distance                                 0x200008a8   Data           4  usart.o(.data)
    Sign                                     0x200008ac   Data           4  usart.o(.data)
    uwTick                                   0x200008b4   Data           4  stm32f1xx_hal.o(.data)
    uwTickPrio                               0x200008b8   Data           4  stm32f1xx_hal.o(.data)
    uwTickFreq                               0x200008bc   Data           1  stm32f1xx_hal.o(.data)
    SystemCoreClock                          0x200008c0   Data           4  system_stm32f1xx.o(.data)
    pxCurrentTCB                             0x200008c4   Data           4  tasks.o(.data)
    ZGyroModuleAngle                         0x20000938   Data           4  bsp_can.o(.data)
    moto_status                              0x2000093c   Data           8  bsp_can.o(.data)
    rec_len                                  0x20000944   Data           1  bsp_can.o(.data)
    rec_id                                   0x20000946   Data           2  bsp_can.o(.data)
    rec_buf                                  0x20000948   Data           8  bsp_can.o(.data)
    g_point_color                            0x20000954   Data           4  lcd.o(.data)
    g_back_color                             0x20000958   Data           4  lcd.o(.data)
    __stdout                                 0x2000095c   Data           4  stdout.o(.data)
    key                                      0x20000964   Data          24  main.o(.bss)
    set_spd                                  0x2000097c   Data          16  freertos.o(.bss)
    text                                     0x2000098c   Data          20  freertos.o(.bss)
    hadc1                                    0x20001048   Data          48  adc.o(.bss)
    hadc3                                    0x20001078   Data          48  adc.o(.bss)
    hcan                                     0x200010a8   Data          40  can.o(.bss)
    hsram1                                   0x200010d0   Data          72  fsmc.o(.bss)
    hspi1                                    0x20001118   Data          88  spi.o(.bss)
    htim6                                    0x20001170   Data          72  tim.o(.bss)
    RxBuffer                                 0x200011b8   Data         256  usart.o(.bss)
    bRxBuffer                                0x200012b8   Data         256  usart.o(.bss)
    receive_data                             0x200013b8   Data          13  usart.o(.bss)
    huart1                                   0x200013c8   Data          72  usart.o(.bss)
    huart3                                   0x20001410   Data          72  usart.o(.bss)
    htim1                                    0x20001458   Data          72  stm32f1xx_hal_timebase_tim.o(.bss)
    xQueueRegistry                           0x200014a0   Data          64  queue.o(.bss)
    moto_chassis                             0x200052b8   Data         176  bsp_can.o(.bss)
    moto_info                                0x20005368   Data          44  bsp_can.o(.bss)
    g_canx_txheader                          0x20005394   Data          24  bsp_can.o(.bss)
    g_canx_rxheader                          0x200053ac   Data          28  bsp_can.o(.bss)
    pid_omg                                  0x200053c8   Data         108  pid.o(.bss)
    pid_pos                                  0x20005434   Data         108  pid.o(.bss)
    pid_spd                                  0x200054a0   Data         432  pid.o(.bss)
    pid_apriltag_x                           0x20005650   Data         108  pid.o(.bss)
    pid_apriltag_d                           0x200056bc   Data         108  pid.o(.bss)
    g_sram_handle                            0x20005728   Data          72  lcd.o(.bss)
    lcddev                                   0x20005770   Data          14  lcd.o(.bss)
    __initial_sp                             0x20005b80   Data           0  startup_stm32f103xe.o(STACK)



==============================================================================

Memory Map of the image

  Image Entry point : 0x08000131

  Load Region LR_IROM1 (Base: 0x08000000, Size: 0x0000f6ec, Max: 0x00080000, ABSOLUTE, COMPRESSED[0x0000ef9c])

    Execution Region ER_IROM1 (Exec base: 0x08000000, Load base: 0x08000000, Size: 0x0000ed88, Max: 0x00080000, ABSOLUTE)

    Exec Addr    Load Addr    Size         Type   Attr      Idx    E Section Name        Object

    0x08000000   0x08000000   0x00000130   Data   RO            3    RESET               startup_stm32f103xe.o
    0x08000130   0x08000130   0x00000000   Code   RO         6297  * .ARM.Collect$$$$00000000  mc_w.l(entry.o)
    0x08000130   0x08000130   0x00000004   Code   RO         6630    .ARM.Collect$$$$00000001  mc_w.l(entry2.o)
    0x08000134   0x08000134   0x00000004   Code   RO         6633    .ARM.Collect$$$$00000004  mc_w.l(entry5.o)
    0x08000138   0x08000138   0x00000000   Code   RO         6635    .ARM.Collect$$$$00000008  mc_w.l(entry7b.o)
    0x08000138   0x08000138   0x00000000   Code   RO         6637    .ARM.Collect$$$$0000000A  mc_w.l(entry8b.o)
    0x08000138   0x08000138   0x00000008   Code   RO         6638    .ARM.Collect$$$$0000000B  mc_w.l(entry9a.o)
    0x08000140   0x08000140   0x00000000   Code   RO         6640    .ARM.Collect$$$$0000000D  mc_w.l(entry10a.o)
    0x08000140   0x08000140   0x00000000   Code   RO         6642    .ARM.Collect$$$$0000000F  mc_w.l(entry11a.o)
    0x08000140   0x08000140   0x00000004   Code   RO         6631    .ARM.Collect$$$$00002712  mc_w.l(entry2.o)
    0x08000144   0x08000144   0x00000096   Code   RO         5734    .emb_text           port.o
    0x080001da   0x080001da   0x00000002   PAD
    0x080001dc   0x080001dc   0x00000024   Code   RO            4    .text               startup_stm32f103xe.o
    0x08000200   0x08000200   0x00000020   Code   RO         6300    .text               mc_w.l(llushr.o)
    0x08000220   0x08000220   0x00000024   Code   RO         6302    .text               mc_w.l(memcpya.o)
    0x08000244   0x08000244   0x00000024   Code   RO         6306    .text               mc_w.l(memseta.o)
    0x08000268   0x08000268   0x000000b0   Code   RO         6571    .text               mf_w.l(fadd.o)
    0x08000318   0x08000318   0x00000064   Code   RO         6573    .text               mf_w.l(fmul.o)
    0x0800037c   0x0800037c   0x0000007c   Code   RO         6575    .text               mf_w.l(fdiv.o)
    0x080003f8   0x080003f8   0x0000014e   Code   RO         6577    .text               mf_w.l(dadd.o)
    0x08000546   0x08000546   0x000000e4   Code   RO         6579    .text               mf_w.l(dmul.o)
    0x0800062a   0x0800062a   0x00000012   Code   RO         6581    .text               mf_w.l(fflti.o)
    0x0800063c   0x0800063c   0x0000000a   Code   RO         6583    .text               mf_w.l(ffltui.o)
    0x08000646   0x08000646   0x0000001a   Code   RO         6585    .text               mf_w.l(dfltui.o)
    0x08000660   0x08000660   0x00000032   Code   RO         6587    .text               mf_w.l(ffixi.o)
    0x08000692   0x08000692   0x00000032   Code   RO         6589    .text               mf_w.l(dfixui.o)
    0x080006c4   0x080006c4   0x00000026   Code   RO         6591    .text               mf_w.l(f2d.o)
    0x080006ea   0x080006ea   0x00000002   PAD
    0x080006ec   0x080006ec   0x00000030   Code   RO         6593    .text               mf_w.l(cdcmple.o)
    0x0800071c   0x0800071c   0x00000030   Code   RO         6595    .text               mf_w.l(cdrcmple.o)
    0x0800074c   0x0800074c   0x00000038   Code   RO         6597    .text               mf_w.l(d2f.o)
    0x08000784   0x08000784   0x00000014   Code   RO         6599    .text               mf_w.l(cfcmple.o)
    0x08000798   0x08000798   0x00000014   Code   RO         6601    .text               mf_w.l(cfrcmple.o)
    0x080007ac   0x080007ac   0x0000002c   Code   RO         6645    .text               mc_w.l(uidiv.o)
    0x080007d8   0x080007d8   0x00000062   Code   RO         6647    .text               mc_w.l(uldiv.o)
    0x0800083a   0x0800083a   0x0000001e   Code   RO         6649    .text               mc_w.l(llshl.o)
    0x08000858   0x08000858   0x00000024   Code   RO         6651    .text               mc_w.l(llsshr.o)
    0x0800087c   0x0800087c   0x00000000   Code   RO         6660    .text               mc_w.l(iusefp.o)
    0x0800087c   0x0800087c   0x0000006e   Code   RO         6661    .text               mf_w.l(fepilogue.o)
    0x080008ea   0x080008ea   0x000000ba   Code   RO         6663    .text               mf_w.l(depilogue.o)
    0x080009a4   0x080009a4   0x000000de   Code   RO         6665    .text               mf_w.l(ddiv.o)
    0x08000a82   0x08000a82   0x0000002e   Code   RO         6667    .text               mf_w.l(dscalb.o)
    0x08000ab0   0x08000ab0   0x00000022   Code   RO         6669    .text               mf_w.l(dflti.o)
    0x08000ad2   0x08000ad2   0x00000030   Code   RO         6671    .text               mf_w.l(dfixul.o)
    0x08000b02   0x08000b02   0x00000002   PAD
    0x08000b04   0x08000b04   0x00000024   Code   RO         6673    .text               mc_w.l(init.o)
    0x08000b28   0x08000b28   0x000000a2   Code   RO         6675    .text               mf_w.l(dsqrt.o)
    0x08000bca   0x08000bca   0x0000005e   Code   RO         6685    .text               mc_w.l(__dclz77c.o)
    0x08000c28   0x08000c28   0x00000010   Code   RO          695    i.ADC1_2_IRQHandler  stm32f1xx_it.o
    0x08000c38   0x08000c38   0x00000010   Code   RO          696    i.ADC3_IRQHandler   stm32f1xx_it.o
    0x08000c48   0x08000c48   0x0000005c   Code   RO          900    i.ADC_ConversionStop_Disable  stm32f1xx_hal_adc.o
    0x08000ca4   0x08000ca4   0x00000090   Code   RO          904    i.ADC_Enable        stm32f1xx_hal_adc.o
    0x08000d34   0x08000d34   0x00000004   Code   RO          697    i.BusFault_Handler  stm32f1xx_it.o
    0x08000d38   0x08000d38   0x00000030   Code   RO         5814    i.CAN_Filter_Config  bsp_can.o
    0x08000d68   0x08000d68   0x00000002   Code   RO          698    i.DebugMon_Handler  stm32f1xx_it.o
    0x08000d6a   0x08000d6a   0x00000006   Code   RO           13    i.Error_Handler     main.o
    0x08000d70   0x08000d70   0x00000044   Code   RO         2426    i.FSMC_NORSRAM_Extended_Timing_Init  stm32f1xx_ll_fsmc.o
    0x08000db4   0x08000db4   0x00000078   Code   RO         2427    i.FSMC_NORSRAM_Init  stm32f1xx_ll_fsmc.o
    0x08000e2c   0x08000e2c   0x00000042   Code   RO         2428    i.FSMC_NORSRAM_Timing_Init  stm32f1xx_ll_fsmc.o
    0x08000e6e   0x08000e6e   0x00000002   PAD
    0x08000e70   0x08000e70   0x0000011c   Code   RO         1080    i.HAL_ADCEx_Calibration_Start  stm32f1xx_hal_adc_ex.o
    0x08000f8c   0x08000f8c   0x00000002   Code   RO         1082    i.HAL_ADCEx_InjectedConvCpltCallback  stm32f1xx_hal_adc_ex.o
    0x08000f8e   0x08000f8e   0x00000002   PAD
    0x08000f90   0x08000f90   0x00000160   Code   RO          906    i.HAL_ADC_ConfigChannel  stm32f1xx_hal_adc.o
    0x080010f0   0x080010f0   0x00000002   Code   RO          907    i.HAL_ADC_ConvCpltCallback  stm32f1xx_hal_adc.o
    0x080010f2   0x080010f2   0x00000008   Code   RO          913    i.HAL_ADC_GetValue  stm32f1xx_hal_adc.o
    0x080010fa   0x080010fa   0x00000112   Code   RO          914    i.HAL_ADC_IRQHandler  stm32f1xx_hal_adc.o
    0x0800120c   0x0800120c   0x00000160   Code   RO          915    i.HAL_ADC_Init      stm32f1xx_hal_adc.o
    0x0800136c   0x0800136c   0x00000002   Code   RO          916    i.HAL_ADC_LevelOutOfWindowCallback  stm32f1xx_hal_adc.o
    0x0800136e   0x0800136e   0x00000002   PAD
    0x08001370   0x08001370   0x000000e8   Code   RO          396    i.HAL_ADC_MspInit   adc.o
    0x08001458   0x08001458   0x00000130   Code   RO          921    i.HAL_ADC_Start     stm32f1xx_hal_adc.o
    0x08001588   0x08001588   0x00000040   Code   RO          924    i.HAL_ADC_Stop      stm32f1xx_hal_adc.o
    0x080015c8   0x080015c8   0x0000002a   Code   RO         2185    i.HAL_CAN_ActivateNotification  stm32f1xx_hal_can.o
    0x080015f2   0x080015f2   0x0000014a   Code   RO         2186    i.HAL_CAN_AddTxMessage  stm32f1xx_hal_can.o
    0x0800173c   0x0800173c   0x0000010a   Code   RO         2187    i.HAL_CAN_ConfigFilter  stm32f1xx_hal_can.o
    0x08001846   0x08001846   0x00000002   Code   RO         2190    i.HAL_CAN_ErrorCallback  stm32f1xx_hal_can.o
    0x08001848   0x08001848   0x00000028   Code   RO         2192    i.HAL_CAN_GetRxFifoFillLevel  stm32f1xx_hal_can.o
    0x08001870   0x08001870   0x00000194   Code   RO         2193    i.HAL_CAN_GetRxMessage  stm32f1xx_hal_can.o
    0x08001a04   0x08001a04   0x0000024e   Code   RO         2197    i.HAL_CAN_IRQHandler  stm32f1xx_hal_can.o
    0x08001c52   0x08001c52   0x00000174   Code   RO         2198    i.HAL_CAN_Init      stm32f1xx_hal_can.o
    0x08001dc6   0x08001dc6   0x00000002   PAD
    0x08001dc8   0x08001dc8   0x00000098   Code   RO          450    i.HAL_CAN_MspInit   can.o
    0x08001e60   0x08001e60   0x00000002   Code   RO         2205    i.HAL_CAN_RxFifo0FullCallback  stm32f1xx_hal_can.o
    0x08001e62   0x08001e62   0x00000002   PAD
    0x08001e64   0x08001e64   0x000000c8   Code   RO         5815    i.HAL_CAN_RxFifo0MsgPendingCallback  bsp_can.o
    0x08001f2c   0x08001f2c   0x00000002   Code   RO         2207    i.HAL_CAN_RxFifo1FullCallback  stm32f1xx_hal_can.o
    0x08001f2e   0x08001f2e   0x00000002   Code   RO         2208    i.HAL_CAN_RxFifo1MsgPendingCallback  stm32f1xx_hal_can.o
    0x08001f30   0x08001f30   0x00000002   Code   RO         2209    i.HAL_CAN_SleepCallback  stm32f1xx_hal_can.o
    0x08001f32   0x08001f32   0x0000005e   Code   RO         2210    i.HAL_CAN_Start     stm32f1xx_hal_can.o
    0x08001f90   0x08001f90   0x00000002   Code   RO         2212    i.HAL_CAN_TxMailbox0AbortCallback  stm32f1xx_hal_can.o
    0x08001f92   0x08001f92   0x00000002   Code   RO         2213    i.HAL_CAN_TxMailbox0CompleteCallback  stm32f1xx_hal_can.o
    0x08001f94   0x08001f94   0x00000002   Code   RO         2214    i.HAL_CAN_TxMailbox1AbortCallback  stm32f1xx_hal_can.o
    0x08001f96   0x08001f96   0x00000002   Code   RO         2215    i.HAL_CAN_TxMailbox1CompleteCallback  stm32f1xx_hal_can.o
    0x08001f98   0x08001f98   0x00000002   Code   RO         2216    i.HAL_CAN_TxMailbox2AbortCallback  stm32f1xx_hal_can.o
    0x08001f9a   0x08001f9a   0x00000002   Code   RO         2217    i.HAL_CAN_TxMailbox2CompleteCallback  stm32f1xx_hal_can.o
    0x08001f9c   0x08001f9c   0x00000002   Code   RO         2219    i.HAL_CAN_WakeUpFromRxMsgCallback  stm32f1xx_hal_can.o
    0x08001f9e   0x08001f9e   0x00000056   Code   RO         1562    i.HAL_DMA_Abort     stm32f1xx_hal_dma.o
    0x08001ff4   0x08001ff4   0x000001a8   Code   RO         1563    i.HAL_DMA_Abort_IT  stm32f1xx_hal_dma.o
    0x0800219c   0x0800219c   0x00000028   Code   RO         1183    i.HAL_Delay         stm32f1xx_hal.o
    0x080021c4   0x080021c4   0x00000340   Code   RO         1498    i.HAL_GPIO_Init     stm32f1xx_hal_gpio.o
    0x08002504   0x08002504   0x00000010   Code   RO         1500    i.HAL_GPIO_ReadPin  stm32f1xx_hal_gpio.o
    0x08002514   0x08002514   0x0000000c   Code   RO         1502    i.HAL_GPIO_WritePin  stm32f1xx_hal_gpio.o
    0x08002520   0x08002520   0x0000000c   Code   RO         1187    i.HAL_GetTick       stm32f1xx_hal.o
    0x0800252c   0x0800252c   0x00000018   Code   RO         1193    i.HAL_IncTick       stm32f1xx_hal.o
    0x08002544   0x08002544   0x00000028   Code   RO         1194    i.HAL_Init          stm32f1xx_hal.o
    0x0800256c   0x0800256c   0x000000a0   Code   RO          825    i.HAL_InitTick      stm32f1xx_hal_timebase_tim.o
    0x0800260c   0x0800260c   0x00000060   Code   RO          801    i.HAL_MspInit       stm32f1xx_hal_msp.o
    0x0800266c   0x0800266c   0x00000020   Code   RO         1658    i.HAL_NVIC_EnableIRQ  stm32f1xx_hal_cortex.o
    0x0800268c   0x0800268c   0x0000007c   Code   RO         1664    i.HAL_NVIC_SetPriority  stm32f1xx_hal_cortex.o
    0x08002708   0x08002708   0x00000028   Code   RO         1665    i.HAL_NVIC_SetPriorityGrouping  stm32f1xx_hal_cortex.o
    0x08002730   0x08002730   0x00000118   Code   RO         1459    i.HAL_RCCEx_GetPeriphCLKFreq  stm32f1xx_hal_rcc_ex.o
    0x08002848   0x08002848   0x00000130   Code   RO         1460    i.HAL_RCCEx_PeriphCLKConfig  stm32f1xx_hal_rcc_ex.o
    0x08002978   0x08002978   0x0000018c   Code   RO         1351    i.HAL_RCC_ClockConfig  stm32f1xx_hal_rcc.o
    0x08002b04   0x08002b04   0x00000044   Code   RO         1355    i.HAL_RCC_GetClockConfig  stm32f1xx_hal_rcc.o
    0x08002b48   0x08002b48   0x0000000c   Code   RO         1356    i.HAL_RCC_GetHCLKFreq  stm32f1xx_hal_rcc.o
    0x08002b54   0x08002b54   0x00000020   Code   RO         1358    i.HAL_RCC_GetPCLK1Freq  stm32f1xx_hal_rcc.o
    0x08002b74   0x08002b74   0x00000020   Code   RO         1359    i.HAL_RCC_GetPCLK2Freq  stm32f1xx_hal_rcc.o
    0x08002b94   0x08002b94   0x00000070   Code   RO         1360    i.HAL_RCC_GetSysClockFreq  stm32f1xx_hal_rcc.o
    0x08002c04   0x08002c04   0x00000464   Code   RO         1363    i.HAL_RCC_OscConfig  stm32f1xx_hal_rcc.o
    0x08003068   0x08003068   0x00000002   Code   RO         2686    i.HAL_SPI_ErrorCallback  stm32f1xx_hal_spi.o
    0x0800306a   0x0800306a   0x00000002   PAD
    0x0800306c   0x0800306c   0x00000134   Code   RO         2689    i.HAL_SPI_IRQHandler  stm32f1xx_hal_spi.o
    0x080031a0   0x080031a0   0x000000be   Code   RO         2690    i.HAL_SPI_Init      stm32f1xx_hal_spi.o
    0x0800325e   0x0800325e   0x00000002   PAD
    0x08003260   0x08003260   0x00000084   Code   RO          539    i.HAL_SPI_MspInit   spi.o
    0x080032e4   0x080032e4   0x00000066   Code   RO         2548    i.HAL_SRAM_Init     stm32f1xx_hal_sram.o
    0x0800334a   0x0800334a   0x00000002   PAD
    0x0800334c   0x0800334c   0x00000090   Code   RO         5957    i.HAL_SRAM_MspInit  lcd.o
    0x080033dc   0x080033dc   0x00000002   Code   RO         3718    i.HAL_TIMEx_BreakCallback  stm32f1xx_hal_tim_ex.o
    0x080033de   0x080033de   0x00000002   Code   RO         3719    i.HAL_TIMEx_CommutCallback  stm32f1xx_hal_tim_ex.o
    0x080033e0   0x080033e0   0x0000009c   Code   RO         3737    i.HAL_TIMEx_MasterConfigSynchronization  stm32f1xx_hal_tim_ex.o
    0x0800347c   0x0800347c   0x00000066   Code   RO         3003    i.HAL_TIM_Base_Init  stm32f1xx_hal_tim.o
    0x080034e2   0x080034e2   0x00000002   PAD
    0x080034e4   0x080034e4   0x00000044   Code   RO          581    i.HAL_TIM_Base_MspInit  tim.o
    0x08003528   0x08003528   0x00000090   Code   RO         3008    i.HAL_TIM_Base_Start_IT  stm32f1xx_hal_tim.o
    0x080035b8   0x080035b8   0x00000002   Code   RO         3037    i.HAL_TIM_IC_CaptureCallback  stm32f1xx_hal_tim.o
    0x080035ba   0x080035ba   0x00000196   Code   RO         3051    i.HAL_TIM_IRQHandler  stm32f1xx_hal_tim.o
    0x08003750   0x08003750   0x00000002   Code   RO         3054    i.HAL_TIM_OC_DelayElapsedCallback  stm32f1xx_hal_tim.o
    0x08003752   0x08003752   0x00000002   Code   RO         3081    i.HAL_TIM_PWM_PulseFinishedCallback  stm32f1xx_hal_tim.o
    0x08003754   0x08003754   0x00000144   Code   RO           14    i.HAL_TIM_PeriodElapsedCallback  main.o
    0x08003898   0x08003898   0x00000002   Code   RO         3094    i.HAL_TIM_TriggerCallback  stm32f1xx_hal_tim.o
    0x0800389a   0x0800389a   0x00000002   Code   RO         3997    i.HAL_UARTEx_RxEventCallback  stm32f1xx_hal_uart.o
    0x0800389c   0x0800389c   0x00000002   Code   RO         4011    i.HAL_UART_ErrorCallback  stm32f1xx_hal_uart.o
    0x0800389e   0x0800389e   0x00000014   Code   RO         4013    i.HAL_UART_GetState  stm32f1xx_hal_uart.o
    0x080038b2   0x080038b2   0x00000002   PAD
    0x080038b4   0x080038b4   0x000002e4   Code   RO         4014    i.HAL_UART_IRQHandler  stm32f1xx_hal_uart.o
    0x08003b98   0x08003b98   0x00000076   Code   RO         4015    i.HAL_UART_Init     stm32f1xx_hal_uart.o
    0x08003c0e   0x08003c0e   0x00000002   PAD
    0x08003c10   0x08003c10   0x00000118   Code   RO          623    i.HAL_UART_MspInit  usart.o
    0x08003d28   0x08003d28   0x0000002c   Code   RO         4020    i.HAL_UART_Receive_IT  stm32f1xx_hal_uart.o
    0x08003d54   0x08003d54   0x000001fc   Code   RO          624    i.HAL_UART_RxCpltCallback  usart.o
    0x08003f50   0x08003f50   0x000000b2   Code   RO         4023    i.HAL_UART_Transmit  stm32f1xx_hal_uart.o
    0x08004002   0x08004002   0x00000002   Code   RO         4026    i.HAL_UART_TxCpltCallback  stm32f1xx_hal_uart.o
    0x08004004   0x08004004   0x00000004   Code   RO          699    i.HardFault_Handler  stm32f1xx_it.o
    0x08004008   0x08004008   0x00000098   Code   RO          397    i.MX_ADC1_Init      adc.o
    0x080040a0   0x080040a0   0x0000005c   Code   RO          398    i.MX_ADC3_Init      adc.o
    0x080040fc   0x080040fc   0x00000044   Code   RO          451    i.MX_CAN_Init       can.o
    0x08004140   0x08004140   0x00000098   Code   RO          258    i.MX_FREERTOS_Init  freertos.o
    0x080041d8   0x080041d8   0x000000b4   Code   RO          494    i.MX_FSMC_Init      fsmc.o
    0x0800428c   0x0800428c   0x00000120   Code   RO          234    i.MX_GPIO_Init      gpio.o
    0x080043ac   0x080043ac   0x00000044   Code   RO          540    i.MX_SPI1_Init      spi.o
    0x080043f0   0x080043f0   0x0000004c   Code   RO          582    i.MX_TIM6_Init      tim.o
    0x0800443c   0x0800443c   0x00000038   Code   RO          625    i.MX_USART1_UART_Init  usart.o
    0x08004474   0x08004474   0x00000038   Code   RO          626    i.MX_USART3_UART_Init  usart.o
    0x080044ac   0x080044ac   0x00000004   Code   RO          700    i.MemManage_Handler  stm32f1xx_it.o
    0x080044b0   0x080044b0   0x000001b4   Code   RO          259    i.MoveTask          freertos.o
    0x08004664   0x08004664   0x00000004   Code   RO          701    i.NMI_Handler       stm32f1xx_it.o
    0x08004668   0x08004668   0x0000000a   Code   RO          260    i.OpenmvConnect     freertos.o
    0x08004672   0x08004672   0x00000002   PAD
    0x08004674   0x08004674   0x0000003c   Code   RO         5892    i.PID_struct_init   pid.o
    0x080046b0   0x080046b0   0x0000004c   Code   RO          261    i.PushBoxTask       freertos.o
    0x080046fc   0x080046fc   0x00000028   Code   RO         1364    i.RCC_Delay         stm32f1xx_hal_rcc.o
    0x08004724   0x08004724   0x00000010   Code   RO          702    i.SPI1_IRQHandler   stm32f1xx_it.o
    0x08004734   0x08004734   0x00000014   Code   RO         2717    i.SPI_DMAAbortOnError  stm32f1xx_hal_spi.o
    0x08004748   0x08004748   0x00000194   Code   RO          262    i.ScanTask          freertos.o
    0x080048dc   0x080048dc   0x0000001c   Code   RO          627    i.Serial_GetRxFlag  usart.o
    0x080048f8   0x080048f8   0x00000160   Code   RO          263    i.StartDefaultTask  freertos.o
    0x08004a58   0x08004a58   0x00000034   Code   RO         5735    i.SysTick_Handler   port.o
    0x08004a8c   0x08004a8c   0x00000082   Code   RO           15    i.SystemClock_Config  main.o
    0x08004b0e   0x08004b0e   0x00000002   Code   RO         4359    i.SystemInit        system_stm32f1xx.o
    0x08004b10   0x08004b10   0x00000010   Code   RO          703    i.TIM1_UP_IRQHandler  stm32f1xx_it.o
    0x08004b20   0x08004b20   0x00000010   Code   RO          704    i.TIM6_IRQHandler   stm32f1xx_it.o
    0x08004b30   0x08004b30   0x0000009c   Code   RO         3096    i.TIM_Base_SetConfig  stm32f1xx_hal_tim.o
    0x08004bcc   0x08004bcc   0x00000014   Code   RO         4028    i.UART_DMAAbortOnError  stm32f1xx_hal_uart.o
    0x08004be0   0x08004be0   0x0000006c   Code   RO         4038    i.UART_EndRxTransfer  stm32f1xx_hal_uart.o
    0x08004c4c   0x08004c4c   0x00000020   Code   RO         4039    i.UART_EndTransmit_IT  stm32f1xx_hal_uart.o
    0x08004c6c   0x08004c6c   0x000000fc   Code   RO         4041    i.UART_Receive_IT   stm32f1xx_hal_uart.o
    0x08004d68   0x08004d68   0x000000fc   Code   RO         4042    i.UART_SetConfig    stm32f1xx_hal_uart.o
    0x08004e64   0x08004e64   0x00000040   Code   RO         4044    i.UART_Start_Receive_IT  stm32f1xx_hal_uart.o
    0x08004ea4   0x08004ea4   0x00000060   Code   RO         4045    i.UART_Transmit_IT  stm32f1xx_hal_uart.o
    0x08004f04   0x08004f04   0x00000092   Code   RO         4046    i.UART_WaitOnFlagUntilTimeout  stm32f1xx_hal_uart.o
    0x08004f96   0x08004f96   0x00000002   PAD
    0x08004f98   0x08004f98   0x00000010   Code   RO          705    i.USART1_IRQHandler  stm32f1xx_it.o
    0x08004fa8   0x08004fa8   0x00000010   Code   RO          706    i.USART3_IRQHandler  stm32f1xx_it.o
    0x08004fb8   0x08004fb8   0x00000010   Code   RO          707    i.USB_LP_CAN1_RX0_IRQHandler  stm32f1xx_it.o
    0x08004fc8   0x08004fc8   0x00000004   Code   RO          708    i.UsageFault_Handler  stm32f1xx_it.o
    0x08004fcc   0x08004fcc   0x00000020   Code   RO         6543    i.__0printf         mc_w.l(printfa.o)
    0x08004fec   0x08004fec   0x00000028   Code   RO         6545    i.__0sprintf        mc_w.l(printfa.o)
    0x08005014   0x08005014   0x00000028   Code   RO         6617    i.__ARM_fpclassify  m_ws.l(fpclassify.o)
    0x0800503c   0x0800503c   0x00000010   Code   RO         1671    i.__NVIC_GetPriorityGrouping  stm32f1xx_hal_cortex.o
    0x0800504c   0x0800504c   0x00000028   Code   RO         1672    i.__NVIC_SetPriority  stm32f1xx_hal_cortex.o
    0x08005074   0x08005074   0x000000aa   Code   RO         6619    i.__kernel_poly     m_ws.l(poly.o)
    0x0800511e   0x0800511e   0x00000002   PAD
    0x08005120   0x08005120   0x00000010   Code   RO         6603    i.__mathlib_dbl_divzero  m_ws.l(dunder.o)
    0x08005130   0x08005130   0x00000004   Code   RO         6605    i.__mathlib_dbl_infnan2  m_ws.l(dunder.o)
    0x08005134   0x08005134   0x0000000c   Code   RO         6606    i.__mathlib_dbl_invalid  m_ws.l(dunder.o)
    0x08005140   0x08005140   0x0000000e   Code   RO         6607    i.__mathlib_dbl_overflow  m_ws.l(dunder.o)
    0x0800514e   0x0800514e   0x00000002   PAD
    0x08005150   0x08005150   0x00000010   Code   RO         6609    i.__mathlib_dbl_underflow  m_ws.l(dunder.o)
    0x08005160   0x08005160   0x0000000e   Code   RO         6679    i.__scatterload_copy  mc_w.l(handlers.o)
    0x0800516e   0x0800516e   0x00000002   Code   RO         6680    i.__scatterload_null  mc_w.l(handlers.o)
    0x08005170   0x08005170   0x0000000e   Code   RO         6681    i.__scatterload_zeroinit  mc_w.l(handlers.o)
    0x0800517e   0x0800517e   0x00000002   PAD
    0x08005180   0x08005180   0x0000000c   Code   RO         6655    i.__set_errno       mc_w.l(errno.o)
    0x0800518c   0x0800518c   0x00000184   Code   RO         6550    i._fp_digits        mc_w.l(printfa.o)
    0x08005310   0x08005310   0x000006dc   Code   RO         6551    i._printf_core      mc_w.l(printfa.o)
    0x080059ec   0x080059ec   0x00000024   Code   RO         6552    i._printf_post_padding  mc_w.l(printfa.o)
    0x08005a10   0x08005a10   0x0000002e   Code   RO         6553    i._printf_pre_padding  mc_w.l(printfa.o)
    0x08005a3e   0x08005a3e   0x0000000a   Code   RO         6555    i._sputc            mc_w.l(printfa.o)
    0x08005a48   0x08005a48   0x00000028   Code   RO         5893    i.abs_limit         pid.o
    0x08005a70   0x08005a70   0x00000038   Code   RO         5816    i.can_receive       bsp_can.o
    0x08005aa8   0x08005aa8   0x0000001c   Code   RO          629    i.fputc             usart.o
    0x08005ac4   0x08005ac4   0x00000016   Code   RO          399    i.get_adc           adc.o
    0x08005ada   0x08005ada   0x00000002   PAD
    0x08005adc   0x08005adc   0x00000080   Code   RO         5818    i.get_moto_measure  bsp_can.o
    0x08005b5c   0x08005b5c   0x00000018   Code   RO         5819    i.get_moto_offset   bsp_can.o
    0x08005b74   0x08005b74   0x00000034   Code   RO         5958    i.lcd_clear         lcd.o
    0x08005ba8   0x08005ba8   0x0000016c   Code   RO         5960    i.lcd_display_dir   lcd.o
    0x08005d14   0x08005d14   0x00000020   Code   RO         5966    i.lcd_draw_point    lcd.o
    0x08005d34   0x08005d34   0x0000022c   Code   RO         5968    i.lcd_ex_ili9341_reginit  lcd.o
    0x08005f60   0x08005f60   0x00000340   Code   RO         5969    i.lcd_ex_ili9806_reginit  lcd.o
    0x080062a0   0x080062a0   0x00000ef2   Code   RO         5970    i.lcd_ex_nt35310_reginit  lcd.o
    0x08007192   0x08007192   0x00000efc   Code   RO         5971    i.lcd_ex_nt35510_reginit  lcd.o
    0x0800808e   0x0800808e   0x0000016e   Code   RO         5972    i.lcd_ex_ssd1963_reginit  lcd.o
    0x080081fc   0x080081fc   0x000001a8   Code   RO         5973    i.lcd_ex_st7789_reginit  lcd.o
    0x080083a4   0x080083a4   0x000001c6   Code   RO         5974    i.lcd_ex_st7796_reginit  lcd.o
    0x0800856a   0x0800856a   0x00000002   PAD
    0x0800856c   0x0800856c   0x00000454   Code   RO         5977    i.lcd_init          lcd.o
    0x080089c0   0x080089c0   0x0000000c   Code   RO         5978    i.lcd_opt_delay     lcd.o
    0x080089cc   0x080089cc   0x00000018   Code   RO         5980    i.lcd_rd_data       lcd.o
    0x080089e4   0x080089e4   0x0000023c   Code   RO         5982    i.lcd_scan_dir      lcd.o
    0x08008c20   0x08008c20   0x00000120   Code   RO         5983    i.lcd_set_cursor    lcd.o
    0x08008d40   0x08008d40   0x00000140   Code   RO         5985    i.lcd_show_char     lcd.o
    0x08008e80   0x08008e80   0x0000006a   Code   RO         5987    i.lcd_show_string   lcd.o
    0x08008eea   0x08008eea   0x00000002   PAD
    0x08008eec   0x08008eec   0x00000054   Code   RO         5989    i.lcd_ssd_backlight_set  lcd.o
    0x08008f40   0x08008f40   0x00000018   Code   RO         5990    i.lcd_wr_data       lcd.o
    0x08008f58   0x08008f58   0x00000018   Code   RO         5991    i.lcd_wr_regno      lcd.o
    0x08008f70   0x08008f70   0x00000014   Code   RO         5992    i.lcd_write_ram_prepare  lcd.o
    0x08008f84   0x08008f84   0x00000010   Code   RO         5993    i.lcd_write_reg     lcd.o
    0x08008f94   0x08008f94   0x0000004c   Code   RO           16    i.main              main.o
    0x08008fe0   0x08008fe0   0x0000000e   Code   RO         5318    i.makeFreeRtosPriority  cmsis_os.o
    0x08008fee   0x08008fee   0x00000018   Code   RO         5320    i.osDelay           cmsis_os.o
    0x08009006   0x08009006   0x0000000a   Code   RO         5323    i.osKernelStart     cmsis_os.o
    0x08009010   0x08009010   0x0000005e   Code   RO         5357    i.osThreadCreate    cmsis_os.o
    0x0800906e   0x0800906e   0x00000192   Code   RO         5894    i.pid_calc          pid.o
    0x08009200   0x08009200   0x00000014   Code   RO         5895    i.pid_param_init    pid.o
    0x08009214   0x08009214   0x00000008   Code   RO         5896    i.pid_reset         pid.o
    0x0800921c   0x0800921c   0x000009d8   Code   RO         6288    i.pow               m_ws.l(pow.o)
    0x08009bf4   0x08009bf4   0x00000098   Code   RO         4867    i.prvAddCurrentTaskToDelayedList  tasks.o
    0x08009c8c   0x08009c8c   0x000000b4   Code   RO         4868    i.prvAddNewTaskToReadyList  tasks.o
    0x08009d40   0x08009d40   0x00000074   Code   RO         5177    i.prvCheckForValidListAndQueue  timers.o
    0x08009db4   0x08009db4   0x00000048   Code   RO         4869    i.prvCheckTasksWaitingTermination  tasks.o
    0x08009dfc   0x08009dfc   0x0000002a   Code   RO         4536    i.prvCopyDataFromQueue  queue.o
    0x08009e26   0x08009e26   0x0000007c   Code   RO         4537    i.prvCopyDataToQueue  queue.o
    0x08009ea2   0x08009ea2   0x00000050   Code   RO         4870    i.prvDeleteTCB      tasks.o
    0x08009ef2   0x08009ef2   0x00000002   PAD
    0x08009ef4   0x08009ef4   0x00000028   Code   RO         5178    i.prvGetNextExpireTime  timers.o
    0x08009f1c   0x08009f1c   0x0000007c   Code   RO         5685    i.prvHeapInit       heap_4.o
    0x08009f98   0x08009f98   0x00000028   Code   RO         4871    i.prvIdleTask       tasks.o
    0x08009fc0   0x08009fc0   0x00000026   Code   RO         4540    i.prvInitialiseNewQueue  queue.o
    0x08009fe6   0x08009fe6   0x000000aa   Code   RO         4872    i.prvInitialiseNewTask  tasks.o
    0x0800a090   0x0800a090   0x00000068   Code   RO         4873    i.prvInitialiseTaskLists  tasks.o
    0x0800a0f8   0x0800a0f8   0x00000068   Code   RO         5686    i.prvInsertBlockIntoFreeList  heap_4.o
    0x0800a160   0x0800a160   0x00000058   Code   RO         5180    i.prvInsertTimerInActiveList  timers.o
    0x0800a1b8   0x0800a1b8   0x0000001a   Code   RO         4541    i.prvIsQueueEmpty   queue.o
    0x0800a1d2   0x0800a1d2   0x0000001e   Code   RO         4542    i.prvIsQueueFull    queue.o
    0x0800a1f0   0x0800a1f0   0x00000064   Code   RO         5181    i.prvProcessExpiredTimer  timers.o
    0x0800a254   0x0800a254   0x000000fc   Code   RO         5182    i.prvProcessReceivedCommands  timers.o
    0x0800a350   0x0800a350   0x00000074   Code   RO         5183    i.prvProcessTimerOrBlockTask  timers.o
    0x0800a3c4   0x0800a3c4   0x00000034   Code   RO         4874    i.prvResetNextTaskUnblockTime  tasks.o
    0x0800a3f8   0x0800a3f8   0x0000002c   Code   RO         5184    i.prvSampleTimeNow  timers.o
    0x0800a424   0x0800a424   0x000000a0   Code   RO         5185    i.prvSwitchTimerLists  timers.o
    0x0800a4c4   0x0800a4c4   0x00000040   Code   RO         5736    i.prvTaskExitError  port.o
    0x0800a504   0x0800a504   0x0000001a   Code   RO         5186    i.prvTimerTask      timers.o
    0x0800a51e   0x0800a51e   0x0000007e   Code   RO         4543    i.prvUnlockQueue    queue.o
    0x0800a59c   0x0800a59c   0x0000013c   Code   RO         5687    i.pvPortMalloc      heap_4.o
    0x0800a6d8   0x0800a6d8   0x00000024   Code   RO         5737    i.pxPortInitialiseStack  port.o
    0x0800a6fc   0x0800a6fc   0x00000184   Code   RO          264    i.scan              freertos.o
    0x0800a880   0x0800a880   0x00000058   Code   RO         5821    i.set_moto_current  bsp_can.o
    0x0800a8d8   0x0800a8d8   0x0000004c   Code   RO         6623    i.sqrt              m_ws.l(sqrt.o)
    0x0800a924   0x0800a924   0x00000028   Code   RO         4496    i.uxListRemove      list.o
    0x0800a94c   0x0800a94c   0x00000018   Code   RO          266    i.vApplicationGetIdleTaskMemory  freertos.o
    0x0800a964   0x0800a964   0x00000018   Code   RO          267    i.vApplicationGetTimerTaskMemory  freertos.o
    0x0800a97c   0x0800a97c   0x0000001a   Code   RO         4497    i.vListInitialise   list.o
    0x0800a996   0x0800a996   0x00000006   Code   RO         4498    i.vListInitialiseItem  list.o
    0x0800a99c   0x0800a99c   0x00000034   Code   RO         4499    i.vListInsert       list.o
    0x0800a9d0   0x0800a9d0   0x00000018   Code   RO         4500    i.vListInsertEnd    list.o
    0x0800a9e8   0x0800a9e8   0x00000054   Code   RO         5739    i.vPortEnterCritical  port.o
    0x0800aa3c   0x0800aa3c   0x0000003c   Code   RO         5740    i.vPortExitCritical  port.o
    0x0800aa78   0x0800aa78   0x00000094   Code   RO         5688    i.vPortFree         heap_4.o
    0x0800ab0c   0x0800ab0c   0x00000028   Code   RO         5741    i.vPortSetupTimerInterrupt  port.o
    0x0800ab34   0x0800ab34   0x00000078   Code   RO         5742    i.vPortValidateInterruptPriority  port.o
    0x0800abac   0x0800abac   0x0000002c   Code   RO         4547    i.vQueueAddToRegistry  queue.o
    0x0800abd8   0x0800abd8   0x0000004a   Code   RO         4550    i.vQueueWaitForMessageRestricted  queue.o
    0x0800ac22   0x0800ac22   0x00000002   PAD
    0x0800ac24   0x0800ac24   0x0000005c   Code   RO         4882    i.vTaskDelay        tasks.o
    0x0800ac80   0x0800ac80   0x000000f4   Code   RO         4883    i.vTaskDelete       tasks.o
    0x0800ad74   0x0800ad74   0x00000018   Code   RO         4885    i.vTaskInternalSetTimeOutState  tasks.o
    0x0800ad8c   0x0800ad8c   0x0000000c   Code   RO         4886    i.vTaskMissedYield  tasks.o
    0x0800ad98   0x0800ad98   0x00000038   Code   RO         4888    i.vTaskPlaceOnEventList  tasks.o
    0x0800add0   0x0800add0   0x00000040   Code   RO         4889    i.vTaskPlaceOnEventListRestricted  tasks.o
    0x0800ae10   0x0800ae10   0x000000b8   Code   RO         4896    i.vTaskStartScheduler  tasks.o
    0x0800aec8   0x0800aec8   0x00000010   Code   RO         4898    i.vTaskSuspendAll   tasks.o
    0x0800aed8   0x0800aed8   0x0000008c   Code   RO         4899    i.vTaskSwitchContext  tasks.o
    0x0800af64   0x0800af64   0x000000f8   Code   RO         5743    i.xPortStartScheduler  port.o
    0x0800b05c   0x0800b05c   0x000000de   Code   RO         4554    i.xQueueGenericCreateStatic  queue.o
    0x0800b13a   0x0800b13a   0x00000002   PAD
    0x0800b13c   0x0800b13c   0x00000098   Code   RO         4555    i.xQueueGenericReset  queue.o
    0x0800b1d4   0x0800b1d4   0x000001a8   Code   RO         4556    i.xQueueGenericSend  queue.o
    0x0800b37c   0x0800b37c   0x000000f8   Code   RO         4557    i.xQueueGenericSendFromISR  queue.o
    0x0800b474   0x0800b474   0x00000168   Code   RO         4563    i.xQueueReceive     queue.o
    0x0800b5dc   0x0800b5dc   0x0000008c   Code   RO         4900    i.xTaskCheckForTimeOut  tasks.o
    0x0800b668   0x0800b668   0x00000064   Code   RO         4901    i.xTaskCreate       tasks.o
    0x0800b6cc   0x0800b6cc   0x000000b8   Code   RO         4902    i.xTaskCreateStatic  tasks.o
    0x0800b784   0x0800b784   0x00000020   Code   RO         4906    i.xTaskGetSchedulerState  tasks.o
    0x0800b7a4   0x0800b7a4   0x0000000c   Code   RO         4907    i.xTaskGetTickCount  tasks.o
    0x0800b7b0   0x0800b7b0   0x00000148   Code   RO         4909    i.xTaskIncrementTick  tasks.o
    0x0800b8f8   0x0800b8f8   0x000000c8   Code   RO         4912    i.xTaskPriorityDisinherit  tasks.o
    0x0800b9c0   0x0800b9c0   0x00000098   Code   RO         4914    i.xTaskRemoveFromEventList  tasks.o
    0x0800ba58   0x0800ba58   0x00000104   Code   RO         4915    i.xTaskResumeAll    tasks.o
    0x0800bb5c   0x0800bb5c   0x00000078   Code   RO         5191    i.xTimerCreateTimerTask  timers.o
    0x0800bbd4   0x0800bbd4   0x00000084   Code   RO         5192    i.xTimerGenericCommand  timers.o
    0x0800bc58   0x0800bc58   0x0000008c   Data   RO          269    .constdata          freertos.o
    0x0800bce4   0x0800bce4   0x00000012   Data   RO         1365    .constdata          stm32f1xx_hal_rcc.o
    0x0800bcf6   0x0800bcf6   0x00000012   Data   RO         1461    .constdata          stm32f1xx_hal_rcc_ex.o
    0x0800bd08   0x0800bd08   0x00000018   Data   RO         4360    .constdata          system_stm32f1xx.o
    0x0800bd20   0x0800bd20   0x00002f80   Data   RO         5995    .constdata          lcd.o
    0x0800eca0   0x0800eca0   0x00000088   Data   RO         6289    .constdata          m_ws.l(pow.o)
    0x0800ed28   0x0800ed28   0x00000008   Data   RO         6621    .constdata          m_ws.l(qnan.o)
    0x0800ed30   0x0800ed30   0x00000038   Data   RO          270    .conststring        freertos.o
    0x0800ed68   0x0800ed68   0x00000020   Data   RO         6677    Region$$Table       anon$$obj.o


    Execution Region RW_IRAM1 (Exec base: 0x20000000, Load base: 0x0800ed88, Size: 0x00005b80, Max: 0x00010000, ABSOLUTE, COMPRESSED[0x00000214])

    Exec Addr    Load Addr    Size         Type   Attr      Idx    E Section Name        Object

    0x20000000   COMPRESSED   0x00000002   Data   RW           18    .data               main.o
    0x20000002   COMPRESSED   0x00000006   PAD
    0x20000008   COMPRESSED   0x00000890   Data   RW          271    .data               freertos.o
    0x20000898   COMPRESSED   0x0000001a   Data   RW          631    .data               usart.o
    0x200008b2   COMPRESSED   0x00000002   PAD
    0x200008b4   COMPRESSED   0x00000009   Data   RW         1201    .data               stm32f1xx_hal.o
    0x200008bd   COMPRESSED   0x00000003   PAD
    0x200008c0   COMPRESSED   0x00000004   Data   RW         4361    .data               system_stm32f1xx.o
    0x200008c4   COMPRESSED   0x0000003c   Data   RW         4918    .data               tasks.o
    0x20000900   COMPRESSED   0x00000014   Data   RW         5198    .data               timers.o
    0x20000914   COMPRESSED   0x00000018   Data   RW         5693    .data               heap_4.o
    0x2000092c   COMPRESSED   0x0000000c   Data   RW         5744    .data               port.o
    0x20000938   COMPRESSED   0x00000019   Data   RW         5823    .data               bsp_can.o
    0x20000951   COMPRESSED   0x00000003   PAD
    0x20000954   COMPRESSED   0x00000008   Data   RW         5996    .data               lcd.o
    0x2000095c   COMPRESSED   0x00000004   Data   RW         6644    .data               mc_w.l(stdout.o)
    0x20000960   COMPRESSED   0x00000004   Data   RW         6656    .data               mc_w.l(errno.o)
    0x20000964        -       0x00000018   Zero   RW           17    .bss                main.o
    0x2000097c        -       0x000006cc   Zero   RW          268    .bss                freertos.o
    0x20001048        -       0x00000060   Zero   RW          400    .bss                adc.o
    0x200010a8        -       0x00000028   Zero   RW          452    .bss                can.o
    0x200010d0        -       0x00000048   Zero   RW          495    .bss                fsmc.o
    0x20001118        -       0x00000058   Zero   RW          541    .bss                spi.o
    0x20001170        -       0x00000048   Zero   RW          583    .bss                tim.o
    0x200011b8        -       0x000002a0   Zero   RW          630    .bss                usart.o
    0x20001458        -       0x00000048   Zero   RW          828    .bss                stm32f1xx_hal_timebase_tim.o
    0x200014a0        -       0x00000040   Zero   RW         4566    .bss                queue.o
    0x200014e0        -       0x000000f0   Zero   RW         4917    .bss                tasks.o
    0x200015d0        -       0x000000e8   Zero   RW         5197    .bss                timers.o
    0x200016b8        -       0x00003c00   Zero   RW         5692    .bss                heap_4.o
    0x200052b8        -       0x00000110   Zero   RW         5822    .bss                bsp_can.o
    0x200053c8        -       0x00000360   Zero   RW         5899    .bss                pid.o
    0x20005728        -       0x00000056   Zero   RW         5994    .bss                lcd.o
    0x2000577e   COMPRESSED   0x00000002   PAD
    0x20005780        -       0x00000400   Zero   RW            1    STACK               startup_stm32f103xe.o


==============================================================================

Image component sizes


      Code (inc. data)   RO Data    RW Data    ZI Data      Debug   Object Name

       498         42          0          0         96       2884   adc.o
       544         70          0         25        272       6685   bsp_can.o
       220         24          0          0         40       1635   can.o
       142          0          0          0          0      22055   cmsis_os.o
         0          0          0          0          0      18164   event_groups.o
      1866        454        196       2192       1740      11162   freertos.o
       180         12          0          0         72        912   fsmc.o
       288         14          0          0          0       1075   gpio.o
       692         62          0         24      15360       4663   heap_4.o
     13484        162      12160          8         86      23019   lcd.o
       148          0          0          0          0       3414   list.o
       536         36          0          2         24     572536   main.o
       530         10          0          0        864       5182   pid.o
       854         78          0         12          0      11245   port.o
      1910         20          0          0         64      14212   queue.o
       200         22          0          0         88       1621   spi.o
        36          8        304          0       1024        804   startup_stm32f103xe.o
       116         24          0          9          0       5850   stm32f1xx_hal.o
      1594         46          0          0          0       7942   stm32f1xx_hal_adc.o
       286          6          0          0          0       2027   stm32f1xx_hal_adc_ex.o
      2162          0          0          0          0      14424   stm32f1xx_hal_can.o
       252         22          0          0          0      28666   stm32f1xx_hal_cortex.o
       510         10          0          0          0       1891   stm32f1xx_hal_dma.o
       860         40          0          0          0       3327   stm32f1xx_hal_gpio.o
        96         10          0          0          0        894   stm32f1xx_hal_msp.o
      1816        108         18          0          0       6581   stm32f1xx_hal_rcc.o
       584         34         18          0          0       2389   stm32f1xx_hal_rcc_ex.o
       520          4          0          0          0       3208   stm32f1xx_hal_spi.o
       102          0          0          0          0       1208   stm32f1xx_hal_sram.o
       816         44          0          0          0       5655   stm32f1xx_hal_tim.o
       160         22          0          0          0       2429   stm32f1xx_hal_tim_ex.o
       160         22          0          0         72       1427   stm32f1xx_hal_timebase_tim.o
      2076          8          0          0          0      12644   stm32f1xx_hal_uart.o
       150         48          0          0          0       6317   stm32f1xx_it.o
       254         10          0          0          0       3819   stm32f1xx_ll_fsmc.o
         0          0          0          0          0        392   stream_buffer.o
         2          0         24          4          0       1119   system_stm32f1xx.o
      3090        390          0         60        240      24460   tasks.o
       144         18          0          0         72       1562   tim.o
      1194        126          0         20        232      26855   timers.o
       956        118          0         26        672       4648   usart.o

    ----------------------------------------------------------------------
     40068       2124      12752       2396      21020     871002   Object Totals
         0          0         32          0          0          0   (incl. Generated)
        40          0          0         14          2          0   (incl. Padding)

    ----------------------------------------------------------------------

      Code (inc. data)   RO Data    RW Data    ZI Data      Debug   Library Member Name

        62         10          0          0          0        340   dunder.o
        40          0          0          0          0         68   fpclassify.o
       170          0          0          0          0         96   poly.o
      2520        190        136          0          0        324   pow.o
         0          0          8          0          0          0   qnan.o
        76          0          0          0          0         84   sqrt.o
        94          0          0          0          0          0   __dclz77c.o
         0          0          0          0          0          0   entry.o
         0          0          0          0          0          0   entry10a.o
         0          0          0          0          0          0   entry11a.o
         8          4          0          0          0          0   entry2.o
         4          0          0          0          0          0   entry5.o
         0          0          0          0          0          0   entry7b.o
         0          0          0          0          0          0   entry8b.o
         8          4          0          0          0          0   entry9a.o
        12          6          0          4          0         68   errno.o
        30          0          0          0          0          0   handlers.o
        36          8          0          0          0         68   init.o
         0          0          0          0          0          0   iusefp.o
        30          0          0          0          0         68   llshl.o
        36          0          0          0          0         68   llsshr.o
        32          0          0          0          0         68   llushr.o
        36          0          0          0          0         68   memcpya.o
        36          0          0          0          0        108   memseta.o
      2308         96          0          0          0        604   printfa.o
         0          0          0          4          0          0   stdout.o
        44          0          0          0          0         80   uidiv.o
        98          0          0          0          0         92   uldiv.o
        48          0          0          0          0         68   cdcmple.o
        48          0          0          0          0         68   cdrcmple.o
        20          0          0          0          0         68   cfcmple.o
        20          0          0          0          0         68   cfrcmple.o
        56          0          0          0          0         88   d2f.o
       334          0          0          0          0        148   dadd.o
       222          0          0          0          0        100   ddiv.o
       186          0          0          0          0        176   depilogue.o
        50          0          0          0          0         76   dfixui.o
        48          0          0          0          0         68   dfixul.o
        34          0          0          0          0         76   dflti.o
        26          0          0          0          0         76   dfltui.o
       228          0          0          0          0         96   dmul.o
        46          0          0          0          0         80   dscalb.o
       162          0          0          0          0        100   dsqrt.o
        38          0          0          0          0         68   f2d.o
       176          0          0          0          0        140   fadd.o
       124          0          0          0          0         88   fdiv.o
       110          0          0          0          0        168   fepilogue.o
        50          0          0          0          0         68   ffixi.o
        18          0          0          0          0         68   fflti.o
        10          0          0          0          0         68   ffltui.o
       100          0          0          0          0         76   fmul.o

    ----------------------------------------------------------------------
      7844        318        144          8          0       4304   Library Totals
        10          0          0          0          0          0   (incl. Padding)

    ----------------------------------------------------------------------

      Code (inc. data)   RO Data    RW Data    ZI Data      Debug   Library Name

      2868        200        144          0          0        912   m_ws.l
      2812        118          0          8          0       1292   mc_w.l
      2154          0          0          0          0       2100   mf_w.l

    ----------------------------------------------------------------------
      7844        318        144          8          0       4304   Library Totals

    ----------------------------------------------------------------------

==============================================================================


      Code (inc. data)   RO Data    RW Data    ZI Data      Debug   

     47912       2442      12896       2404      21020     860718   Grand Totals
     47912       2442      12896        532      21020     860718   ELF Image Totals (compressed)
     47912       2442      12896        532          0          0   ROM Totals

==============================================================================

    Total RO  Size (Code + RO Data)                60808 (  59.38kB)
    Total RW  Size (RW Data + ZI Data)             23424 (  22.88kB)
    Total ROM Size (Code + RO Data + RW Data)      61340 (  59.90kB)

==============================================================================

