Component: ARM Compiler 5.06 update 5 (build 528) Tool: armlink [4d35e2]

==============================================================================

Section Cross References

    startup_stm32f103xe.o(RESET) refers to startup_stm32f103xe.o(STACK) for __initial_sp
    startup_stm32f103xe.o(RESET) refers to startup_stm32f103xe.o(.text) for Reset_Handler
    startup_stm32f103xe.o(RESET) refers to stm32f1xx_it.o(i.NMI_Handler) for NMI_Handler
    startup_stm32f103xe.o(RESET) refers to stm32f1xx_it.o(i.HardFault_Handler) for HardFault_Handler
    startup_stm32f103xe.o(RESET) refers to stm32f1xx_it.o(i.MemManage_Handler) for MemManage_Handler
    startup_stm32f103xe.o(RESET) refers to stm32f1xx_it.o(i.BusFault_Handler) for BusFault_Handler
    startup_stm32f103xe.o(RESET) refers to stm32f1xx_it.o(i.UsageFault_Handler) for UsageFault_Handler
    startup_stm32f103xe.o(RESET) refers to port.o(.emb_text) for SVC_Handler
    startup_stm32f103xe.o(RESET) refers to stm32f1xx_it.o(i.DebugMon_Handler) for DebugMon_Handler
    startup_stm32f103xe.o(RESET) refers to port.o(i.SysTick_Handler) for SysTick_Handler
    startup_stm32f103xe.o(RESET) refers to stm32f1xx_it.o(i.ADC1_2_IRQHandler) for ADC1_2_IRQHandler
    startup_stm32f103xe.o(RESET) refers to stm32f1xx_it.o(i.USB_LP_CAN1_RX0_IRQHandler) for USB_LP_CAN1_RX0_IRQHandler
    startup_stm32f103xe.o(RESET) refers to stm32f1xx_it.o(i.TIM1_UP_IRQHandler) for TIM1_UP_IRQHandler
    startup_stm32f103xe.o(RESET) refers to stm32f1xx_it.o(i.SPI1_IRQHandler) for SPI1_IRQHandler
    startup_stm32f103xe.o(RESET) refers to stm32f1xx_it.o(i.USART1_IRQHandler) for USART1_IRQHandler
    startup_stm32f103xe.o(RESET) refers to stm32f1xx_it.o(i.USART3_IRQHandler) for USART3_IRQHandler
    startup_stm32f103xe.o(RESET) refers to stm32f1xx_it.o(i.ADC3_IRQHandler) for ADC3_IRQHandler
    startup_stm32f103xe.o(.text) refers to system_stm32f1xx.o(i.SystemInit) for SystemInit
    startup_stm32f103xe.o(.text) refers to entry.o(.ARM.Collect$$$$00000000) for __main
    main.o(i.HAL_TIM_PeriodElapsedCallback) refers to stm32f1xx_hal.o(i.HAL_IncTick) for HAL_IncTick
    main.o(i.SystemClock_Config) refers to memseta.o(.text) for __aeabi_memclr4
    main.o(i.SystemClock_Config) refers to stm32f1xx_hal_rcc.o(i.HAL_RCC_OscConfig) for HAL_RCC_OscConfig
    main.o(i.SystemClock_Config) refers to main.o(i.Error_Handler) for Error_Handler
    main.o(i.SystemClock_Config) refers to stm32f1xx_hal_rcc.o(i.HAL_RCC_ClockConfig) for HAL_RCC_ClockConfig
    main.o(i.SystemClock_Config) refers to stm32f1xx_hal_rcc_ex.o(i.HAL_RCCEx_PeriphCLKConfig) for HAL_RCCEx_PeriphCLKConfig
    main.o(i.main) refers to stm32f1xx_hal.o(i.HAL_Init) for HAL_Init
    main.o(i.main) refers to main.o(i.SystemClock_Config) for SystemClock_Config
    main.o(i.main) refers to gpio.o(i.MX_GPIO_Init) for MX_GPIO_Init
    main.o(i.main) refers to can.o(i.MX_CAN_Init) for MX_CAN_Init
    main.o(i.main) refers to usart.o(i.MX_USART1_UART_Init) for MX_USART1_UART_Init
    main.o(i.main) refers to usart.o(i.MX_USART3_UART_Init) for MX_USART3_UART_Init
    main.o(i.main) refers to spi.o(i.MX_SPI1_Init) for MX_SPI1_Init
    main.o(i.main) refers to fsmc.o(i.MX_FSMC_Init) for MX_FSMC_Init
    main.o(i.main) refers to adc.o(i.MX_ADC1_Init) for MX_ADC1_Init
    main.o(i.main) refers to adc.o(i.MX_ADC3_Init) for MX_ADC3_Init
    main.o(i.main) refers to stm32f1xx_hal_adc_ex.o(i.HAL_ADCEx_Calibration_Start) for HAL_ADCEx_Calibration_Start
    main.o(i.main) refers to freertos.o(i.MX_FREERTOS_Init) for MX_FREERTOS_Init
    main.o(i.main) refers to cmsis_os.o(i.osKernelStart) for osKernelStart
    main.o(i.main) refers to adc.o(.bss) for hadc1
    gpio.o(i.MX_GPIO_Init) refers to stm32f1xx_hal_gpio.o(i.HAL_GPIO_WritePin) for HAL_GPIO_WritePin
    gpio.o(i.MX_GPIO_Init) refers to stm32f1xx_hal_gpio.o(i.HAL_GPIO_Init) for HAL_GPIO_Init
    freertos.o(i.KeyTask) refers to stm32f1xx_hal_gpio.o(i.HAL_GPIO_ReadPin) for HAL_GPIO_ReadPin
    freertos.o(i.KeyTask) refers to cmsis_os.o(i.osDelay) for osDelay
    freertos.o(i.KeyTask) refers to main.o(.bss) for key
    freertos.o(i.KeyTask) refers to freertos.o(.data) for long_time
    freertos.o(i.MX_FREERTOS_Init) refers to memcpya.o(.text) for __aeabi_memcpy4
    freertos.o(i.MX_FREERTOS_Init) refers to cmsis_os.o(i.osThreadCreate) for osThreadCreate
    freertos.o(i.MX_FREERTOS_Init) refers to freertos.o(.constdata) for .constdata
    freertos.o(i.MX_FREERTOS_Init) refers to freertos.o(.data) for defaultTaskHandle
    freertos.o(i.MoveTask) refers to pid.o(i.PID_struct_init) for PID_struct_init
    freertos.o(i.MoveTask) refers to fflti.o(.text) for __aeabi_i2f
    freertos.o(i.MoveTask) refers to pid.o(i.pid_calc) for pid_calc
    freertos.o(i.MoveTask) refers to ffixi.o(.text) for __aeabi_f2iz
    freertos.o(i.MoveTask) refers to bsp_can.o(i.set_moto_current) for set_moto_current
    freertos.o(i.MoveTask) refers to printfa.o(i.__0printf) for __2printf
[...]
    xTimerQueue                              0x2000092c   Data           4  timers.o(.data)
    xTimerTaskHandle                         0x20000930   Data           4  timers.o(.data)
    xLastTime                                0x20000934   Data           4  timers.o(.data)
    .data                                    0x20000938   Section       24  heap_4.o(.data)
    xStart                                   0x20000938   Data           8  heap_4.o(.data)
    pxEnd                                    0x20000940   Data           4  heap_4.o(.data)
    xFreeBytesRemaining                      0x20000944   Data           4  heap_4.o(.data)
    xMinimumEverFreeBytesRemaining           0x20000948   Data           4  heap_4.o(.data)
    xBlockAllocatedBit                       0x2000094c   Data           4  heap_4.o(.data)
    .data                                    0x20000950   Section       12  port.o(.data)
    uxCriticalNesting                        0x20000950   Data           4  port.o(.data)
    ucMaxSysCallPriority                     0x20000954   Data           1  port.o(.data)
    ulMaxPRIGROUPValue                       0x20000958   Data           4  port.o(.data)
    .data                                    0x2000095c   Section       25  bsp_can.o(.data)
    i                                        0x20000974   Data           1  bsp_can.o(.data)
    .data                                    0x20000978   Section        4  stdout.o(.data)
    .bss                                     0x2000097c   Section     1740  freertos.o(.bss)
    xIdleTaskTCBBuffer                       0x200009a0   Data          84  freertos.o(.bss)
    xIdleStack                               0x200009f4   Data         512  freertos.o(.bss)
    xTimerTaskTCBBuffer                      0x20000bf4   Data          84  freertos.o(.bss)
    xTimerStack                              0x20000c48   Data        1024  freertos.o(.bss)
    .bss                                     0x20001048   Section       96  adc.o(.bss)
    .bss                                     0x200010a8   Section       40  can.o(.bss)
    .bss                                     0x200010d0   Section       72  fsmc.o(.bss)
    .bss                                     0x20001118   Section       88  spi.o(.bss)
    .bss                                     0x20001170   Section      672  usart.o(.bss)
    .bss                                     0x20001410   Section       72  stm32f1xx_hal_timebase_tim.o(.bss)
    .bss                                     0x20001458   Section       64  queue.o(.bss)
    .bss                                     0x20001498   Section      240  tasks.o(.bss)
    pxReadyTasksLists                        0x20001498   Data         140  tasks.o(.bss)
    xDelayedTaskList1                        0x20001524   Data          20  tasks.o(.bss)
    xDelayedTaskList2                        0x20001538   Data          20  tasks.o(.bss)
    xPendingReadyList                        0x2000154c   Data          20  tasks.o(.bss)
    xTasksWaitingTermination                 0x20001560   Data          20  tasks.o(.bss)
    xSuspendedTaskList                       0x20001574   Data          20  tasks.o(.bss)
    .bss                                     0x20001588   Section      232  timers.o(.bss)
    xActiveTimerList1                        0x20001588   Data          20  timers.o(.bss)
    xActiveTimerList2                        0x2000159c   Data          20  timers.o(.bss)
    xStaticTimerQueue                        0x200015b0   Data          72  timers.o(.bss)
    ucStaticTimerQueueStorage                0x200015f8   Data         120  timers.o(.bss)
    .bss                                     0x20001670   Section    15360  heap_4.o(.bss)
    ucHeap                                   0x20001670   Data       15360  heap_4.o(.bss)
    .bss                                     0x20005270   Section      272  bsp_can.o(.bss)
    .bss                                     0x20005380   Section      864  pid.o(.bss)
    .bss                                     0x200056e0   Section       86  lcd.o(.bss)
    STACK                                    0x20005738   Section     1024  startup_stm32f103xe.o(STACK)

    Global Symbols

    Symbol Name                              Value     Ov Type        Size  Object(Section)

    BuildAttributes$$THM_ISAv4$P$D$K$B$S$PE$A:L22UL41UL21$X:L11$S22US41US21$IEEE1$IW$USESV6$~STKCKD$USESV7$~SHL$OTIME$ROPI$IEEEX$EBA8$MICROLIB$REQ8$PRES8$EABIv2 0x00000000   Number         0  anon$$obj.o ABSOLUTE
    __ARM_use_no_argv                        0x00000000   Number         0  main.o ABSOLUTE
    _printf_a                                0x00000000   Number         0  stubs.o ABSOLUTE
    _printf_c                                0x00000000   Number         0  stubs.o ABSOLUTE
    _printf_charcount                        0x00000000   Number         0  stubs.o ABSOLUTE
    _printf_d                                0x00000000   Number         0  stubs.o ABSOLUTE
    _printf_e                                0x00000000   Number         0  stubs.o ABSOLUTE
    _printf_f                                0x00000000   Number         0  stubs.o ABSOLUTE
    _printf_flags                            0x00000000   Number         0  stubs.o ABSOLUTE
    _printf_fp_dec                           0x00000000   Number         0  stubs.o ABSOLUTE
    _printf_fp_hex                           0x00000000   Number         0  stubs.o ABSOLUTE
    _printf_g                                0x00000000   Number         0  stubs.o ABSOLUTE
    _printf_i                                0x00000000   Number         0  stubs.o ABSOLUTE
    _printf_int_dec                          0x00000000   Number         0  stubs.o ABSOLUTE
    _printf_l                                0x00000000   Number         0  stubs.o ABSOLUTE
    _printf_lc                               0x00000000   Number         0  stubs.o ABSOLUTE
    _printf_ll                               0x00000000   Number         0  stubs.o ABSOLUTE
    _printf_lld                              0x00000000   Number         0  stubs.o ABSOLUTE
    _printf_lli                              0x00000000   Number         0  stubs.o ABSOLUTE
    _printf_llo                              0x00000000   Number         0  stubs.o ABSOLUTE
    _printf_llu                              0x00000000   Number         0  stubs.o ABSOLUTE
    _printf_llx                              0x00000000   Number         0  stubs.o ABSOLUTE
    _printf_longlong_dec                     0x00000000   Number         0  stubs.o ABSOLUTE
    _printf_longlong_hex                     0x00000000   Number         0  stubs.o ABSOLUTE
    _printf_longlong_oct                     0x00000000   Number         0  stubs.o ABSOLUTE
    _printf_ls                               0x00000000   Number         0  stubs.o ABSOLUTE
    _printf_mbtowc                           0x00000000   Number         0  stubs.o ABSOLUTE
    _printf_n                                0x00000000   Number         0  stubs.o ABSOLUTE
    _printf_o                                0x00000000   Number         0  stubs.o ABSOLUTE
    _printf_p                                0x00000000   Number         0  stubs.o ABSOLUTE
    _printf_percent                          0x00000000   Number         0  stubs.o ABSOLUTE
    _printf_pre_padding                      0x00000000   Number         0  stubs.o ABSOLUTE
    _printf_return_value                     0x00000000   Number         0  stubs.o ABSOLUTE
    _printf_s                                0x00000000   Number         0  stubs.o ABSOLUTE
    _printf_sizespec                         0x00000000   Number         0  stubs.o ABSOLUTE
    _printf_str                              0x00000000   Number         0  stubs.o ABSOLUTE
    _printf_truncate_signed                  0x00000000   Number         0  stubs.o ABSOLUTE
    _printf_truncate_unsigned                0x00000000   Number         0  stubs.o ABSOLUTE
    _printf_u                                0x00000000   Number         0  stubs.o ABSOLUTE
    _printf_wc                               0x00000000   Number         0  stubs.o ABSOLUTE
    _printf_wctomb                           0x00000000   Number         0  stubs.o ABSOLUTE
    _printf_widthprec                        0x00000000   Number         0  stubs.o ABSOLUTE
    _printf_x                                0x00000000   Number         0  stubs.o ABSOLUTE
    __cpp_initialize__aeabi_                  - Undefined Weak Reference
    __cxa_finalize                            - Undefined Weak Reference
    _clock_init                               - Undefined Weak Reference
    _microlib_exit                            - Undefined Weak Reference
    __Vectors_Size                           0x00000130   Number         0  startup_stm32f103xe.o ABSOLUTE
    __Vectors                                0x08000000   Data           4  startup_stm32f103xe.o(RESET)
    __Vectors_End                            0x08000130   Data           0  startup_stm32f103xe.o(RESET)
    __main                                   0x08000131   Thumb Code     0  entry.o(.ARM.Collect$$$$00000000)
    _main_stk                                0x08000131   Thumb Code     0  entry2.o(.ARM.Collect$$$$00000001)
    _main_scatterload                        0x08000135   Thumb Code     0  entry5.o(.ARM.Collect$$$$00000004)
    __main_after_scatterload                 0x08000139   Thumb Code     0  entry5.o(.ARM.Collect$$$$00000004)
    _main_clock                              0x08000139   Thumb Code     0  entry7b.o(.ARM.Collect$$$$00000008)
    _main_cpp_init                           0x08000139   Thumb Code     0  entry8b.o(.ARM.Collect$$$$0000000A)
    _main_init                               0x08000139   Thumb Code     0  entry9a.o(.ARM.Collect$$$$0000000B)
    __rt_final_cpp                           0x08000141   Thumb Code     0  entry10a.o(.ARM.Collect$$$$0000000D)
    __rt_final_exit                          0x08000141   Thumb Code     0  entry11a.o(.ARM.Collect$$$$0000000F)
    SVC_Handler                              0x08000145   Thumb Code    32  port.o(.emb_text)
    __asm___6_port_c_39a90d8d__prvStartFirstTask 0x08000169   Thumb Code    28  port.o(.emb_text)
    PendSV_Handler                           0x08000189   Thumb Code    72  port.o(.emb_text)
    vPortGetIPSR                             0x080001d5   Thumb Code     6  port.o(.emb_text)
    Reset_Handler                            0x080001dd   Thumb Code     8  startup_stm32f103xe.o(.text)
    CAN1_RX1_IRQHandler                      0x080001f7   Thumb Code     0  startup_stm32f103xe.o(.text)
    CAN1_SCE_IRQHandler                      0x080001f7   Thumb Code     0  startup_stm32f103xe.o(.text)
    DMA1_Channel1_IRQHandler                 0x080001f7   Thumb Code     0  startup_stm32f103xe.o(.text)
    DMA1_Channel2_IRQHandler                 0x080001f7   Thumb Code     0  startup_stm32f103xe.o(.text)
    DMA1_Channel3_IRQHandler                 0x080001f7   Thumb Code     0  startup_stm32f103xe.o(.text)
    DMA1_Channel4_IRQHandler                 0x080001f7   Thumb Code     0  startup_stm32f103xe.o(.text)
    DMA1_Channel5_IRQHandler                 0x080001f7   Thumb Code     0  startup_stm32f103xe.o(.text)
    DMA1_Channel6_IRQHandler                 0x080001f7   Thumb Code     0  startup_stm32f103xe.o(.text)
    DMA1_Channel7_IRQHandler                 0x080001f7   Thumb Code     0  startup_stm32f103xe.o(.text)
    DMA2_Channel1_IRQHandler                 0x080001f7   Thumb Code     0  startup_stm32f103xe.o(.text)
    DMA2_Channel2_IRQHandler                 0x080001f7   Thumb Code     0  startup_stm32f103xe.o(.text)
    DMA2_Channel3_IRQHandler                 0x080001f7   Thumb Code     0  startup_stm32f103xe.o(.text)
    DMA2_Channel4_5_IRQHandler               0x080001f7   Thumb Code     0  startup_stm32f103xe.o(.text)
    EXTI0_IRQHandler                         0x080001f7   Thumb Code     0  startup_stm32f103xe.o(.text)
    EXTI15_10_IRQHandler                     0x080001f7   Thumb Code     0  startup_stm32f103xe.o(.text)
    EXTI1_IRQHandler                         0x080001f7   Thumb Code     0  startup_stm32f103xe.o(.text)
    EXTI2_IRQHandler                         0x080001f7   Thumb Code     0  startup_stm32f103xe.o(.text)
    EXTI3_IRQHandler                         0x080001f7   Thumb Code     0  startup_stm32f103xe.o(.text)
    EXTI4_IRQHandler                         0x080001f7   Thumb Code     0  startup_stm32f103xe.o(.text)
    EXTI9_5_IRQHandler                       0x080001f7   Thumb Code     0  startup_stm32f103xe.o(.text)
    FLASH_IRQHandler                         0x080001f7   Thumb Code     0  startup_stm32f103xe.o(.text)
    FSMC_IRQHandler                          0x080001f7   Thumb Code     0  startup_stm32f103xe.o(.text)
    I2C1_ER_IRQHandler                       0x080001f7   Thumb Code     0  startup_stm32f103xe.o(.text)
    I2C1_EV_IRQHandler                       0x080001f7   Thumb Code     0  startup_stm32f103xe.o(.text)
    I2C2_ER_IRQHandler                       0x080001f7   Thumb Code     0  startup_stm32f103xe.o(.text)
    I2C2_EV_IRQHandler                       0x080001f7   Thumb Code     0  startup_stm32f103xe.o(.text)
    PVD_IRQHandler                           0x080001f7   Thumb Code     0  startup_stm32f103xe.o(.text)
    RCC_IRQHandler                           0x080001f7   Thumb Code     0  startup_stm32f103xe.o(.text)
    RTC_Alarm_IRQHandler                     0x080001f7   Thumb Code     0  startup_stm32f103xe.o(.text)
    RTC_IRQHandler                           0x080001f7   Thumb Code     0  startup_stm32f103xe.o(.text)
    SDIO_IRQHandler                          0x080001f7   Thumb Code     0  startup_stm32f103xe.o(.text)
    SPI2_IRQHandler                          0x080001f7   Thumb Code     0  startup_stm32f103xe.o(.text)
    SPI3_IRQHandler                          0x080001f7   Thumb Code     0  startup_stm32f103xe.o(.text)
    TAMPER_IRQHandler                        0x080001f7   Thumb Code     0  startup_stm32f103xe.o(.text)
    TIM1_BRK_IRQHandler                      0x080001f7   Thumb Code     0  startup_stm32f103xe.o(.text)
    TIM1_CC_IRQHandler                       0x080001f7   Thumb Code     0  startup_stm32f103xe.o(.text)
    TIM1_TRG_COM_IRQHandler                  0x080001f7   Thumb Code     0  startup_stm32f103xe.o(.text)
    TIM2_IRQHandler                          0x080001f7   Thumb Code     0  startup_stm32f103xe.o(.text)
    TIM3_IRQHandler                          0x080001f7   Thumb Code     0  startup_stm32f103xe.o(.text)
    TIM4_IRQHandler                          0x080001f7   Thumb Code     0  startup_stm32f103xe.o(.text)
    TIM5_IRQHandler                          0x080001f7   Thumb Code     0  startup_stm32f103xe.o(.text)
    TIM6_IRQHandler                          0x080001f7   Thumb Code     0  startup_stm32f103xe.o(.text)
    TIM7_IRQHandler                          0x080001f7   Thumb Code     0  startup_stm32f103xe.o(.text)
    TIM8_BRK_IRQHandler                      0x080001f7   Thumb Code     0  startup_stm32f103xe.o(.text)
    TIM8_CC_IRQHandler                       0x080001f7   Thumb Code     0  startup_stm32f103xe.o(.text)
    TIM8_TRG_COM_IRQHandler                  0x080001f7   Thumb Code     0  startup_stm32f103xe.o(.text)
    TIM8_UP_IRQHandler                       0x080001f7   Thumb Code     0  startup_stm32f103xe.o(.text)
    UART4_IRQHandler                         0x080001f7   Thumb Code     0  startup_stm32f103xe.o(.text)
    UART5_IRQHandler                         0x080001f7   Thumb Code     0  startup_stm32f103xe.o(.text)
    USART2_IRQHandler                        0x080001f7   Thumb Code     0  startup_stm32f103xe.o(.text)
    USBWakeUp_IRQHandler                     0x080001f7   Thumb Code     0  startup_stm32f103xe.o(.text)
    USB_HP_CAN1_TX_IRQHandler                0x080001f7   Thumb Code     0  startup_stm32f103xe.o(.text)
    WWDG_IRQHandler                          0x080001f7   Thumb Code     0  startup_stm32f103xe.o(.text)
    __aeabi_llsr                             0x08000201   Thumb Code    32  llushr.o(.text)
    _ll_ushift_r                             0x08000201   Thumb Code     0  llushr.o(.text)
    __aeabi_memcpy                           0x08000221   Thumb Code    36  memcpya.o(.text)
    __aeabi_memcpy4                          0x08000221   Thumb Code     0  memcpya.o(.text)
    __aeabi_memcpy8                          0x08000221   Thumb Code     0  memcpya.o(.text)
    __aeabi_memset                           0x08000245   Thumb Code    14  memseta.o(.text)
    __aeabi_memset4                          0x08000245   Thumb Code     0  memseta.o(.text)
    __aeabi_memset8                          0x08000245   Thumb Code     0  memseta.o(.text)
    __aeabi_memclr                           0x08000253   Thumb Code     4  memseta.o(.text)
    __aeabi_memclr4                          0x08000253   Thumb Code     0  memseta.o(.text)
    __aeabi_memclr8                          0x08000253   Thumb Code     0  memseta.o(.text)
    memset                                   0x08000257   Thumb Code    18  memseta.o(.text)
    __aeabi_fadd                             0x08000269   Thumb Code   164  fadd.o(.text)
    __aeabi_fsub                             0x0800030d   Thumb Code     6  fadd.o(.text)
    __aeabi_frsub                            0x08000313   Thumb Code     6  fadd.o(.text)
    __aeabi_fmul                             0x08000319   Thumb Code   100  fmul.o(.text)
    __aeabi_dadd                             0x0800037d   Thumb Code   322  dadd.o(.text)
    __aeabi_dsub                             0x080004bf   Thumb Code     6  dadd.o(.text)
    __aeabi_drsub                            0x080004c5   Thumb Code     6  dadd.o(.text)
    __aeabi_dmul                             0x080004cb   Thumb Code   228  dmul.o(.text)
    __aeabi_i2f                              0x080005af   Thumb Code    18  fflti.o(.text)
    __aeabi_ui2f                             0x080005c1   Thumb Code    10  ffltui.o(.text)
    __aeabi_ui2d                             0x080005cb   Thumb Code    26  dfltui.o(.text)
    __aeabi_f2iz                             0x080005e5   Thumb Code    50  ffixi.o(.text)
    __aeabi_d2uiz                            0x08000617   Thumb Code    50  dfixui.o(.text)
    __aeabi_cdrcmple                         0x08000649   Thumb Code    48  cdrcmple.o(.text)
    __aeabi_cfcmpeq                          0x08000679   Thumb Code     0  cfcmple.o(.text)
    __aeabi_cfcmple                          0x08000679   Thumb Code    20  cfcmple.o(.text)
    __aeabi_cfrcmple                         0x0800068d   Thumb Code    20  cfrcmple.o(.text)
    __aeabi_uidiv                            0x080006a1   Thumb Code     0  uidiv.o(.text)
    __aeabi_uidivmod                         0x080006a1   Thumb Code    44  uidiv.o(.text)
    __aeabi_uldivmod                         0x080006cd   Thumb Code    98  uldiv.o(.text)
    __aeabi_llsl                             0x0800072f   Thumb Code    30  llshl.o(.text)
    _ll_shift_l                              0x0800072f   Thumb Code     0  llshl.o(.text)
    __aeabi_lasr                             0x0800074d   Thumb Code    36  llsshr.o(.text)
    _ll_sshift_r                             0x0800074d   Thumb Code     0  llsshr.o(.text)
    __I$use$fp                               0x08000771   Thumb Code     0  iusefp.o(.text)
    _float_round                             0x08000771   Thumb Code    18  fepilogue.o(.text)
    _float_epilogue                          0x08000783   Thumb Code    92  fepilogue.o(.text)
    _double_round                            0x080007df   Thumb Code    30  depilogue.o(.text)
    _double_epilogue                         0x080007fd   Thumb Code   156  depilogue.o(.text)
    __aeabi_ddiv                             0x08000899   Thumb Code   222  ddiv.o(.text)
    __aeabi_d2ulz                            0x08000977   Thumb Code    48  dfixul.o(.text)
    __scatterload                            0x080009a9   Thumb Code    28  init.o(.text)
    __scatterload_rt2                        0x080009a9   Thumb Code     0  init.o(.text)
    __decompress                             0x080009cd   Thumb Code     0  __dclz77c.o(.text)
    __decompress2                            0x080009cd   Thumb Code    94  __dclz77c.o(.text)
    ADC1_2_IRQHandler                        0x08000a2d   Thumb Code    10  stm32f1xx_it.o(i.ADC1_2_IRQHandler)
    ADC3_IRQHandler                          0x08000a3d   Thumb Code    10  stm32f1xx_it.o(i.ADC3_IRQHandler)
    ADC_ConversionStop_Disable               0x08000a4d   Thumb Code    92  stm32f1xx_hal_adc.o(i.ADC_ConversionStop_Disable)
    ADC_Enable                               0x08000aa9   Thumb Code   134  stm32f1xx_hal_adc.o(i.ADC_Enable)
    BusFault_Handler                         0x08000b39   Thumb Code     4  stm32f1xx_it.o(i.BusFault_Handler)
    CAN_Filter_Config                        0x08000b3d   Thumb Code    42  bsp_can.o(i.CAN_Filter_Config)
    DebugMon_Handler                         0x08000b6d   Thumb Code     2  stm32f1xx_it.o(i.DebugMon_Handler)
    Error_Handler                            0x08000b6f   Thumb Code     6  main.o(i.Error_Handler)
    FSMC_NORSRAM_Extended_Timing_Init        0x08000b75   Thumb Code    62  stm32f1xx_ll_fsmc.o(i.FSMC_NORSRAM_Extended_Timing_Init)
    FSMC_NORSRAM_Init                        0x08000bb9   Thumb Code   116  stm32f1xx_ll_fsmc.o(i.FSMC_NORSRAM_Init)
    FSMC_NORSRAM_Timing_Init                 0x08000c31   Thumb Code    66  stm32f1xx_ll_fsmc.o(i.FSMC_NORSRAM_Timing_Init)
    HAL_ADCEx_Calibration_Start              0x08000c75   Thumb Code   278  stm32f1xx_hal_adc_ex.o(i.HAL_ADCEx_Calibration_Start)
    HAL_ADCEx_InjectedConvCpltCallback       0x08000d91   Thumb Code     2  stm32f1xx_hal_adc_ex.o(i.HAL_ADCEx_InjectedConvCpltCallback)
    HAL_ADC_ConfigChannel                    0x08000d95   Thumb Code   338  stm32f1xx_hal_adc.o(i.HAL_ADC_ConfigChannel)
    HAL_ADC_ConvCpltCallback                 0x08000ef5   Thumb Code     2  stm32f1xx_hal_adc.o(i.HAL_ADC_ConvCpltCallback)
    HAL_ADC_IRQHandler                       0x08000ef7   Thumb Code   274  stm32f1xx_hal_adc.o(i.HAL_ADC_IRQHandler)
    HAL_ADC_Init                             0x08001009   Thumb Code   340  stm32f1xx_hal_adc.o(i.HAL_ADC_Init)
    HAL_ADC_LevelOutOfWindowCallback         0x08001169   Thumb Code     2  stm32f1xx_hal_adc.o(i.HAL_ADC_LevelOutOfWindowCallback)
    HAL_ADC_MspInit                          0x0800116d   Thumb Code   210  adc.o(i.HAL_ADC_MspInit)
    HAL_CAN_ActivateNotification             0x08001255   Thumb Code    42  stm32f1xx_hal_can.o(i.HAL_CAN_ActivateNotification)
    HAL_CAN_AddTxMessage                     0x0800127f   Thumb Code   330  stm32f1xx_hal_can.o(i.HAL_CAN_AddTxMessage)
    HAL_CAN_ConfigFilter                     0x080013c9   Thumb Code   266  stm32f1xx_hal_can.o(i.HAL_CAN_ConfigFilter)
    HAL_CAN_ErrorCallback                    0x080014d3   Thumb Code     2  stm32f1xx_hal_can.o(i.HAL_CAN_ErrorCallback)
    HAL_CAN_GetRxFifoFillLevel               0x080014d5   Thumb Code    40  stm32f1xx_hal_can.o(i.HAL_CAN_GetRxFifoFillLevel)
    HAL_CAN_GetRxMessage                     0x080014fd   Thumb Code   404  stm32f1xx_hal_can.o(i.HAL_CAN_GetRxMessage)
    HAL_CAN_IRQHandler                       0x08001691   Thumb Code   590  stm32f1xx_hal_can.o(i.HAL_CAN_IRQHandler)
    HAL_CAN_Init                             0x080018df   Thumb Code   372  stm32f1xx_hal_can.o(i.HAL_CAN_Init)
    HAL_CAN_MspInit                          0x08001a55   Thumb Code   138  can.o(i.HAL_CAN_MspInit)
    HAL_CAN_RxFifo0FullCallback              0x08001aed   Thumb Code     2  stm32f1xx_hal_can.o(i.HAL_CAN_RxFifo0FullCallback)
    HAL_CAN_RxFifo0MsgPendingCallback        0x08001af1   Thumb Code   166  bsp_can.o(i.HAL_CAN_RxFifo0MsgPendingCallback)
    HAL_CAN_RxFifo1FullCallback              0x08001bb9   Thumb Code     2  stm32f1xx_hal_can.o(i.HAL_CAN_RxFifo1FullCallback)
    HAL_CAN_RxFifo1MsgPendingCallback        0x08001bbb   Thumb Code     2  stm32f1xx_hal_can.o(i.HAL_CAN_RxFifo1MsgPendingCallback)
    HAL_CAN_SleepCallback                    0x08001bbd   Thumb Code     2  stm32f1xx_hal_can.o(i.HAL_CAN_SleepCallback)
    HAL_CAN_Start                            0x08001bbf   Thumb Code    94  stm32f1xx_hal_can.o(i.HAL_CAN_Start)
    HAL_CAN_TxMailbox0AbortCallback          0x08001c1d   Thumb Code     2  stm32f1xx_hal_can.o(i.HAL_CAN_TxMailbox0AbortCallback)
    HAL_CAN_TxMailbox0CompleteCallback       0x08001c1f   Thumb Code     2  stm32f1xx_hal_can.o(i.HAL_CAN_TxMailbox0CompleteCallback)
    HAL_CAN_TxMailbox1AbortCallback          0x08001c21   Thumb Code     2  stm32f1xx_hal_can.o(i.HAL_CAN_TxMailbox1AbortCallback)
    HAL_CAN_TxMailbox1CompleteCallback       0x08001c23   Thumb Code     2  stm32f1xx_hal_can.o(i.HAL_CAN_TxMailbox1CompleteCallback)
    HAL_CAN_TxMailbox2AbortCallback          0x08001c25   Thumb Code     2  stm32f1xx_hal_can.o(i.HAL_CAN_TxMailbox2AbortCallback)
    HAL_CAN_TxMailbox2CompleteCallback       0x08001c27   Thumb Code     2  stm32f1xx_hal_can.o(i.HAL_CAN_TxMailbox2CompleteCallback)
    HAL_CAN_WakeUpFromRxMsgCallback          0x08001c29   Thumb Code     2  stm32f1xx_hal_can.o(i.HAL_CAN_WakeUpFromRxMsgCallback)
    HAL_DMA_Abort                            0x08001c2b   Thumb Code    86  stm32f1xx_hal_dma.o(i.HAL_DMA_Abort)
    HAL_DMA_Abort_IT                         0x08001c81   Thumb Code   414  stm32f1xx_hal_dma.o(i.HAL_DMA_Abort_IT)
    HAL_Delay                                0x08001e29   Thumb Code    36  stm32f1xx_hal.o(i.HAL_Delay)
    HAL_GPIO_Init                            0x08001ee5   Thumb Code   792  stm32f1xx_hal_gpio.o(i.HAL_GPIO_Init)
    HAL_GPIO_WritePin                        0x08002225   Thumb Code    12  stm32f1xx_hal_gpio.o(i.HAL_GPIO_WritePin)
    HAL_GetTick                              0x08002231   Thumb Code     6  stm32f1xx_hal.o(i.HAL_GetTick)
    HAL_IncTick                              0x0800223d   Thumb Code    16  stm32f1xx_hal.o(i.HAL_IncTick)
    HAL_Init                                 0x08002255   Thumb Code    34  stm32f1xx_hal.o(i.HAL_Init)
    HAL_InitTick                             0x0800227d   Thumb Code   138  stm32f1xx_hal_timebase_tim.o(i.HAL_InitTick)
    HAL_MspInit                              0x0800231d   Thumb Code    86  stm32f1xx_hal_msp.o(i.HAL_MspInit)
    HAL_NVIC_EnableIRQ                       0x0800237d   Thumb Code    32  stm32f1xx_hal_cortex.o(i.HAL_NVIC_EnableIRQ)
    HAL_NVIC_SetPriority                     0x0800239d   Thumb Code   124  stm32f1xx_hal_cortex.o(i.HAL_NVIC_SetPriority)
    HAL_NVIC_SetPriorityGrouping             0x08002419   Thumb Code    32  stm32f1xx_hal_cortex.o(i.HAL_NVIC_SetPriorityGrouping)
    HAL_RCCEx_GetPeriphCLKFreq               0x08002441   Thumb Code   260  stm32f1xx_hal_rcc_ex.o(i.HAL_RCCEx_GetPeriphCLKFreq)
    HAL_RCCEx_PeriphCLKConfig                0x08002559   Thumb Code   290  stm32f1xx_hal_rcc_ex.o(i.HAL_RCCEx_PeriphCLKConfig)
    HAL_RCC_ClockConfig                      0x08002689   Thumb Code   376  stm32f1xx_hal_rcc.o(i.HAL_RCC_ClockConfig)
    HAL_RCC_GetClockConfig                   0x08002815   Thumb Code    58  stm32f1xx_hal_rcc.o(i.HAL_RCC_GetClockConfig)
    HAL_RCC_GetHCLKFreq                      0x08002859   Thumb Code     6  stm32f1xx_hal_rcc.o(i.HAL_RCC_GetHCLKFreq)
    HAL_RCC_GetPCLK1Freq                     0x08002865   Thumb Code    22  stm32f1xx_hal_rcc.o(i.HAL_RCC_GetPCLK1Freq)
    HAL_RCC_GetPCLK2Freq                     0x08002885   Thumb Code    22  stm32f1xx_hal_rcc.o(i.HAL_RCC_GetPCLK2Freq)
    HAL_RCC_GetSysClockFreq                  0x080028a5   Thumb Code    92  stm32f1xx_hal_rcc.o(i.HAL_RCC_GetSysClockFreq)
    HAL_RCC_OscConfig                        0x08002915   Thumb Code  1114  stm32f1xx_hal_rcc.o(i.HAL_RCC_OscConfig)
    HAL_SPI_ErrorCallback                    0x08002d79   Thumb Code     2  stm32f1xx_hal_spi.o(i.HAL_SPI_ErrorCallback)
    HAL_SPI_IRQHandler                       0x08002d7d   Thumb Code   304  stm32f1xx_hal_spi.o(i.HAL_SPI_IRQHandler)
    HAL_SPI_Init                             0x08002eb1   Thumb Code   190  stm32f1xx_hal_spi.o(i.HAL_SPI_Init)
    HAL_SPI_MspInit                          0x08002f71   Thumb Code   118  spi.o(i.HAL_SPI_MspInit)
    HAL_SRAM_Init                            0x08002ff5   Thumb Code   102  stm32f1xx_hal_sram.o(i.HAL_SRAM_Init)
    HAL_SRAM_MspInit                         0x0800305b   Thumb Code    10  fsmc.o(i.HAL_SRAM_MspInit)
    HAL_TIMEx_BreakCallback                  0x08003065   Thumb Code     2  stm32f1xx_hal_tim_ex.o(i.HAL_TIMEx_BreakCallback)
    HAL_TIMEx_CommutCallback                 0x08003067   Thumb Code     2  stm32f1xx_hal_tim_ex.o(i.HAL_TIMEx_CommutCallback)
    HAL_TIM_Base_Init                        0x08003069   Thumb Code   102  stm32f1xx_hal_tim.o(i.HAL_TIM_Base_Init)
    HAL_TIM_Base_MspInit                     0x080030cf   Thumb Code     2  stm32f1xx_hal_tim.o(i.HAL_TIM_Base_MspInit)
    HAL_TIM_Base_Start_IT                    0x080030d1   Thumb Code   122  stm32f1xx_hal_tim.o(i.HAL_TIM_Base_Start_IT)
    HAL_TIM_IC_CaptureCallback               0x08003161   Thumb Code     2  stm32f1xx_hal_tim.o(i.HAL_TIM_IC_CaptureCallback)
    HAL_TIM_IRQHandler                       0x08003163   Thumb Code   406  stm32f1xx_hal_tim.o(i.HAL_TIM_IRQHandler)
    HAL_TIM_OC_DelayElapsedCallback          0x080032f9   Thumb Code     2  stm32f1xx_hal_tim.o(i.HAL_TIM_OC_DelayElapsedCallback)
    HAL_TIM_PWM_PulseFinishedCallback        0x080032fb   Thumb Code     2  stm32f1xx_hal_tim.o(i.HAL_TIM_PWM_PulseFinishedCallback)
    HAL_TIM_PeriodElapsedCallback            0x080032fd   Thumb Code    18  main.o(i.HAL_TIM_PeriodElapsedCallback)
    HAL_TIM_TriggerCallback                  0x08003315   Thumb Code     2  stm32f1xx_hal_tim.o(i.HAL_TIM_TriggerCallback)
    HAL_UARTEx_RxEventCallback               0x08003317   Thumb Code     2  stm32f1xx_hal_uart.o(i.HAL_UARTEx_RxEventCallback)
    HAL_UART_ErrorCallback                   0x08003319   Thumb Code     2  stm32f1xx_hal_uart.o(i.HAL_UART_ErrorCallback)
    HAL_UART_GetState                        0x0800331b   Thumb Code    20  stm32f1xx_hal_uart.o(i.HAL_UART_GetState)
    HAL_UART_IRQHandler                      0x08003331   Thumb Code   736  stm32f1xx_hal_uart.o(i.HAL_UART_IRQHandler)
    HAL_UART_Init                            0x08003615   Thumb Code   118  stm32f1xx_hal_uart.o(i.HAL_UART_Init)
    HAL_UART_MspInit                         0x0800368d   Thumb Code   258  usart.o(i.HAL_UART_MspInit)
    HAL_UART_Receive_IT                      0x080037a5   Thumb Code    44  stm32f1xx_hal_uart.o(i.HAL_UART_Receive_IT)
    HAL_UART_RxCpltCallback                  0x080037d1   Thumb Code   444  usart.o(i.HAL_UART_RxCpltCallback)
    HAL_UART_Transmit                        0x080039cd   Thumb Code   178  stm32f1xx_hal_uart.o(i.HAL_UART_Transmit)
    HAL_UART_TxCpltCallback                  0x08003a7f   Thumb Code     2  stm32f1xx_hal_uart.o(i.HAL_UART_TxCpltCallback)
    HardFault_Handler                        0x08003a81   Thumb Code     4  stm32f1xx_it.o(i.HardFault_Handler)
    MX_ADC1_Init                             0x08003a85   Thumb Code   142  adc.o(i.MX_ADC1_Init)
    MX_ADC3_Init                             0x08003b1d   Thumb Code   106  adc.o(i.MX_ADC3_Init)
    MX_CAN_Init                              0x08003b91   Thumb Code    58  can.o(i.MX_CAN_Init)
    MX_FREERTOS_Init                         0x08003bd5   Thumb Code    78  freertos.o(i.MX_FREERTOS_Init)
    MX_FSMC_Init                             0x08003c35   Thumb Code   168  fsmc.o(i.MX_FSMC_Init)
    MX_GPIO_Init                             0x08003ce9   Thumb Code   294  gpio.o(i.MX_GPIO_Init)
    MX_SPI1_Init                             0x08003e21   Thumb Code    60  spi.o(i.MX_SPI1_Init)
    MX_USART1_UART_Init                      0x08003e65   Thumb Code    46  usart.o(i.MX_USART1_UART_Init)
    MX_USART3_UART_Init                      0x08003e9d   Thumb Code    46  usart.o(i.MX_USART3_UART_Init)
    MemManage_Handler                        0x08003ed5   Thumb Code     4  stm32f1xx_it.o(i.MemManage_Handler)
    MoveTask                                 0x08003ed9   Thumb Code   334  freertos.o(i.MoveTask)
    NMI_Handler                              0x0800407d   Thumb Code     4  stm32f1xx_it.o(i.NMI_Handler)
    PID_struct_init                          0x08004081   Thumb Code    50  pid.o(i.PID_struct_init)
    SPI1_IRQHandler                          0x080040e5   Thumb Code    10  stm32f1xx_it.o(i.SPI1_IRQHandler)
    StartDefaultTask                         0x08004109   Thumb Code   148  freertos.o(i.StartDefaultTask)
    SysTick_Handler                          0x080041cd   Thumb Code    46  port.o(i.SysTick_Handler)
    SystemClock_Config                       0x08004201   Thumb Code   130  main.o(i.SystemClock_Config)
    SystemInit                               0x08004283   Thumb Code     2  system_stm32f1xx.o(i.SystemInit)
    TIM1_UP_IRQHandler                       0x08004285   Thumb Code    10  stm32f1xx_it.o(i.TIM1_UP_IRQHandler)
    TIM_Base_SetConfig                       0x08004295   Thumb Code   134  stm32f1xx_hal_tim.o(i.TIM_Base_SetConfig)
    Test                                     0x08004331   Thumb Code    10  freertos.o(i.Test)
    UART_Start_Receive_IT                    0x080045d5   Thumb Code    64  stm32f1xx_hal_uart.o(i.UART_Start_Receive_IT)
    USART1_IRQHandler                        0x08004709   Thumb Code    10  stm32f1xx_it.o(i.USART1_IRQHandler)
    USART3_IRQHandler                        0x08004719   Thumb Code    10  stm32f1xx_it.o(i.USART3_IRQHandler)
    USB_LP_CAN1_RX0_IRQHandler               0x08004729   Thumb Code    10  stm32f1xx_it.o(i.USB_LP_CAN1_RX0_IRQHandler)
    UsageFault_Handler                       0x08004739   Thumb Code     4  stm32f1xx_it.o(i.UsageFault_Handler)
    __0printf                                0x0800473d   Thumb Code    22  printfa.o(i.__0printf)
    __1printf                                0x0800473d   Thumb Code     0  printfa.o(i.__0printf)
    __2printf                                0x0800473d   Thumb Code     0  printfa.o(i.__0printf)
    __c89printf                              0x0800473d   Thumb Code     0  printfa.o(i.__0printf)
    printf                                   0x0800473d   Thumb Code     0  printfa.o(i.__0printf)
    __scatterload_copy                       0x08004795   Thumb Code    14  handlers.o(i.__scatterload_copy)
    __scatterload_null                       0x080047a3   Thumb Code     2  handlers.o(i.__scatterload_null)
    __scatterload_zeroinit                   0x080047a5   Thumb Code    14  handlers.o(i.__scatterload_zeroinit)
    abs_limit                                0x08005067   Thumb Code    40  pid.o(i.abs_limit)
    can_receive                              0x08005091   Thumb Code    44  bsp_can.o(i.can_receive)
    forward                                  0x080050c9   Thumb Code    20  freertos.o(i.forward)
    fputc                                    0x080050e1   Thumb Code    22  usart.o(i.fputc)
    get_moto_measure                         0x080050fd   Thumb Code   124  bsp_can.o(i.get_moto_measure)
    get_moto_offset                          0x0800517d   Thumb Code    20  bsp_can.o(i.get_moto_offset)
    lcd_clear                                0x08005195   Thumb Code    42  lcd.o(i.lcd_clear)
    lcd_display_dir                          0x080051c9   Thumb Code   360  lcd.o(i.lcd_display_dir)
    lcd_ex_ili9341_reginit                   0x08005335   Thumb Code   556  lcd.o(i.lcd_ex_ili9341_reginit)
    lcd_ex_ili9806_reginit                   0x08005561   Thumb Code   832  lcd.o(i.lcd_ex_ili9806_reginit)
    lcd_ex_nt35310_reginit                   0x080058a1   Thumb Code  3826  lcd.o(i.lcd_ex_nt35310_reginit)
    lcd_ex_nt35510_reginit                   0x08006793   Thumb Code  3836  lcd.o(i.lcd_ex_nt35510_reginit)
    lcd_ex_ssd1963_reginit                   0x0800768f   Thumb Code   366  lcd.o(i.lcd_ex_ssd1963_reginit)
    lcd_ex_st7789_reginit                    0x080077fd   Thumb Code   424  lcd.o(i.lcd_ex_st7789_reginit)
    lcd_ex_st7796_reginit                    0x080079a5   Thumb Code   454  lcd.o(i.lcd_ex_st7796_reginit)
    lcd_init                                 0x08007b6d   Thumb Code  1098  lcd.o(i.lcd_init)
    lcd_scan_dir                             0x08007fe5   Thumb Code   568  lcd.o(i.lcd_scan_dir)
    lcd_set_cursor                           0x08008221   Thumb Code   282  lcd.o(i.lcd_set_cursor)
    lcd_ssd_backlight_set                    0x08008341   Thumb Code    80  lcd.o(i.lcd_ssd_backlight_set)
    lcd_wr_data                              0x08008395   Thumb Code    18  lcd.o(i.lcd_wr_data)
    lcd_wr_regno                             0x080083ad   Thumb Code    18  lcd.o(i.lcd_wr_regno)
    lcd_write_ram_prepare                    0x080083c5   Thumb Code    10  lcd.o(i.lcd_write_ram_prepare)
    lcd_write_reg                            0x080083d9   Thumb Code    10  lcd.o(i.lcd_write_reg)
    main                                     0x080083e9   Thumb Code    64  main.o(i.main)
    osDelay                                  0x0800843f   Thumb Code    24  cmsis_os.o(i.osDelay)
    osKernelStart                            0x08008457   Thumb Code    10  cmsis_os.o(i.osKernelStart)
    osThreadCreate                           0x08008461   Thumb Code    94  cmsis_os.o(i.osThreadCreate)
    pid_calc                                 0x080084bf   Thumb Code   402  pid.o(i.pid_calc)
    pvPortMalloc                             0x08009015   Thumb Code   296  heap_4.o(i.pvPortMalloc)
    pxPortInitialiseStack                    0x08009151   Thumb Code    30  port.o(i.pxPortInitialiseStack)
    set_moto_current                         0x08009175   Thumb Code    78  bsp_can.o(i.set_moto_current)
    uxListRemove                             0x080091cd   Thumb Code    40  list.o(i.uxListRemove)
    vApplicationGetIdleTaskMemory            0x080091f5   Thumb Code    14  freertos.o(i.vApplicationGetIdleTaskMemory)
    vApplicationGetTimerTaskMemory           0x0800920d   Thumb Code    16  freertos.o(i.vApplicationGetTimerTaskMemory)
    vListInitialise                          0x08009225   Thumb Code    26  list.o(i.vListInitialise)
    vListInitialiseItem                      0x0800923f   Thumb Code     6  list.o(i.vListInitialiseItem)
    vListInsert                              0x08009245   Thumb Code    52  list.o(i.vListInsert)
    vListInsertEnd                           0x08009279   Thumb Code    24  list.o(i.vListInsertEnd)
    vPortEnterCritical                       0x08009291   Thumb Code    76  port.o(i.vPortEnterCritical)
    vPortExitCritical                        0x080092e5   Thumb Code    56  port.o(i.vPortExitCritical)
    vPortFree                                0x08009321   Thumb Code   140  heap_4.o(i.vPortFree)
    vPortSetupTimerInterrupt                 0x080093b5   Thumb Code    36  port.o(i.vPortSetupTimerInterrupt)
    vPortValidateInterruptPriority           0x080093dd   Thumb Code   106  port.o(i.vPortValidateInterruptPriority)
    vQueueAddToRegistry                      0x08009455   Thumb Code    38  queue.o(i.vQueueAddToRegistry)
    vQueueWaitForMessageRestricted           0x08009481   Thumb Code    74  queue.o(i.vQueueWaitForMessageRestricted)
    vTaskDelay                               0x080094cd   Thumb Code    82  tasks.o(i.vTaskDelay)
    vTaskDelete                              0x08009529   Thumb Code   202  tasks.o(i.vTaskDelete)
    vTaskInternalSetTimeOutState             0x0800961d   Thumb Code    14  tasks.o(i.vTaskInternalSetTimeOutState)
    vTaskMissedYield                         0x08009635   Thumb Code     8  tasks.o(i.vTaskMissedYield)
    vTaskPlaceOnEventList                    0x08009641   Thumb Code    52  tasks.o(i.vTaskPlaceOnEventList)
    vTaskPlaceOnEventListRestricted          0x08009679   Thumb Code    60  tasks.o(i.vTaskPlaceOnEventListRestricted)
    vTaskStartScheduler                      0x080096b9   Thumb Code   156  tasks.o(i.vTaskStartScheduler)
    vTaskSuspendAll                          0x08009771   Thumb Code    12  tasks.o(i.vTaskSuspendAll)
    vTaskSwitchContext                       0x08009781   Thumb Code   118  tasks.o(i.vTaskSwitchContext)
    xPortStartScheduler                      0x0800980d   Thumb Code   228  port.o(i.xPortStartScheduler)
    xQueueGenericCreateStatic                0x08009905   Thumb Code   222  queue.o(i.xQueueGenericCreateStatic)
    xQueueGenericReset                       0x080099e5   Thumb Code   146  queue.o(i.xQueueGenericReset)
    xQueueGenericSend                        0x08009a7d   Thumb Code   420  queue.o(i.xQueueGenericSend)
    xQueueGenericSendFromISR                 0x08009c25   Thumb Code   248  queue.o(i.xQueueGenericSendFromISR)
    xQueueReceive                            0x08009d1d   Thumb Code   356  queue.o(i.xQueueReceive)
    xTaskCheckForTimeOut                     0x08009e85   Thumb Code   132  tasks.o(i.xTaskCheckForTimeOut)
    xTaskCreate                              0x08009f11   Thumb Code   100  tasks.o(i.xTaskCreate)
    xTaskCreateStatic                        0x08009f75   Thumb Code   184  tasks.o(i.xTaskCreateStatic)
    xTaskGetSchedulerState                   0x0800a02d   Thumb Code    24  tasks.o(i.xTaskGetSchedulerState)
    xTaskGetTickCount                        0x0800a04d   Thumb Code     6  tasks.o(i.xTaskGetTickCount)
    xTaskIncrementTick                       0x0800a059   Thumb Code   282  tasks.o(i.xTaskIncrementTick)
    xTaskPriorityDisinherit                  0x0800a1a1   Thumb Code   188  tasks.o(i.xTaskPriorityDisinherit)
    xTaskRemoveFromEventList                 0x0800a269   Thumb Code   128  tasks.o(i.xTaskRemoveFromEventList)
    xTaskResumeAll                           0x0800a301   Thumb Code   224  tasks.o(i.xTaskResumeAll)
    xTimerCreateTimerTask                    0x0800a405   Thumb Code   100  timers.o(i.xTimerCreateTimerTask)
    xTimerGenericCommand                     0x0800a47d   Thumb Code   126  timers.o(i.xTimerGenericCommand)
    AHBPrescTable                            0x0800a578   Data          16  system_stm32f1xx.o(.constdata)
    APBPrescTable                            0x0800a588   Data           8  system_stm32f1xx.o(.constdata)
    Region$$Table$$Base                      0x0800a5ac   Number         0  anon$$obj.o(Region$$Table)
    Region$$Table$$Limit                     0x0800a5cc   Number         0  anon$$obj.o(Region$$Table)
    BMP1                                     0x20000000   Data        1024  freertos.o(.data)
    BMP2                                     0x20000400   Data        1024  freertos.o(.data)
    torque                                   0x20000800   Data           2  freertos.o(.data)
    data                                     0x20000802   Data           8  freertos.o(.data)
    rxcnt                                    0x2000080a   Data           1  freertos.o(.data)
    can_get_flag                             0x2000080b   Data           1  freertos.o(.data)
    set_v                                    0x2000080c   Data           4  freertos.o(.data)
    turn_left                                0x20000810   Data           1  freertos.o(.data)
    turn_right                               0x20000811   Data           1  freertos.o(.data)
    go_straight                              0x20000812   Data           1  freertos.o(.data)
    front_infrafot_distanceL                 0x20000818   Data           8  freertos.o(.data)
    front_infrafot_distanceR                 0x20000820   Data           8  freertos.o(.data)
    left_infrafot_distance                   0x20000828   Data           8  freertos.o(.data)
    right_infrafot_distance                  0x20000830   Data           8  freertos.o(.data)
    front_dis_err                            0x20000838   Data           8  freertos.o(.data)
    outofstage                               0x20000840   Data           1  freertos.o(.data)
    v_push_box                               0x20000842   Data           2  freertos.o(.data)
    x                                        0x20000844   Data           1  freertos.o(.data)
    ADValue1                                 0x20000846   Data           2  freertos.o(.data)
    ADValue2                                 0x20000848   Data           2  freertos.o(.data)
    ADValue3                                 0x2000084a   Data           2  freertos.o(.data)
    ADValue4                                 0x2000084c   Data           2  freertos.o(.data)
    Voltage1                                 0x20000850   Data           4  freertos.o(.data)
    Voltage2                                 0x20000854   Data           4  freertos.o(.data)
    Voltage3                                 0x20000858   Data           4  freertos.o(.data)
    Voltage4                                 0x2000085c   Data           4  freertos.o(.data)
    L1                                       0x20000860   Data           4  freertos.o(.data)
    L2                                       0x20000864   Data           4  freertos.o(.data)
    L3                                       0x20000868   Data           4  freertos.o(.data)
    L4                                       0x2000086c   Data           4  freertos.o(.data)
    GD1                                      0x20000870   Data           2  freertos.o(.data)
    GD2                                      0x20000872   Data           2  freertos.o(.data)
    GD3                                      0x20000874   Data           2  freertos.o(.data)
    GD4                                      0x20000876   Data           2  freertos.o(.data)
    GD5                                      0x20000878   Data           2  freertos.o(.data)
    HD1                                      0x2000087a   Data           2  freertos.o(.data)
    HD2                                      0x2000087c   Data           2  freertos.o(.data)
    ticktime                                 0x20000880   Data           4  freertos.o(.data)
    spintime                                 0x20000884   Data           4  freertos.o(.data)
    long_time                                0x20000888   Data           2  freertos.o(.data)
    vel                                      0x2000088a   Data           2  freertos.o(.data)
    state                                    0x2000088c   Data           1  freertos.o(.data)
    state_change                             0x2000088d   Data           1  freertos.o(.data)
    time                                     0x20000890   Data           4  freertos.o(.data)
    defaultTaskHandle                        0x20000894   Data           4  freertos.o(.data)
    moveHandle                               0x20000898   Data           4  freertos.o(.data)
    pushBoxHandle                            0x2000089c   Data           4  freertos.o(.data)
    scanTaskHandle                           0x200008a0   Data           4  freertos.o(.data)
    openmvConnectHandle                      0x200008a4   Data           4  freertos.o(.data)
    tsetHandle                               0x200008a8   Data           4  freertos.o(.data)
    tickHandle                               0x200008ac   Data           4  freertos.o(.data)
    keyHandle                                0x200008b0   Data           4  freertos.o(.data)
    aRxBuffer                                0x200008bc   Data           1  usart.o(.data)
    Uart1_Rx_Cnt                             0x200008bd   Data           1  usart.o(.data)
    Uart3_Rx_Cnt                             0x200008be   Data           1  usart.o(.data)
    RxData                                   0x200008bf   Data           1  usart.o(.data)
    Serial_RxFlag                            0x200008c0   Data           1  usart.o(.data)
    tag_id                                   0x200008c4   Data           4  usart.o(.data)
    x_translation                            0x200008c8   Data           4  usart.o(.data)
    distance                                 0x200008cc   Data           4  usart.o(.data)
    Sign                                     0x200008d0   Data           4  usart.o(.data)
    uwTick                                   0x200008d8   Data           4  stm32f1xx_hal.o(.data)
    uwTickPrio                               0x200008dc   Data           4  stm32f1xx_hal.o(.data)
    uwTickFreq                               0x200008e0   Data           1  stm32f1xx_hal.o(.data)
    SystemCoreClock                          0x200008e4   Data           4  system_stm32f1xx.o(.data)
    pxCurrentTCB                             0x200008e8   Data           4  tasks.o(.data)
    ZGyroModuleAngle                         0x2000095c   Data           4  bsp_can.o(.data)
    moto_status                              0x20000960   Data           8  bsp_can.o(.data)
    rec_len                                  0x20000968   Data           1  bsp_can.o(.data)
    rec_id                                   0x2000096a   Data           2  bsp_can.o(.data)
    rec_buf                                  0x2000096c   Data           8  bsp_can.o(.data)
    __stdout                                 0x20000978   Data           4  stdout.o(.data)
    set_spd                                  0x2000097c   Data          16  freertos.o(.bss)
    text                                     0x2000098c   Data          20  freertos.o(.bss)
    hadc1                                    0x20001048   Data          48  adc.o(.bss)
    hadc3                                    0x20001078   Data          48  adc.o(.bss)
    hcan                                     0x200010a8   Data          40  can.o(.bss)
    hsram1                                   0x200010d0   Data          72  fsmc.o(.bss)
    hspi1                                    0x20001118   Data          88  spi.o(.bss)
    RxBuffer                                 0x20001170   Data         256  usart.o(.bss)
    bRxBuffer                                0x20001270   Data         256  usart.o(.bss)
    receive_data                             0x20001370   Data          13  usart.o(.bss)
    huart1                                   0x20001380   Data          72  usart.o(.bss)
    huart3                                   0x200013c8   Data          72  usart.o(.bss)
    htim1                                    0x20001410   Data          72  stm32f1xx_hal_timebase_tim.o(.bss)
    xQueueRegistry                           0x20001458   Data          64  queue.o(.bss)
    moto_chassis                             0x20005270   Data         176  bsp_can.o(.bss)
    moto_info                                0x20005320   Data          44  bsp_can.o(.bss)
    g_canx_txheader                          0x2000534c   Data          24  bsp_can.o(.bss)
    g_canx_rxheader                          0x20005364   Data          28  bsp_can.o(.bss)
    pid_omg                                  0x20005380   Data         108  pid.o(.bss)
    pid_pos                                  0x200053ec   Data         108  pid.o(.bss)
    pid_spd                                  0x20005458   Data         432  pid.o(.bss)
    pid_apriltag_x                           0x20005608   Data         108  pid.o(.bss)
    pid_apriltag_d                           0x20005674   Data         108  pid.o(.bss)
    g_sram_handle                            0x200056e0   Data          72  lcd.o(.bss)
    lcddev                                   0x20005728   Data          14  lcd.o(.bss)
    __initial_sp                             0x20005b38   Data           0  startup_stm32f103xe.o(STACK)



==============================================================================

Memory Map of the image

  Image Entry point : 0x08000131

  Load Region LR_IROM1 (Base: 0x08000000, Size: 0x0000af48, Max: 0x00080000, ABSOLUTE, COMPRESSED[0x0000a7e4])

    Execution Region ER_IROM1 (Exec base: 0x08000000, Load base: 0x08000000, Size: 0x0000a5cc, Max: 0x00080000, ABSOLUTE)

    Exec Addr    Load Addr    Size         Type   Attr      Idx    E Section Name        Object

    0x08000000   0x08000000   0x00000130   Data   RO            3    RESET               startup_stm32f103xe.o
    0x08000130   0x08000130   0x00000000   Code   RO         6268  * .ARM.Collect$$$$00000000  mc_w.l(entry.o)
    0x08000130   0x08000130   0x00000004   Code   RO         6601    .ARM.Collect$$$$00000001  mc_w.l(entry2.o)
    0x08000134   0x08000134   0x00000004   Code   RO         6604    .ARM.Collect$$$$00000004  mc_w.l(entry5.o)
    0x08000138   0x08000138   0x00000000   Code   RO         6606    .ARM.Collect$$$$00000008  mc_w.l(entry7b.o)
    0x08000138   0x08000138   0x00000000   Code   RO         6608    .ARM.Collect$$$$0000000A  mc_w.l(entry8b.o)
    0x08000138   0x08000138   0x00000008   Code   RO         6609    .ARM.Collect$$$$0000000B  mc_w.l(entry9a.o)
    0x08000140   0x08000140   0x00000000   Code   RO         6611    .ARM.Collect$$$$0000000D  mc_w.l(entry10a.o)
    0x08000140   0x08000140   0x00000000   Code   RO         6613    .ARM.Collect$$$$0000000F  mc_w.l(entry11a.o)
    0x08000140   0x08000140   0x00000004   Code   RO         6602    .ARM.Collect$$$$00002712  mc_w.l(entry2.o)
    0x08000144   0x08000144   0x00000096   Code   RO         5711    .emb_text           port.o
    0x080001da   0x080001da   0x00000002   PAD
    0x080001dc   0x080001dc   0x00000024   Code   RO            4    .text               startup_stm32f103xe.o
    0x08000200   0x08000200   0x00000020   Code   RO         6271    .text               mc_w.l(llushr.o)
    0x08000220   0x08000220   0x00000024   Code   RO         6273    .text               mc_w.l(memcpya.o)
    0x08000244   0x08000244   0x00000024   Code   RO         6277    .text               mc_w.l(memseta.o)
    0x08000268   0x08000268   0x000000b0   Code   RO         6542    .text               mf_w.l(fadd.o)
    0x08000318   0x08000318   0x00000064   Code   RO         6544    .text               mf_w.l(fmul.o)
    0x0800037c   0x0800037c   0x0000014e   Code   RO         6548    .text               mf_w.l(dadd.o)
    0x080004ca   0x080004ca   0x000000e4   Code   RO         6550    .text               mf_w.l(dmul.o)
    0x080005ae   0x080005ae   0x00000012   Code   RO         6552    .text               mf_w.l(fflti.o)
    0x080005c0   0x080005c0   0x0000000a   Code   RO         6554    .text               mf_w.l(ffltui.o)
    0x080005ca   0x080005ca   0x0000001a   Code   RO         6556    .text               mf_w.l(dfltui.o)
    0x080005e4   0x080005e4   0x00000032   Code   RO         6558    .text               mf_w.l(ffixi.o)
    0x08000616   0x08000616   0x00000032   Code   RO         6560    .text               mf_w.l(dfixui.o)
    0x08000648   0x08000648   0x00000030   Code   RO         6566    .text               mf_w.l(cdrcmple.o)
    0x08000678   0x08000678   0x00000014   Code   RO         6570    .text               mf_w.l(cfcmple.o)
    0x0800068c   0x0800068c   0x00000014   Code   RO         6572    .text               mf_w.l(cfrcmple.o)
    0x080006a0   0x080006a0   0x0000002c   Code   RO         6616    .text               mc_w.l(uidiv.o)
    0x080006cc   0x080006cc   0x00000062   Code   RO         6618    .text               mc_w.l(uldiv.o)
    0x0800072e   0x0800072e   0x0000001e   Code   RO         6620    .text               mc_w.l(llshl.o)
    0x0800074c   0x0800074c   0x00000024   Code   RO         6622    .text               mc_w.l(llsshr.o)
    0x08000770   0x08000770   0x00000000   Code   RO         6631    .text               mc_w.l(iusefp.o)
    0x08000770   0x08000770   0x0000006e   Code   RO         6632    .text               mf_w.l(fepilogue.o)
    0x080007de   0x080007de   0x000000ba   Code   RO         6634    .text               mf_w.l(depilogue.o)
    0x08000898   0x08000898   0x000000de   Code   RO         6636    .text               mf_w.l(ddiv.o)
    0x08000976   0x08000976   0x00000030   Code   RO         6642    .text               mf_w.l(dfixul.o)
    0x080009a6   0x080009a6   0x00000002   PAD
    0x080009a8   0x080009a8   0x00000024   Code   RO         6644    .text               mc_w.l(init.o)
    0x080009cc   0x080009cc   0x0000005e   Code   RO         6656    .text               mc_w.l(__dclz77c.o)
    0x08000a2a   0x08000a2a   0x00000002   PAD
    0x08000a2c   0x08000a2c   0x00000010   Code   RO          678    i.ADC1_2_IRQHandler  stm32f1xx_it.o
    0x08000a3c   0x08000a3c   0x00000010   Code   RO          679    i.ADC3_IRQHandler   stm32f1xx_it.o
    0x08000a4c   0x08000a4c   0x0000005c   Code   RO          877    i.ADC_ConversionStop_Disable  stm32f1xx_hal_adc.o
    0x08000aa8   0x08000aa8   0x00000090   Code   RO          881    i.ADC_Enable        stm32f1xx_hal_adc.o
    0x08000b38   0x08000b38   0x00000004   Code   RO          680    i.BusFault_Handler  stm32f1xx_it.o
    0x08000b3c   0x08000b3c   0x00000030   Code   RO         5791    i.CAN_Filter_Config  bsp_can.o
    0x08000b6c   0x08000b6c   0x00000002   Code   RO          681    i.DebugMon_Handler  stm32f1xx_it.o
    0x08000b6e   0x08000b6e   0x00000006   Code   RO           13    i.Error_Handler     main.o
    0x08000b74   0x08000b74   0x00000044   Code   RO         2403    i.FSMC_NORSRAM_Extended_Timing_Init  stm32f1xx_ll_fsmc.o
    0x08000bb8   0x08000bb8   0x00000078   Code   RO         2404    i.FSMC_NORSRAM_Init  stm32f1xx_ll_fsmc.o
    0x08000c30   0x08000c30   0x00000042   Code   RO         2405    i.FSMC_NORSRAM_Timing_Init  stm32f1xx_ll_fsmc.o
    0x08000c72   0x08000c72   0x00000002   PAD
    0x08000c74   0x08000c74   0x0000011c   Code   RO         1057    i.HAL_ADCEx_Calibration_Start  stm32f1xx_hal_adc_ex.o
    0x08000d90   0x08000d90   0x00000002   Code   RO         1059    i.HAL_ADCEx_InjectedConvCpltCallback  stm32f1xx_hal_adc_ex.o
    0x08000d92   0x08000d92   0x00000002   PAD
    0x08000d94   0x08000d94   0x00000160   Code   RO          883    i.HAL_ADC_ConfigChannel  stm32f1xx_hal_adc.o
    0x08000ef4   0x08000ef4   0x00000002   Code   RO          884    i.HAL_ADC_ConvCpltCallback  stm32f1xx_hal_adc.o
    0x08000ef6   0x08000ef6   0x00000112   Code   RO          891    i.HAL_ADC_IRQHandler  stm32f1xx_hal_adc.o
    0x08001008   0x08001008   0x00000160   Code   RO          892    i.HAL_ADC_Init      stm32f1xx_hal_adc.o
    0x08001168   0x08001168   0x00000002   Code   RO          893    i.HAL_ADC_LevelOutOfWindowCallback  stm32f1xx_hal_adc.o
    0x0800116a   0x0800116a   0x00000002   PAD
    0x0800116c   0x0800116c   0x000000e8   Code   RO          415    i.HAL_ADC_MspInit   adc.o
    0x08001254   0x08001254   0x0000002a   Code   RO         2162    i.HAL_CAN_ActivateNotification  stm32f1xx_hal_can.o
    0x0800127e   0x0800127e   0x0000014a   Code   RO         2163    i.HAL_CAN_AddTxMessage  stm32f1xx_hal_can.o
    0x080013c8   0x080013c8   0x0000010a   Code   RO         2164    i.HAL_CAN_ConfigFilter  stm32f1xx_hal_can.o
    0x080014d2   0x080014d2   0x00000002   Code   RO         2167    i.HAL_CAN_ErrorCallback  stm32f1xx_hal_can.o
    0x080014d4   0x080014d4   0x00000028   Code   RO         2169    i.HAL_CAN_GetRxFifoFillLevel  stm32f1xx_hal_can.o
    0x080014fc   0x080014fc   0x00000194   Code   RO         2170    i.HAL_CAN_GetRxMessage  stm32f1xx_hal_can.o
    0x08001690   0x08001690   0x0000024e   Code   RO         2174    i.HAL_CAN_IRQHandler  stm32f1xx_hal_can.o
    0x080018de   0x080018de   0x00000174   Code   RO         2175    i.HAL_CAN_Init      stm32f1xx_hal_can.o
    0x08001a52   0x08001a52   0x00000002   PAD
    0x08001a54   0x08001a54   0x00000098   Code   RO          469    i.HAL_CAN_MspInit   can.o
    0x08001aec   0x08001aec   0x00000002   Code   RO         2182    i.HAL_CAN_RxFifo0FullCallback  stm32f1xx_hal_can.o
    0x08001aee   0x08001aee   0x00000002   PAD
    0x08001af0   0x08001af0   0x000000c8   Code   RO         5792    i.HAL_CAN_RxFifo0MsgPendingCallback  bsp_can.o
    0x08001bb8   0x08001bb8   0x00000002   Code   RO         2184    i.HAL_CAN_RxFifo1FullCallback  stm32f1xx_hal_can.o
    0x08001bba   0x08001bba   0x00000002   Code   RO         2185    i.HAL_CAN_RxFifo1MsgPendingCallback  stm32f1xx_hal_can.o
    0x08001bbc   0x08001bbc   0x00000002   Code   RO         2186    i.HAL_CAN_SleepCallback  stm32f1xx_hal_can.o
    0x08001bbe   0x08001bbe   0x0000005e   Code   RO         2187    i.HAL_CAN_Start     stm32f1xx_hal_can.o
    0x08001c1c   0x08001c1c   0x00000002   Code   RO         2189    i.HAL_CAN_TxMailbox0AbortCallback  stm32f1xx_hal_can.o
    0x08001c1e   0x08001c1e   0x00000002   Code   RO         2190    i.HAL_CAN_TxMailbox0CompleteCallback  stm32f1xx_hal_can.o
    0x08001c20   0x08001c20   0x00000002   Code   RO         2191    i.HAL_CAN_TxMailbox1AbortCallback  stm32f1xx_hal_can.o
    0x08001c22   0x08001c22   0x00000002   Code   RO         2192    i.HAL_CAN_TxMailbox1CompleteCallback  stm32f1xx_hal_can.o
    0x08001c24   0x08001c24   0x00000002   Code   RO         2193    i.HAL_CAN_TxMailbox2AbortCallback  stm32f1xx_hal_can.o
    0x08001c26   0x08001c26   0x00000002   Code   RO         2194    i.HAL_CAN_TxMailbox2CompleteCallback  stm32f1xx_hal_can.o
    0x08001c28   0x08001c28   0x00000002   Code   RO         2196    i.HAL_CAN_WakeUpFromRxMsgCallback  stm32f1xx_hal_can.o
    0x08001c2a   0x08001c2a   0x00000056   Code   RO         1539    i.HAL_DMA_Abort     stm32f1xx_hal_dma.o
    0x08001c80   0x08001c80   0x000001a8   Code   RO         1540    i.HAL_DMA_Abort_IT  stm32f1xx_hal_dma.o
    0x08001e28   0x08001e28   0x00000028   Code   RO         1160    i.HAL_Delay         stm32f1xx_hal.o
    0x08001e50   0x08001e50   0x00000094   Code   RO          511    i.HAL_FSMC_MspInit  fsmc.o
    0x08001ee4   0x08001ee4   0x00000340   Code   RO         1475    i.HAL_GPIO_Init     stm32f1xx_hal_gpio.o
    0x08002224   0x08002224   0x0000000c   Code   RO         1479    i.HAL_GPIO_WritePin  stm32f1xx_hal_gpio.o
    0x08002230   0x08002230   0x0000000c   Code   RO         1164    i.HAL_GetTick       stm32f1xx_hal.o
    0x0800223c   0x0800223c   0x00000018   Code   RO         1170    i.HAL_IncTick       stm32f1xx_hal.o
    0x08002254   0x08002254   0x00000028   Code   RO         1171    i.HAL_Init          stm32f1xx_hal.o
    0x0800227c   0x0800227c   0x000000a0   Code   RO          802    i.HAL_InitTick      stm32f1xx_hal_timebase_tim.o
    0x0800231c   0x0800231c   0x00000060   Code   RO          778    i.HAL_MspInit       stm32f1xx_hal_msp.o
    0x0800237c   0x0800237c   0x00000020   Code   RO         1635    i.HAL_NVIC_EnableIRQ  stm32f1xx_hal_cortex.o
    0x0800239c   0x0800239c   0x0000007c   Code   RO         1641    i.HAL_NVIC_SetPriority  stm32f1xx_hal_cortex.o
    0x08002418   0x08002418   0x00000028   Code   RO         1642    i.HAL_NVIC_SetPriorityGrouping  stm32f1xx_hal_cortex.o
    0x08002440   0x08002440   0x00000118   Code   RO         1436    i.HAL_RCCEx_GetPeriphCLKFreq  stm32f1xx_hal_rcc_ex.o
    0x08002558   0x08002558   0x00000130   Code   RO         1437    i.HAL_RCCEx_PeriphCLKConfig  stm32f1xx_hal_rcc_ex.o
    0x08002688   0x08002688   0x0000018c   Code   RO         1328    i.HAL_RCC_ClockConfig  stm32f1xx_hal_rcc.o
    0x08002814   0x08002814   0x00000044   Code   RO         1332    i.HAL_RCC_GetClockConfig  stm32f1xx_hal_rcc.o
    0x08002858   0x08002858   0x0000000c   Code   RO         1333    i.HAL_RCC_GetHCLKFreq  stm32f1xx_hal_rcc.o
    0x08002864   0x08002864   0x00000020   Code   RO         1335    i.HAL_RCC_GetPCLK1Freq  stm32f1xx_hal_rcc.o
    0x08002884   0x08002884   0x00000020   Code   RO         1336    i.HAL_RCC_GetPCLK2Freq  stm32f1xx_hal_rcc.o
    0x080028a4   0x080028a4   0x00000070   Code   RO         1337    i.HAL_RCC_GetSysClockFreq  stm32f1xx_hal_rcc.o
    0x08002914   0x08002914   0x00000464   Code   RO         1340    i.HAL_RCC_OscConfig  stm32f1xx_hal_rcc.o
    0x08002d78   0x08002d78   0x00000002   Code   RO         2663    i.HAL_SPI_ErrorCallback  stm32f1xx_hal_spi.o
    0x08002d7a   0x08002d7a   0x00000002   PAD
    0x08002d7c   0x08002d7c   0x00000134   Code   RO         2666    i.HAL_SPI_IRQHandler  stm32f1xx_hal_spi.o
    0x08002eb0   0x08002eb0   0x000000be   Code   RO         2667    i.HAL_SPI_Init      stm32f1xx_hal_spi.o
    0x08002f6e   0x08002f6e   0x00000002   PAD
    0x08002f70   0x08002f70   0x00000084   Code   RO          564    i.HAL_SPI_MspInit   spi.o
    0x08002ff4   0x08002ff4   0x00000066   Code   RO         2525    i.HAL_SRAM_Init     stm32f1xx_hal_sram.o
    0x0800305a   0x0800305a   0x0000000a   Code   RO          513    i.HAL_SRAM_MspInit  fsmc.o
    0x08003064   0x08003064   0x00000002   Code   RO         3695    i.HAL_TIMEx_BreakCallback  stm32f1xx_hal_tim_ex.o
    0x08003066   0x08003066   0x00000002   Code   RO         3696    i.HAL_TIMEx_CommutCallback  stm32f1xx_hal_tim_ex.o
    0x08003068   0x08003068   0x00000066   Code   RO         2980    i.HAL_TIM_Base_Init  stm32f1xx_hal_tim.o
    0x080030ce   0x080030ce   0x00000002   Code   RO         2982    i.HAL_TIM_Base_MspInit  stm32f1xx_hal_tim.o
    0x080030d0   0x080030d0   0x00000090   Code   RO         2985    i.HAL_TIM_Base_Start_IT  stm32f1xx_hal_tim.o
    0x08003160   0x08003160   0x00000002   Code   RO         3014    i.HAL_TIM_IC_CaptureCallback  stm32f1xx_hal_tim.o
    0x08003162   0x08003162   0x00000196   Code   RO         3028    i.HAL_TIM_IRQHandler  stm32f1xx_hal_tim.o
    0x080032f8   0x080032f8   0x00000002   Code   RO         3031    i.HAL_TIM_OC_DelayElapsedCallback  stm32f1xx_hal_tim.o
    0x080032fa   0x080032fa   0x00000002   Code   RO         3058    i.HAL_TIM_PWM_PulseFinishedCallback  stm32f1xx_hal_tim.o
    0x080032fc   0x080032fc   0x00000018   Code   RO           14    i.HAL_TIM_PeriodElapsedCallback  main.o
    0x08003314   0x08003314   0x00000002   Code   RO         3071    i.HAL_TIM_TriggerCallback  stm32f1xx_hal_tim.o
    0x08003316   0x08003316   0x00000002   Code   RO         3974    i.HAL_UARTEx_RxEventCallback  stm32f1xx_hal_uart.o
    0x08003318   0x08003318   0x00000002   Code   RO         3988    i.HAL_UART_ErrorCallback  stm32f1xx_hal_uart.o
    0x0800331a   0x0800331a   0x00000014   Code   RO         3990    i.HAL_UART_GetState  stm32f1xx_hal_uart.o
    0x0800332e   0x0800332e   0x00000002   PAD
    0x08003330   0x08003330   0x000002e4   Code   RO         3991    i.HAL_UART_IRQHandler  stm32f1xx_hal_uart.o
    0x08003614   0x08003614   0x00000076   Code   RO         3992    i.HAL_UART_Init     stm32f1xx_hal_uart.o
    0x0800368a   0x0800368a   0x00000002   PAD
    0x0800368c   0x0800368c   0x00000118   Code   RO          606    i.HAL_UART_MspInit  usart.o
    0x080037a4   0x080037a4   0x0000002c   Code   RO         3997    i.HAL_UART_Receive_IT  stm32f1xx_hal_uart.o
    0x080037d0   0x080037d0   0x000001fc   Code   RO          607    i.HAL_UART_RxCpltCallback  usart.o
    0x080039cc   0x080039cc   0x000000b2   Code   RO         4000    i.HAL_UART_Transmit  stm32f1xx_hal_uart.o
    0x08003a7e   0x08003a7e   0x00000002   Code   RO         4003    i.HAL_UART_TxCpltCallback  stm32f1xx_hal_uart.o
    0x08003a80   0x08003a80   0x00000004   Code   RO          682    i.HardFault_Handler  stm32f1xx_it.o
    0x08003a84   0x08003a84   0x00000098   Code   RO          416    i.MX_ADC1_Init      adc.o
    0x08003b1c   0x08003b1c   0x00000074   Code   RO          417    i.MX_ADC3_Init      adc.o
    0x08003b90   0x08003b90   0x00000044   Code   RO          470    i.MX_CAN_Init       can.o
    0x08003bd4   0x08003bd4   0x00000060   Code   RO          254    i.MX_FREERTOS_Init  freertos.o
    0x08003c34   0x08003c34   0x000000b4   Code   RO          514    i.MX_FSMC_Init      fsmc.o
    0x08003ce8   0x08003ce8   0x00000138   Code   RO          229    i.MX_GPIO_Init      gpio.o
    0x08003e20   0x08003e20   0x00000044   Code   RO          565    i.MX_SPI1_Init      spi.o
    0x08003e64   0x08003e64   0x00000038   Code   RO          608    i.MX_USART1_UART_Init  usart.o
    0x08003e9c   0x08003e9c   0x00000038   Code   RO          609    i.MX_USART3_UART_Init  usart.o
    0x08003ed4   0x08003ed4   0x00000004   Code   RO          683    i.MemManage_Handler  stm32f1xx_it.o
    0x08003ed8   0x08003ed8   0x000001a4   Code   RO          255    i.MoveTask          freertos.o
    0x0800407c   0x0800407c   0x00000004   Code   RO          684    i.NMI_Handler       stm32f1xx_it.o
    0x08004080   0x08004080   0x0000003c   Code   RO         5869    i.PID_struct_init   pid.o
    0x080040bc   0x080040bc   0x00000028   Code   RO         1341    i.RCC_Delay         stm32f1xx_hal_rcc.o
    0x080040e4   0x080040e4   0x00000010   Code   RO          685    i.SPI1_IRQHandler   stm32f1xx_it.o
    0x080040f4   0x080040f4   0x00000014   Code   RO         2694    i.SPI_DMAAbortOnError  stm32f1xx_hal_spi.o
    0x08004108   0x08004108   0x000000c4   Code   RO          259    i.StartDefaultTask  freertos.o
    0x080041cc   0x080041cc   0x00000034   Code   RO         5712    i.SysTick_Handler   port.o
    0x08004200   0x08004200   0x00000082   Code   RO           15    i.SystemClock_Config  main.o
    0x08004282   0x08004282   0x00000002   Code   RO         4336    i.SystemInit        system_stm32f1xx.o
    0x08004284   0x08004284   0x00000010   Code   RO          686    i.TIM1_UP_IRQHandler  stm32f1xx_it.o
    0x08004294   0x08004294   0x0000009c   Code   RO         3073    i.TIM_Base_SetConfig  stm32f1xx_hal_tim.o
    0x08004330   0x08004330   0x0000000a   Code   RO          260    i.Test              freertos.o
    0x0800433a   0x0800433a   0x00000014   Code   RO         4005    i.UART_DMAAbortOnError  stm32f1xx_hal_uart.o
    0x0800434e   0x0800434e   0x0000006c   Code   RO         4015    i.UART_EndRxTransfer  stm32f1xx_hal_uart.o
    0x080043ba   0x080043ba   0x00000020   Code   RO         4016    i.UART_EndTransmit_IT  stm32f1xx_hal_uart.o
    0x080043da   0x080043da   0x000000fc   Code   RO         4018    i.UART_Receive_IT   stm32f1xx_hal_uart.o
    0x080044d6   0x080044d6   0x00000002   PAD
    0x080044d8   0x080044d8   0x000000fc   Code   RO         4019    i.UART_SetConfig    stm32f1xx_hal_uart.o
    0x080045d4   0x080045d4   0x00000040   Code   RO         4021    i.UART_Start_Receive_IT  stm32f1xx_hal_uart.o
    0x08004614   0x08004614   0x00000060   Code   RO         4022    i.UART_Transmit_IT  stm32f1xx_hal_uart.o
    0x08004674   0x08004674   0x00000092   Code   RO         4023    i.UART_WaitOnFlagUntilTimeout  stm32f1xx_hal_uart.o
    0x08004706   0x08004706   0x00000002   PAD
    0x08004708   0x08004708   0x00000010   Code   RO          687    i.USART1_IRQHandler  stm32f1xx_it.o
    0x08004718   0x08004718   0x00000010   Code   RO          688    i.USART3_IRQHandler  stm32f1xx_it.o
    0x08004728   0x08004728   0x00000010   Code   RO          689    i.USB_LP_CAN1_RX0_IRQHandler  stm32f1xx_it.o
    0x08004738   0x08004738   0x00000004   Code   RO          690    i.UsageFault_Handler  stm32f1xx_it.o
    0x0800473c   0x0800473c   0x00000020   Code   RO         6514    i.__0printf         mc_w.l(printfa.o)
    0x0800475c   0x0800475c   0x00000010   Code   RO         1648    i.__NVIC_GetPriorityGrouping  stm32f1xx_hal_cortex.o
    0x0800476c   0x0800476c   0x00000028   Code   RO         1649    i.__NVIC_SetPriority  stm32f1xx_hal_cortex.o
    0x08004794   0x08004794   0x0000000e   Code   RO         6650    i.__scatterload_copy  mc_w.l(handlers.o)
    0x080047a2   0x080047a2   0x00000002   Code   RO         6651    i.__scatterload_null  mc_w.l(handlers.o)
    0x080047a4   0x080047a4   0x0000000e   Code   RO         6652    i.__scatterload_zeroinit  mc_w.l(handlers.o)
    0x080047b2   0x080047b2   0x00000002   PAD
    0x080047b4   0x080047b4   0x00000184   Code   RO         6521    i._fp_digits        mc_w.l(printfa.o)
    0x08004938   0x08004938   0x000006dc   Code   RO         6522    i._printf_core      mc_w.l(printfa.o)
    0x08005014   0x08005014   0x00000024   Code   RO         6523    i._printf_post_padding  mc_w.l(printfa.o)
    0x08005038   0x08005038   0x0000002e   Code   RO         6524    i._printf_pre_padding  mc_w.l(printfa.o)
    0x08005066   0x08005066   0x00000028   Code   RO         5870    i.abs_limit         pid.o
    0x0800508e   0x0800508e   0x00000002   PAD
    0x08005090   0x08005090   0x00000038   Code   RO         5793    i.can_receive       bsp_can.o
    0x080050c8   0x080050c8   0x00000018   Code   RO          262    i.forward           freertos.o
    0x080050e0   0x080050e0   0x0000001c   Code   RO          612    i.fputc             usart.o
    0x080050fc   0x080050fc   0x00000080   Code   RO         5795    i.get_moto_measure  bsp_can.o
    0x0800517c   0x0800517c   0x00000018   Code   RO         5796    i.get_moto_offset   bsp_can.o
    0x08005194   0x08005194   0x00000034   Code   RO         5934    i.lcd_clear         lcd.o
    0x080051c8   0x080051c8   0x0000016c   Code   RO         5936    i.lcd_display_dir   lcd.o
    0x08005334   0x08005334   0x0000022c   Code   RO         5944    i.lcd_ex_ili9341_reginit  lcd.o
    0x08005560   0x08005560   0x00000340   Code   RO         5945    i.lcd_ex_ili9806_reginit  lcd.o
    0x080058a0   0x080058a0   0x00000ef2   Code   RO         5946    i.lcd_ex_nt35310_reginit  lcd.o
    0x08006792   0x08006792   0x00000efc   Code   RO         5947    i.lcd_ex_nt35510_reginit  lcd.o
    0x0800768e   0x0800768e   0x0000016e   Code   RO         5948    i.lcd_ex_ssd1963_reginit  lcd.o
    0x080077fc   0x080077fc   0x000001a8   Code   RO         5949    i.lcd_ex_st7789_reginit  lcd.o
    0x080079a4   0x080079a4   0x000001c6   Code   RO         5950    i.lcd_ex_st7796_reginit  lcd.o
    0x08007b6a   0x08007b6a   0x00000002   PAD
    0x08007b6c   0x08007b6c   0x00000454   Code   RO         5953    i.lcd_init          lcd.o
    0x08007fc0   0x08007fc0   0x0000000c   Code   RO         5954    i.lcd_opt_delay     lcd.o
    0x08007fcc   0x08007fcc   0x00000018   Code   RO         5956    i.lcd_rd_data       lcd.o
    0x08007fe4   0x08007fe4   0x0000023c   Code   RO         5958    i.lcd_scan_dir      lcd.o
    0x08008220   0x08008220   0x00000120   Code   RO         5959    i.lcd_set_cursor    lcd.o
    0x08008340   0x08008340   0x00000054   Code   RO         5965    i.lcd_ssd_backlight_set  lcd.o
    0x08008394   0x08008394   0x00000018   Code   RO         5966    i.lcd_wr_data       lcd.o
    0x080083ac   0x080083ac   0x00000018   Code   RO         5967    i.lcd_wr_regno      lcd.o
    0x080083c4   0x080083c4   0x00000014   Code   RO         5968    i.lcd_write_ram_prepare  lcd.o
    0x080083d8   0x080083d8   0x00000010   Code   RO         5969    i.lcd_write_reg     lcd.o
    0x080083e8   0x080083e8   0x00000048   Code   RO           16    i.main              main.o
    0x08008430   0x08008430   0x0000000e   Code   RO         5295    i.makeFreeRtosPriority  cmsis_os.o
    0x0800843e   0x0800843e   0x00000018   Code   RO         5297    i.osDelay           cmsis_os.o
    0x08008456   0x08008456   0x0000000a   Code   RO         5300    i.osKernelStart     cmsis_os.o
    0x08008460   0x08008460   0x0000005e   Code   RO         5334    i.osThreadCreate    cmsis_os.o
    0x080084be   0x080084be   0x00000192   Code   RO         5871    i.pid_calc          pid.o
    0x08008650   0x08008650   0x00000014   Code   RO         5872    i.pid_param_init    pid.o
    0x08008664   0x08008664   0x00000008   Code   RO         5873    i.pid_reset         pid.o
    0x0800866c   0x0800866c   0x00000098   Code   RO         4844    i.prvAddCurrentTaskToDelayedList  tasks.o
    0x08008704   0x08008704   0x000000b4   Code   RO         4845    i.prvAddNewTaskToReadyList  tasks.o
    0x080087b8   0x080087b8   0x00000074   Code   RO         5154    i.prvCheckForValidListAndQueue  timers.o
    0x0800882c   0x0800882c   0x00000048   Code   RO         4846    i.prvCheckTasksWaitingTermination  tasks.o
    0x08008874   0x08008874   0x0000002a   Code   RO         4513    i.prvCopyDataFromQueue  queue.o
    0x0800889e   0x0800889e   0x0000007c   Code   RO         4514    i.prvCopyDataToQueue  queue.o
    0x0800891a   0x0800891a   0x00000050   Code   RO         4847    i.prvDeleteTCB      tasks.o
    0x0800896a   0x0800896a   0x00000002   PAD
    0x0800896c   0x0800896c   0x00000028   Code   RO         5155    i.prvGetNextExpireTime  timers.o
    0x08008994   0x08008994   0x0000007c   Code   RO         5662    i.prvHeapInit       heap_4.o
    0x08008a10   0x08008a10   0x00000028   Code   RO         4848    i.prvIdleTask       tasks.o
    0x08008a38   0x08008a38   0x00000026   Code   RO         4517    i.prvInitialiseNewQueue  queue.o
    0x08008a5e   0x08008a5e   0x000000aa   Code   RO         4849    i.prvInitialiseNewTask  tasks.o
    0x08008b08   0x08008b08   0x00000068   Code   RO         4850    i.prvInitialiseTaskLists  tasks.o
    0x08008b70   0x08008b70   0x00000068   Code   RO         5663    i.prvInsertBlockIntoFreeList  heap_4.o
    0x08008bd8   0x08008bd8   0x00000058   Code   RO         5157    i.prvInsertTimerInActiveList  timers.o
    0x08008c30   0x08008c30   0x0000001a   Code   RO         4518    i.prvIsQueueEmpty   queue.o
    0x08008c4a   0x08008c4a   0x0000001e   Code   RO         4519    i.prvIsQueueFull    queue.o
    0x08008c68   0x08008c68   0x00000064   Code   RO         5158    i.prvProcessExpiredTimer  timers.o
    0x08008ccc   0x08008ccc   0x000000fc   Code   RO         5159    i.prvProcessReceivedCommands  timers.o
    0x08008dc8   0x08008dc8   0x00000074   Code   RO         5160    i.prvProcessTimerOrBlockTask  timers.o
    0x08008e3c   0x08008e3c   0x00000034   Code   RO         4851    i.prvResetNextTaskUnblockTime  tasks.o
    0x08008e70   0x08008e70   0x0000002c   Code   RO         5161    i.prvSampleTimeNow  timers.o
    0x08008e9c   0x08008e9c   0x000000a0   Code   RO         5162    i.prvSwitchTimerLists  timers.o
    0x08008f3c   0x08008f3c   0x00000040   Code   RO         5713    i.prvTaskExitError  port.o
    0x08008f7c   0x08008f7c   0x0000001a   Code   RO         5163    i.prvTimerTask      timers.o
    0x08008f96   0x08008f96   0x0000007e   Code   RO         4520    i.prvUnlockQueue    queue.o
    0x08009014   0x08009014   0x0000013c   Code   RO         5664    i.pvPortMalloc      heap_4.o
    0x08009150   0x08009150   0x00000024   Code   RO         5714    i.pxPortInitialiseStack  port.o
    0x08009174   0x08009174   0x00000058   Code   RO         5798    i.set_moto_current  bsp_can.o
    0x080091cc   0x080091cc   0x00000028   Code   RO         4473    i.uxListRemove      list.o
    0x080091f4   0x080091f4   0x00000018   Code   RO          265    i.vApplicationGetIdleTaskMemory  freertos.o
    0x0800920c   0x0800920c   0x00000018   Code   RO          266    i.vApplicationGetTimerTaskMemory  freertos.o
    0x08009224   0x08009224   0x0000001a   Code   RO         4474    i.vListInitialise   list.o
    0x0800923e   0x0800923e   0x00000006   Code   RO         4475    i.vListInitialiseItem  list.o
    0x08009244   0x08009244   0x00000034   Code   RO         4476    i.vListInsert       list.o
    0x08009278   0x08009278   0x00000018   Code   RO         4477    i.vListInsertEnd    list.o
    0x08009290   0x08009290   0x00000054   Code   RO         5716    i.vPortEnterCritical  port.o
    0x080092e4   0x080092e4   0x0000003c   Code   RO         5717    i.vPortExitCritical  port.o
    0x08009320   0x08009320   0x00000094   Code   RO         5665    i.vPortFree         heap_4.o
    0x080093b4   0x080093b4   0x00000028   Code   RO         5718    i.vPortSetupTimerInterrupt  port.o
    0x080093dc   0x080093dc   0x00000078   Code   RO         5719    i.vPortValidateInterruptPriority  port.o
    0x08009454   0x08009454   0x0000002c   Code   RO         4524    i.vQueueAddToRegistry  queue.o
    0x08009480   0x08009480   0x0000004a   Code   RO         4527    i.vQueueWaitForMessageRestricted  queue.o
    0x080094ca   0x080094ca   0x00000002   PAD
    0x080094cc   0x080094cc   0x0000005c   Code   RO         4859    i.vTaskDelay        tasks.o
    0x08009528   0x08009528   0x000000f4   Code   RO         4860    i.vTaskDelete       tasks.o
    0x0800961c   0x0800961c   0x00000018   Code   RO         4862    i.vTaskInternalSetTimeOutState  tasks.o
    0x08009634   0x08009634   0x0000000c   Code   RO         4863    i.vTaskMissedYield  tasks.o
    0x08009640   0x08009640   0x00000038   Code   RO         4865    i.vTaskPlaceOnEventList  tasks.o
    0x08009678   0x08009678   0x00000040   Code   RO         4866    i.vTaskPlaceOnEventListRestricted  tasks.o
    0x080096b8   0x080096b8   0x000000b8   Code   RO         4873    i.vTaskStartScheduler  tasks.o
    0x08009770   0x08009770   0x00000010   Code   RO         4875    i.vTaskSuspendAll   tasks.o
    0x08009780   0x08009780   0x0000008c   Code   RO         4876    i.vTaskSwitchContext  tasks.o
    0x0800980c   0x0800980c   0x000000f8   Code   RO         5720    i.xPortStartScheduler  port.o
    0x08009904   0x08009904   0x000000de   Code   RO         4531    i.xQueueGenericCreateStatic  queue.o
    0x080099e2   0x080099e2   0x00000002   PAD
    0x080099e4   0x080099e4   0x00000098   Code   RO         4532    i.xQueueGenericReset  queue.o
    0x08009a7c   0x08009a7c   0x000001a8   Code   RO         4533    i.xQueueGenericSend  queue.o
    0x08009c24   0x08009c24   0x000000f8   Code   RO         4534    i.xQueueGenericSendFromISR  queue.o
    0x08009d1c   0x08009d1c   0x00000168   Code   RO         4540    i.xQueueReceive     queue.o
    0x08009e84   0x08009e84   0x0000008c   Code   RO         4877    i.xTaskCheckForTimeOut  tasks.o
    0x08009f10   0x08009f10   0x00000064   Code   RO         4878    i.xTaskCreate       tasks.o
    0x08009f74   0x08009f74   0x000000b8   Code   RO         4879    i.xTaskCreateStatic  tasks.o
    0x0800a02c   0x0800a02c   0x00000020   Code   RO         4883    i.xTaskGetSchedulerState  tasks.o
    0x0800a04c   0x0800a04c   0x0000000c   Code   RO         4884    i.xTaskGetTickCount  tasks.o
    0x0800a058   0x0800a058   0x00000148   Code   RO         4886    i.xTaskIncrementTick  tasks.o
    0x0800a1a0   0x0800a1a0   0x000000c8   Code   RO         4889    i.xTaskPriorityDisinherit  tasks.o
    0x0800a268   0x0800a268   0x00000098   Code   RO         4891    i.xTaskRemoveFromEventList  tasks.o
    0x0800a300   0x0800a300   0x00000104   Code   RO         4892    i.xTaskResumeAll    tasks.o
    0x0800a404   0x0800a404   0x00000078   Code   RO         5168    i.xTimerCreateTimerTask  timers.o
    0x0800a47c   0x0800a47c   0x00000084   Code   RO         5169    i.xTimerGenericCommand  timers.o
    0x0800a500   0x0800a500   0x00000054   Data   RO          268    .constdata          freertos.o
    0x0800a554   0x0800a554   0x00000012   Data   RO         1342    .constdata          stm32f1xx_hal_rcc.o
    0x0800a566   0x0800a566   0x00000012   Data   RO         1438    .constdata          stm32f1xx_hal_rcc_ex.o
    0x0800a578   0x0800a578   0x00000018   Data   RO         4337    .constdata          system_stm32f1xx.o
    0x0800a590   0x0800a590   0x00000019   Data   RO          269    .conststring        freertos.o
    0x0800a5a9   0x0800a5a9   0x00000003   PAD
    0x0800a5ac   0x0800a5ac   0x00000020   Data   RO         6648    Region$$Table       anon$$obj.o


    Execution Region RW_IRAM1 (Exec base: 0x20000000, Load base: 0x0800a5cc, Size: 0x00005b38, Max: 0x00010000, ABSOLUTE, COMPRESSED[0x00000218])

    Exec Addr    Load Addr    Size         Type   Attr      Idx    E Section Name        Object

    0x20000000   COMPRESSED   0x000008b4   Data   RW          270    .data               freertos.o
    0x200008b4   COMPRESSED   0x00000008   Data   RW          516    .data               fsmc.o
    0x200008bc   COMPRESSED   0x0000001a   Data   RW          614    .data               usart.o
    0x200008d6   COMPRESSED   0x00000002   PAD
    0x200008d8   COMPRESSED   0x00000009   Data   RW         1178    .data               stm32f1xx_hal.o
    0x200008e1   COMPRESSED   0x00000003   PAD
    0x200008e4   COMPRESSED   0x00000004   Data   RW         4338    .data               system_stm32f1xx.o
    0x200008e8   COMPRESSED   0x0000003c   Data   RW         4895    .data               tasks.o
    0x20000924   COMPRESSED   0x00000014   Data   RW         5175    .data               timers.o
    0x20000938   COMPRESSED   0x00000018   Data   RW         5670    .data               heap_4.o
    0x20000950   COMPRESSED   0x0000000c   Data   RW         5721    .data               port.o
    0x2000095c   COMPRESSED   0x00000019   Data   RW         5800    .data               bsp_can.o
    0x20000975   COMPRESSED   0x00000003   PAD
    0x20000978   COMPRESSED   0x00000004   Data   RW         6615    .data               mc_w.l(stdout.o)
    0x2000097c        -       0x000006cc   Zero   RW          267    .bss                freertos.o
    0x20001048        -       0x00000060   Zero   RW          419    .bss                adc.o
    0x200010a8        -       0x00000028   Zero   RW          471    .bss                can.o
    0x200010d0        -       0x00000048   Zero   RW          515    .bss                fsmc.o
    0x20001118        -       0x00000058   Zero   RW          566    .bss                spi.o
    0x20001170        -       0x000002a0   Zero   RW          613    .bss                usart.o
    0x20001410        -       0x00000048   Zero   RW          805    .bss                stm32f1xx_hal_timebase_tim.o
    0x20001458        -       0x00000040   Zero   RW         4543    .bss                queue.o
    0x20001498        -       0x000000f0   Zero   RW         4894    .bss                tasks.o
    0x20001588        -       0x000000e8   Zero   RW         5174    .bss                timers.o
    0x20001670        -       0x00003c00   Zero   RW         5669    .bss                heap_4.o
    0x20005270        -       0x00000110   Zero   RW         5799    .bss                bsp_can.o
    0x20005380        -       0x00000360   Zero   RW         5876    .bss                pid.o
    0x200056e0        -       0x00000056   Zero   RW         5970    .bss                lcd.o
    0x20005736   COMPRESSED   0x00000002   PAD
    0x20005738        -       0x00000400   Zero   RW            1    STACK               startup_stm32f103xe.o


==============================================================================

Image component sizes


      Code (inc. data)   RO Data    RW Data    ZI Data      Debug   Object Name

       500         42          0          0         96       2386   adc.o
       544         70          0         25        272       6685   bsp_can.o
       220         24          0          0         40       1635   can.o
       142          0          0          0          0      22055   cmsis_os.o
         0          0          0          0          0      18164   event_groups.o
       794        174        109       2228       1740      10200   freertos.o
       338         32          0          8         72       2279   fsmc.o
       312         18          0          0          0       1087   gpio.o
       692         62          0         24      15360       4663   heap_4.o
     12882        116          0          0         86      19853   lcd.o
       148          0          0          0          0       3414   list.o
       232         14          0          0          0     572092   main.o
       530         10          0          0        864       5182   pid.o
       854         78          0         12          0      11245   port.o
      1910         20          0          0         64      14212   queue.o
       200         22          0          0         88       1621   spi.o
        36          8        304          0       1024        804   startup_stm32f103xe.o
       116         24          0          9          0       5850   stm32f1xx_hal.o
      1218         36          0          0          0       5856   stm32f1xx_hal_adc.o
       286          6          0          0          0       2027   stm32f1xx_hal_adc_ex.o
      2162          0          0          0          0      14424   stm32f1xx_hal_can.o
       252         22          0          0          0      28666   stm32f1xx_hal_cortex.o
       510         10          0          0          0       1891   stm32f1xx_hal_dma.o
       844         40          0          0          0       2688   stm32f1xx_hal_gpio.o
        96         10          0          0          0        894   stm32f1xx_hal_msp.o
      1816        108         18          0          0       6581   stm32f1xx_hal_rcc.o
       584         34         18          0          0       2389   stm32f1xx_hal_rcc_ex.o
       520          4          0          0          0       3208   stm32f1xx_hal_spi.o
       102          0          0          0          0       1208   stm32f1xx_hal_sram.o
       818         44          0          0          0       6186   stm32f1xx_hal_tim.o
         4          0          0          0          0       1545   stm32f1xx_hal_tim_ex.o
       160         22          0          0         72       1427   stm32f1xx_hal_timebase_tim.o
      2076          8          0          0          0      12644   stm32f1xx_hal_uart.o
       134         42          0          0          0       5859   stm32f1xx_it.o
       254         10          0          0          0       3819   stm32f1xx_ll_fsmc.o
         0          0          0          0          0        392   stream_buffer.o
         2          0         24          4          0       1119   system_stm32f1xx.o
      3090        390          0         60        240      24460   tasks.o
      1194        126          0         20        232      26855   timers.o
       928        112          0         26        672       4165   usart.o

    ----------------------------------------------------------------------
     37534       1738        508       2424      20924     861730   Object Totals
         0          0         32          0          0          0   (incl. Generated)
        34          0          3          8          2          0   (incl. Padding)

    ----------------------------------------------------------------------

      Code (inc. data)   RO Data    RW Data    ZI Data      Debug   Library Member Name

        94          0          0          0          0          0   __dclz77c.o
         0          0          0          0          0          0   entry.o
         0          0          0          0          0          0   entry10a.o
         0          0          0          0          0          0   entry11a.o
         8          4          0          0          0          0   entry2.o
         4          0          0          0          0          0   entry5.o
         0          0          0          0          0          0   entry7b.o
         0          0          0          0          0          0   entry8b.o
         8          4          0          0          0          0   entry9a.o
        30          0          0          0          0          0   handlers.o
        36          8          0          0          0         68   init.o
         0          0          0          0          0          0   iusefp.o
        30          0          0          0          0         68   llshl.o
        36          0          0          0          0         68   llsshr.o
        32          0          0          0          0         68   llushr.o
        36          0          0          0          0         68   memcpya.o
        36          0          0          0          0        108   memseta.o
      2258         90          0          0          0        452   printfa.o
         0          0          0          4          0          0   stdout.o
        44          0          0          0          0         80   uidiv.o
        98          0          0          0          0         92   uldiv.o
        48          0          0          0          0         68   cdrcmple.o
        20          0          0          0          0         68   cfcmple.o
        20          0          0          0          0         68   cfrcmple.o
       334          0          0          0          0        148   dadd.o
       222          0          0          0          0        100   ddiv.o
       186          0          0          0          0        176   depilogue.o
        50          0          0          0          0         76   dfixui.o
        48          0          0          0          0         68   dfixul.o
        26          0          0          0          0         76   dfltui.o
       228          0          0          0          0         96   dmul.o
       176          0          0          0          0        140   fadd.o
       110          0          0          0          0        168   fepilogue.o
        50          0          0          0          0         68   ffixi.o
        18          0          0          0          0         68   fflti.o
        10          0          0          0          0         68   ffltui.o
       100          0          0          0          0         76   fmul.o

    ----------------------------------------------------------------------
      4402        106          0          4          0       2604   Library Totals
         6          0          0          0          0          0   (incl. Padding)

    ----------------------------------------------------------------------

      Code (inc. data)   RO Data    RW Data    ZI Data      Debug   Library Name

      2750        106          0          4          0       1072   mc_w.l
      1646          0          0          0          0       1532   mf_w.l

    ----------------------------------------------------------------------
      4402        106          0          4          0       2604   Library Totals

    ----------------------------------------------------------------------

==============================================================================


      Code (inc. data)   RO Data    RW Data    ZI Data      Debug   

     41936       1844        508       2428      20924     851410   Grand Totals
     41936       1844        508        536      20924     851410   ELF Image Totals (compressed)
     41936       1844        508        536          0          0   ROM Totals

==============================================================================

    Total RO  Size (Code + RO Data)                42444 (  41.45kB)
    Total RW  Size (RW Data + ZI Data)             23352 (  22.80kB)
    Total ROM Size (Code + RO Data + RW Data)      42980 (  41.97kB)

==============================================================================

